Archive member included to satisfy reference by file (symbol)

e:/eclipse/plugins/fr.ac6.mcu.externaltools.arm-none.win32_1.7.0.201602121829/tools/compiler/bin/../lib/gcc/arm-none-eabi/5.2.1/armv7e-m/fpu\libgcc.a(_arm_addsubdf3.o)
                              ./Application/User/app/adcHandler.o (__aeabi_dadd)
e:/eclipse/plugins/fr.ac6.mcu.externaltools.arm-none.win32_1.7.0.201602121829/tools/compiler/bin/../lib/gcc/arm-none-eabi/5.2.1/armv7e-m/fpu\libgcc.a(_arm_muldivdf3.o)
                              ./Application/User/app/adcHandler.o (__aeabi_dmul)
e:/eclipse/plugins/fr.ac6.mcu.externaltools.arm-none.win32_1.7.0.201602121829/tools/compiler/bin/../lib/gcc/arm-none-eabi/5.2.1/armv7e-m/fpu\libgcc.a(_arm_truncdfsf2.o)
                              ./Application/User/app/adcHandler.o (__aeabi_d2f)
e:/eclipse/plugins/fr.ac6.mcu.externaltools.arm-none.win32_1.7.0.201602121829/tools/compiler/bin/../lib/gcc/arm-none-eabi/5.2.1/../../../../arm-none-eabi/lib/armv7e-m/fpu\libc_nano.a(lib_a-exit.o)
                              e:/eclipse/plugins/fr.ac6.mcu.externaltools.arm-none.win32_1.7.0.201602121829/tools/compiler/bin/../lib/gcc/arm-none-eabi/5.2.1/../../../../arm-none-eabi/lib/armv7e-m/fpu/crt0.o (exit)
e:/eclipse/plugins/fr.ac6.mcu.externaltools.arm-none.win32_1.7.0.201602121829/tools/compiler/bin/../lib/gcc/arm-none-eabi/5.2.1/../../../../arm-none-eabi/lib/armv7e-m/fpu\libc_nano.a(lib_a-impure.o)
                              e:/eclipse/plugins/fr.ac6.mcu.externaltools.arm-none.win32_1.7.0.201602121829/tools/compiler/bin/../lib/gcc/arm-none-eabi/5.2.1/../../../../arm-none-eabi/lib/armv7e-m/fpu\libc_nano.a(lib_a-exit.o) (_global_impure_ptr)
e:/eclipse/plugins/fr.ac6.mcu.externaltools.arm-none.win32_1.7.0.201602121829/tools/compiler/bin/../lib/gcc/arm-none-eabi/5.2.1/../../../../arm-none-eabi/lib/armv7e-m/fpu\libc_nano.a(lib_a-init.o)
                              e:/eclipse/plugins/fr.ac6.mcu.externaltools.arm-none.win32_1.7.0.201602121829/tools/compiler/bin/../lib/gcc/arm-none-eabi/5.2.1/../../../../arm-none-eabi/lib/armv7e-m/fpu/crt0.o (__libc_init_array)
e:/eclipse/plugins/fr.ac6.mcu.externaltools.arm-none.win32_1.7.0.201602121829/tools/compiler/bin/../lib/gcc/arm-none-eabi/5.2.1/../../../../arm-none-eabi/lib/armv7e-m/fpu\libc_nano.a(lib_a-malloc.o)
                              ./Middlewares/USB_Device_Library/usbd_cdc.o (malloc)
e:/eclipse/plugins/fr.ac6.mcu.externaltools.arm-none.win32_1.7.0.201602121829/tools/compiler/bin/../lib/gcc/arm-none-eabi/5.2.1/../../../../arm-none-eabi/lib/armv7e-m/fpu\libc_nano.a(lib_a-memcpy-stub.o)
                              ./Middlewares/FreeRTOS/queue.o (memcpy)
e:/eclipse/plugins/fr.ac6.mcu.externaltools.arm-none.win32_1.7.0.201602121829/tools/compiler/bin/../lib/gcc/arm-none-eabi/5.2.1/../../../../arm-none-eabi/lib/armv7e-m/fpu\libc_nano.a(lib_a-memset.o)
                              e:/eclipse/plugins/fr.ac6.mcu.externaltools.arm-none.win32_1.7.0.201602121829/tools/compiler/bin/../lib/gcc/arm-none-eabi/5.2.1/../../../../arm-none-eabi/lib/armv7e-m/fpu/crt0.o (memset)
e:/eclipse/plugins/fr.ac6.mcu.externaltools.arm-none.win32_1.7.0.201602121829/tools/compiler/bin/../lib/gcc/arm-none-eabi/5.2.1/../../../../arm-none-eabi/lib/armv7e-m/fpu\libc_nano.a(lib_a-nano-freer.o)
                              e:/eclipse/plugins/fr.ac6.mcu.externaltools.arm-none.win32_1.7.0.201602121829/tools/compiler/bin/../lib/gcc/arm-none-eabi/5.2.1/../../../../arm-none-eabi/lib/armv7e-m/fpu\libc_nano.a(lib_a-malloc.o) (_free_r)
e:/eclipse/plugins/fr.ac6.mcu.externaltools.arm-none.win32_1.7.0.201602121829/tools/compiler/bin/../lib/gcc/arm-none-eabi/5.2.1/../../../../arm-none-eabi/lib/armv7e-m/fpu\libc_nano.a(lib_a-nano-mallocr.o)
                              e:/eclipse/plugins/fr.ac6.mcu.externaltools.arm-none.win32_1.7.0.201602121829/tools/compiler/bin/../lib/gcc/arm-none-eabi/5.2.1/../../../../arm-none-eabi/lib/armv7e-m/fpu\libc_nano.a(lib_a-malloc.o) (_malloc_r)
e:/eclipse/plugins/fr.ac6.mcu.externaltools.arm-none.win32_1.7.0.201602121829/tools/compiler/bin/../lib/gcc/arm-none-eabi/5.2.1/../../../../arm-none-eabi/lib/armv7e-m/fpu\libc_nano.a(lib_a-sbrkr.o)
                              e:/eclipse/plugins/fr.ac6.mcu.externaltools.arm-none.win32_1.7.0.201602121829/tools/compiler/bin/../lib/gcc/arm-none-eabi/5.2.1/../../../../arm-none-eabi/lib/armv7e-m/fpu\libc_nano.a(lib_a-nano-mallocr.o) (_sbrk_r)
e:/eclipse/plugins/fr.ac6.mcu.externaltools.arm-none.win32_1.7.0.201602121829/tools/compiler/bin/../lib/gcc/arm-none-eabi/5.2.1/../../../../arm-none-eabi/lib/armv7e-m/fpu\libc_nano.a(lib_a-strlen.o)
                              ./Application/User/main.o (strlen)
e:/eclipse/plugins/fr.ac6.mcu.externaltools.arm-none.win32_1.7.0.201602121829/tools/compiler/bin/../lib/gcc/arm-none-eabi/5.2.1/../../../../arm-none-eabi/lib/armv7e-m/fpu\libc_nano.a(lib_a-reent.o)
[...]
Memory Configuration

Name             Origin             Length             Attributes
FLASH            0x08000000         0x00200000         xr
RAM              0x20000000         0x00030000         xrw
CCMRAM           0x10000000         0x00010000         rw
*default*        0x00000000         0xffffffff

Linker script and memory map

LOAD e:/eclipse/plugins/fr.ac6.mcu.externaltools.arm-none.win32_1.7.0.201602121829/tools/compiler/bin/../lib/gcc/arm-none-eabi/5.2.1/armv7e-m/fpu/crti.o
LOAD e:/eclipse/plugins/fr.ac6.mcu.externaltools.arm-none.win32_1.7.0.201602121829/tools/compiler/bin/../lib/gcc/arm-none-eabi/5.2.1/armv7e-m/fpu/crtbegin.o
LOAD e:/eclipse/plugins/fr.ac6.mcu.externaltools.arm-none.win32_1.7.0.201602121829/tools/compiler/bin/../lib/gcc/arm-none-eabi/5.2.1/../../../../arm-none-eabi/lib/armv7e-m/fpu/crt0.o
LOAD e:/eclipse/plugins/fr.ac6.mcu.externaltools.arm-none.win32_1.7.0.201602121829/tools/compiler/bin/../lib/gcc/arm-none-eabi/5.2.1/../../../../arm-none-eabi/lib/armv7e-m/fpu\libm.a
LOAD ./Middlewares/USB_Device_Library/usbd_cdc.o
LOAD ./Middlewares/USB_Device_Library/usbd_core.o
LOAD ./Middlewares/USB_Device_Library/usbd_ctlreq.o
LOAD ./Middlewares/USB_Device_Library/usbd_ioreq.o
LOAD ./Middlewares/FreeRTOS/cmsis_os.o
LOAD ./Middlewares/FreeRTOS/croutine.o
LOAD ./Middlewares/FreeRTOS/event_groups.o
LOAD ./Middlewares/FreeRTOS/heap_4.o
LOAD ./Middlewares/FreeRTOS/list.o
LOAD ./Middlewares/FreeRTOS/port.o
LOAD ./Middlewares/FreeRTOS/queue.o
LOAD ./Middlewares/FreeRTOS/tasks.o
LOAD ./Middlewares/FreeRTOS/timers.o
LOAD ./Drivers/STM32F4xx_HAL_Driver/stm32f4xx_hal.o
LOAD ./Drivers/STM32F4xx_HAL_Driver/stm32f4xx_hal_adc.o
LOAD ./Drivers/STM32F4xx_HAL_Driver/stm32f4xx_hal_adc_ex.o
LOAD ./Drivers/STM32F4xx_HAL_Driver/stm32f4xx_hal_cortex.o
LOAD ./Drivers/STM32F4xx_HAL_Driver/stm32f4xx_hal_dma.o
LOAD ./Drivers/STM32F4xx_HAL_Driver/stm32f4xx_hal_dma_ex.o
LOAD ./Drivers/STM32F4xx_HAL_Driver/stm32f4xx_hal_flash.o
LOAD ./Drivers/STM32F4xx_HAL_Driver/stm32f4xx_hal_flash_ex.o
LOAD ./Drivers/STM32F4xx_HAL_Driver/stm32f4xx_hal_flash_ramfunc.o
LOAD ./Drivers/STM32F4xx_HAL_Driver/stm32f4xx_hal_gpio.o
LOAD ./Drivers/STM32F4xx_HAL_Driver/stm32f4xx_hal_i2c.o
LOAD ./Drivers/STM32F4xx_HAL_Driver/stm32f4xx_hal_i2c_ex.o
LOAD ./Drivers/STM32F4xx_HAL_Driver/stm32f4xx_hal_pcd.o
LOAD ./Drivers/STM32F4xx_HAL_Driver/stm32f4xx_hal_pcd_ex.o
LOAD ./Drivers/STM32F4xx_HAL_Driver/stm32f4xx_hal_pwr.o
LOAD ./Drivers/STM32F4xx_HAL_Driver/stm32f4xx_hal_pwr_ex.o
LOAD ./Drivers/STM32F4xx_HAL_Driver/stm32f4xx_hal_rcc.o
LOAD ./Drivers/STM32F4xx_HAL_Driver/stm32f4xx_hal_rcc_ex.o
LOAD ./Drivers/STM32F4xx_HAL_Driver/stm32f4xx_hal_spi.o
LOAD ./Drivers/STM32F4xx_HAL_Driver/stm32f4xx_hal_tim.o
LOAD ./Drivers/STM32F4xx_HAL_Driver/stm32f4xx_hal_tim_ex.o
LOAD ./Drivers/STM32F4xx_HAL_Driver/stm32f4xx_hal_uart.o
LOAD ./Drivers/STM32F4xx_HAL_Driver/stm32f4xx_ll_usb.o
LOAD ./Drivers/CMSIS/system_stm32f4xx.o
LOAD ./Application/User/app/adcHandler.o
LOAD ./Application/User/app/rcservo.o
LOAD ./Application/User/app/serial.o
LOAD ./Application/User/adc.o
LOAD ./Application/User/dma.o
LOAD ./Application/User/freertos.o
LOAD ./Application/User/gpio.o
LOAD ./Application/User/i2c.o
LOAD ./Application/User/main.o
LOAD ./Application/User/spi.o
LOAD ./Application/User/stm32f4xx_hal_msp.o
LOAD ./Application/User/stm32f4xx_it.o
LOAD ./Application/User/tim.o
LOAD ./Application/User/usart.o
LOAD ./Application/User/usb_device.o
LOAD ./Application/User/usbd_cdc_if.o
LOAD ./Application/User/usbd_conf.o
LOAD ./Application/User/usbd_desc.o
LOAD ./Application/SW4STM32/startup_stm32f429xx.o
START GROUP
LOAD e:/eclipse/plugins/fr.ac6.mcu.externaltools.arm-none.win32_1.7.0.201602121829/tools/compiler/bin/../lib/gcc/arm-none-eabi/5.2.1/armv7e-m/fpu\libgcc.a
LOAD e:/eclipse/plugins/fr.ac6.mcu.externaltools.arm-none.win32_1.7.0.201602121829/tools/compiler/bin/../lib/gcc/arm-none-eabi/5.2.1/../../../../arm-none-eabi/lib/armv7e-m/fpu\libc_nano.a
END GROUP
START GROUP
LOAD e:/eclipse/plugins/fr.ac6.mcu.externaltools.arm-none.win32_1.7.0.201602121829/tools/compiler/bin/../lib/gcc/arm-none-eabi/5.2.1/armv7e-m/fpu\libgcc.a
LOAD e:/eclipse/plugins/fr.ac6.mcu.externaltools.arm-none.win32_1.7.0.201602121829/tools/compiler/bin/../lib/gcc/arm-none-eabi/5.2.1/../../../../arm-none-eabi/lib/armv7e-m/fpu\libc_nano.a
LOAD e:/eclipse/plugins/fr.ac6.mcu.externaltools.arm-none.win32_1.7.0.201602121829/tools/compiler/bin/../lib/gcc/arm-none-eabi/5.2.1/../../../../arm-none-eabi/lib/armv7e-m/fpu\libnosys.a
END GROUP
START GROUP
LOAD e:/eclipse/plugins/fr.ac6.mcu.externaltools.arm-none.win32_1.7.0.201602121829/tools/compiler/bin/../lib/gcc/arm-none-eabi/5.2.1/armv7e-m/fpu\libgcc.a
LOAD e:/eclipse/plugins/fr.ac6.mcu.externaltools.arm-none.win32_1.7.0.201602121829/tools/compiler/bin/../lib/gcc/arm-none-eabi/5.2.1/../../../../arm-none-eabi/lib/armv7e-m/fpu\libc_nano.a
LOAD e:/eclipse/plugins/fr.ac6.mcu.externaltools.arm-none.win32_1.7.0.201602121829/tools/compiler/bin/../lib/gcc/arm-none-eabi/5.2.1/../../../../arm-none-eabi/lib/armv7e-m/fpu\libnosys.a
END GROUP
LOAD e:/eclipse/plugins/fr.ac6.mcu.externaltools.arm-none.win32_1.7.0.201602121829/tools/compiler/bin/../lib/gcc/arm-none-eabi/5.2.1/armv7e-m/fpu/crtend.o
LOAD e:/eclipse/plugins/fr.ac6.mcu.externaltools.arm-none.win32_1.7.0.201602121829/tools/compiler/bin/../lib/gcc/arm-none-eabi/5.2.1/armv7e-m/fpu/crtn.o
                0x20030000                _estack = 0x20030000
                0x00000200                _Min_Heap_Size = 0x200
                0x00000400                _Min_Stack_Size = 0x400

.isr_vector     0x08000000      0x1ac
                0x08000000                . = ALIGN (0x4)
 *(.isr_vector)
 .isr_vector    0x08000000      0x1ac ./Application/SW4STM32/startup_stm32f429xx.o
                0x08000000                g_pfnVectors
                0x080001ac                . = ALIGN (0x4)

.text           0x080001b0     0xe98c
                0x080001b0                . = ALIGN (0x4)
 *(.text)
 .text          0x080001b0       0xa4 e:/eclipse/plugins/fr.ac6.mcu.externaltools.arm-none.win32_1.7.0.201602121829/tools/compiler/bin/../lib/gcc/arm-none-eabi/5.2.1/armv7e-m/fpu/crtbegin.o
 .text          0x08000254      0x370 e:/eclipse/plugins/fr.ac6.mcu.externaltools.arm-none.win32_1.7.0.201602121829/tools/compiler/bin/../lib/gcc/arm-none-eabi/5.2.1/armv7e-m/fpu\libgcc.a(_arm_addsubdf3.o)
                0x08000254                __aeabi_drsub
                0x0800025c                __aeabi_dsub
                0x0800025c                __subdf3
                0x08000260                __aeabi_dadd
                0x08000260                __adddf3
                0x080004d8                __floatunsidf
                0x080004d8                __aeabi_ui2d
                0x080004f8                __floatsidf
                0x080004f8                __aeabi_i2d
                0x0800051c                __aeabi_f2d
                0x0800051c                __extendsfdf2
                0x08000558                __floatundidf
                0x08000558                __aeabi_ul2d
                0x08000568                __floatdidf
                0x08000568                __aeabi_l2d
 .text          0x080005c4      0x424 e:/eclipse/plugins/fr.ac6.mcu.externaltools.arm-none.win32_1.7.0.201602121829/tools/compiler/bin/../lib/gcc/arm-none-eabi/5.2.1/armv7e-m/fpu\libgcc.a(_arm_muldivdf3.o)
                0x080005c4                __aeabi_dmul
                0x080005c4                __muldf3
                0x08000818                __divdf3
                0x08000818                __aeabi_ddiv
 .text          0x080009e8       0xa0 e:/eclipse/plugins/fr.ac6.mcu.externaltools.arm-none.win32_1.7.0.201602121829/tools/compiler/bin/../lib/gcc/arm-none-eabi/5.2.1/armv7e-m/fpu\libgcc.a(_arm_truncdfsf2.o)
                0x080009e8                __truncdfsf2
                0x080009e8                __aeabi_d2f
 .text          0x08000a88       0x10 e:/eclipse/plugins/fr.ac6.mcu.externaltools.arm-none.win32_1.7.0.201602121829/tools/compiler/bin/../lib/gcc/arm-none-eabi/5.2.1/../../../../arm-none-eabi/lib/armv7e-m/fpu\libc_nano.a(lib_a-strlen.o)
                0x08000a88                strlen
 *(.text*)
 .text.USBD_CDC_Init
                0x08000a98       0xd4 ./Middlewares/USB_Device_Library/usbd_cdc.o
 .text.USBD_CDC_DeInit
                0x08000b6c       0x5c ./Middlewares/USB_Device_Library/usbd_cdc.o
 .text.USBD_CDC_Setup
                0x08000bc8       0xc0 ./Middlewares/USB_Device_Library/usbd_cdc.o
 .text.USBD_CDC_DataIn
                0x08000c88       0x38 ./Middlewares/USB_Device_Library/usbd_cdc.o
 .text.USBD_CDC_DataOut
                0x08000cc0       0x58 ./Middlewares/USB_Device_Library/usbd_cdc.o
 .text.USBD_CDC_EP0_RxReady
                0x08000d18       0x50 ./Middlewares/USB_Device_Library/usbd_cdc.o
 .text.USBD_CDC_GetFSCfgDesc
                0x08000d68       0x20 ./Middlewares/USB_Device_Library/usbd_cdc.o
 .text.USBD_CDC_GetHSCfgDesc
                0x08000d88       0x20 ./Middlewares/USB_Device_Library/usbd_cdc.o
 .text.USBD_CDC_GetOtherSpeedCfgDesc
                0x08000da8       0x20 ./Middlewares/USB_Device_Library/usbd_cdc.o
 .text.USBD_CDC_GetDeviceQualifierDescriptor
                0x08000dc8       0x20 ./Middlewares/USB_Device_Library/usbd_cdc.o
                0x08000dc8                USBD_CDC_GetDeviceQualifierDescriptor
 .text.USBD_CDC_RegisterInterface
                0x08000de8       0x30 ./Middlewares/USB_Device_Library/usbd_cdc.o
                0x08000de8                USBD_CDC_RegisterInterface
 .text.USBD_CDC_SetTxBuffer
                0x08000e18       0x34 ./Middlewares/USB_Device_Library/usbd_cdc.o
                0x08000e18                USBD_CDC_SetTxBuffer
 .text.USBD_CDC_SetRxBuffer
                0x08000e4c       0x28 ./Middlewares/USB_Device_Library/usbd_cdc.o
                0x08000e4c                USBD_CDC_SetRxBuffer
 .text.USBD_Init
                0x08000e74       0x58 ./Middlewares/USB_Device_Library/usbd_core.o
                0x08000e74                USBD_Init
 .text.USBD_RegisterClass
                0x08000ecc       0x34 ./Middlewares/USB_Device_Library/usbd_core.o
                0x08000ecc                USBD_RegisterClass
 .text.USBD_Start
                0x08000f00       0x18 ./Middlewares/USB_Device_Library/usbd_core.o
                0x08000f00                USBD_Start
 .text.USBD_RunTestMode
                0x08000f18       0x18 ./Middlewares/USB_Device_Library/usbd_core.o
                0x08000f18                USBD_RunTestMode
 .text.USBD_SetClassConfig
                0x08000f30       0x40 ./Middlewares/USB_Device_Library/usbd_core.o
                0x08000f30                USBD_SetClassConfig
 .text.USBD_ClrClassConfig
                0x08000f70       0x28 ./Middlewares/USB_Device_Library/usbd_core.o
                0x08000f70                USBD_ClrClassConfig
 .text.USBD_LL_SetupStage
                0x08000f98       0x94 ./Middlewares/USB_Device_Library/usbd_core.o
                0x08000f98                USBD_LL_SetupStage
 .text.USBD_LL_DataOutStage
                0x0800102c       0xb8 ./Middlewares/USB_Device_Library/usbd_core.o
                0x0800102c                USBD_LL_DataOutStage
 .text.USBD_LL_DataInStage
                0x080010e4      0x120 ./Middlewares/USB_Device_Library/usbd_core.o
                0x080010e4                USBD_LL_DataInStage
 .text.USBD_LL_Reset
                0x08001204       0x60 ./Middlewares/USB_Device_Library/usbd_core.o
                0x08001204                USBD_LL_Reset
 .text.USBD_LL_SetSpeed
                0x08001264       0x20 ./Middlewares/USB_Device_Library/usbd_core.o
                0x08001264                USBD_LL_SetSpeed
 .text.USBD_LL_Suspend
                0x08001284       0x2c ./Middlewares/USB_Device_Library/usbd_core.o
                0x08001284                USBD_LL_Suspend
 .text.USBD_LL_Resume
                0x080012b0       0x24 ./Middlewares/USB_Device_Library/usbd_core.o
                0x080012b0                USBD_LL_Resume
 .text.USBD_LL_SOF
                0x080012d4       0x34 ./Middlewares/USB_Device_Library/usbd_core.o
                0x080012d4                USBD_LL_SOF
 .text.USBD_LL_IsoINIncomplete
                0x08001308       0x1c ./Middlewares/USB_Device_Library/usbd_core.o
                0x08001308                USBD_LL_IsoINIncomplete
 .text.USBD_LL_IsoOUTIncomplete
                0x08001324       0x1c ./Middlewares/USB_Device_Library/usbd_core.o
                0x08001324                USBD_LL_IsoOUTIncomplete
 .text.USBD_LL_DevConnected
                0x08001340       0x18 ./Middlewares/USB_Device_Library/usbd_core.o
                0x08001340                USBD_LL_DevConnected
 .text.USBD_LL_DevDisconnected
                0x08001358       0x30 ./Middlewares/USB_Device_Library/usbd_core.o
                0x08001358                USBD_LL_DevDisconnected
 .text.USBD_StdDevReq
                0x08001388       0xa0 ./Middlewares/USB_Device_Library/usbd_ctlreq.o
                0x08001388                USBD_StdDevReq
 .text.USBD_StdItfReq
                0x08001428       0x68 ./Middlewares/USB_Device_Library/usbd_ctlreq.o
                0x08001428                USBD_StdItfReq
 .text.USBD_StdEPReq
                0x08001490      0x1b0 ./Middlewares/USB_Device_Library/usbd_ctlreq.o
                0x08001490                USBD_StdEPReq
 .text.USBD_GetDescriptor
                0x08001640      0x1e8 ./Middlewares/USB_Device_Library/usbd_ctlreq.o
 .text.USBD_SetAddress
                0x08001828       0x7c ./Middlewares/USB_Device_Library/usbd_ctlreq.o
 .text.USBD_SetConfig
                0x080018a4      0x110 ./Middlewares/USB_Device_Library/usbd_ctlreq.o
 .text.USBD_GetConfig
                0x080019b4       0x64 ./Middlewares/USB_Device_Library/usbd_ctlreq.o
 .text.USBD_GetStatus
                0x08001a18       0x54 ./Middlewares/USB_Device_Library/usbd_ctlreq.o
 .text.USBD_SetFeature
                0x08001a6c       0x38 ./Middlewares/USB_Device_Library/usbd_ctlreq.o
 .text.USBD_ClrFeature
                0x08001aa4       0x50 ./Middlewares/USB_Device_Library/usbd_ctlreq.o
 .text.USBD_ParseSetupRequest
                0x08001af4       0x7c ./Middlewares/USB_Device_Library/usbd_ctlreq.o
                0x08001af4                USBD_ParseSetupRequest
 .text.USBD_CtlError
                0x08001b70       0x24 ./Middlewares/USB_Device_Library/usbd_ctlreq.o
                0x08001b70                USBD_CtlError
 .text.USBD_GetString
                0x08001b94       0x88 ./Middlewares/USB_Device_Library/usbd_ctlreq.o
                0x08001b94                USBD_GetString
 .text.USBD_GetLen
                0x08001c1c       0x30 ./Middlewares/USB_Device_Library/usbd_ctlreq.o
 .text.USBD_CtlSendData
                0x08001c4c       0x38 ./Middlewares/USB_Device_Library/usbd_ioreq.o
                0x08001c4c                USBD_CtlSendData
 .text.USBD_CtlContinueSendData
                0x08001c84       0x24 ./Middlewares/USB_Device_Library/usbd_ioreq.o
                0x08001c84                USBD_CtlContinueSendData
 .text.USBD_CtlPrepareRx
                0x08001ca8       0x3c ./Middlewares/USB_Device_Library/usbd_ioreq.o
                0x08001ca8                USBD_CtlPrepareRx
 .text.USBD_CtlContinueRx
                0x08001ce4       0x24 ./Middlewares/USB_Device_Library/usbd_ioreq.o
                0x08001ce4                USBD_CtlContinueRx
 .text.USBD_CtlSendStatus
                0x08001d08       0x28 ./Middlewares/USB_Device_Library/usbd_ioreq.o
                0x08001d08                USBD_CtlSendStatus
 .text.USBD_CtlReceiveStatus
                0x08001d30       0x28 ./Middlewares/USB_Device_Library/usbd_ioreq.o
                0x08001d30                USBD_CtlReceiveStatus
 .text.makeFreeRtosPriority
                0x08001d58       0x30 ./Middlewares/FreeRTOS/cmsis_os.o
 .text.osKernelStart
                0x08001d88       0x10 ./Middlewares/FreeRTOS/cmsis_os.o
                0x08001d88                osKernelStart
 .text.osThreadCreate
                0x08001d98       0x58 ./Middlewares/FreeRTOS/cmsis_os.o
                0x08001d98                osThreadCreate
 .text.osDelay  0x08001df0       0x28 ./Middlewares/FreeRTOS/cmsis_os.o
                0x08001df0                osDelay
 .text.osSystickHandler
                0x08001e18       0x18 ./Middlewares/FreeRTOS/cmsis_os.o
                0x08001e18                osSystickHandler
 .text.pvPortMalloc
                0x08001e30      0x158 ./Middlewares/FreeRTOS/heap_4.o
                0x08001e30                pvPortMalloc
 .text.vPortFree
                0x08001f88       0x94 ./Middlewares/FreeRTOS/heap_4.o
                0x08001f88                vPortFree
 .text.prvHeapInit
                0x0800201c       0xc4 ./Middlewares/FreeRTOS/heap_4.o
 .text.prvInsertBlockIntoFreeList
                0x080020e0       0xb4 ./Middlewares/FreeRTOS/heap_4.o
 .text.vListInitialise
                0x08002194       0x40 ./Middlewares/FreeRTOS/list.o
                0x08002194                vListInitialise
 .text.vListInitialiseItem
                0x080021d4       0x1c ./Middlewares/FreeRTOS/list.o
                0x080021d4                vListInitialiseItem
 .text.vListInsertEnd
                0x080021f0       0x48 ./Middlewares/FreeRTOS/list.o
                0x080021f0                vListInsertEnd
 .text.vListInsert
                0x08002238       0x74 ./Middlewares/FreeRTOS/list.o
                0x08002238                vListInsert
 .text.uxListRemove
                0x080022ac       0x54 ./Middlewares/FreeRTOS/list.o
                0x080022ac                uxListRemove
 .text.pxPortInitialiseStack
                0x08002300       0x64 ./Middlewares/FreeRTOS/port.o
                0x08002300                pxPortInitialiseStack
 .text.prvTaskExitError
                0x08002364       0x20 ./Middlewares/FreeRTOS/port.o
 .text.SVC_Handler
                0x08002384       0x24 ./Middlewares/FreeRTOS/port.o
                0x08002384                SVC_Handler
 .text.prvPortStartFirstTask
                0x080023a8       0x20 ./Middlewares/FreeRTOS/port.o
 .text.xPortStartScheduler
                0x080023c8       0xd0 ./Middlewares/FreeRTOS/port.o
                0x080023c8                xPortStartScheduler
 .text.vPortYield
                0x08002498       0x24 ./Middlewares/FreeRTOS/port.o
                0x08002498                vPortYield
 .text.vPortEnterCritical
                0x080024bc       0x40 ./Middlewares/FreeRTOS/port.o
                0x080024bc                vPortEnterCritical
 .text.vPortExitCritical
                0x080024fc       0x34 ./Middlewares/FreeRTOS/port.o
                0x080024fc                vPortExitCritical
 .text.ulPortSetInterruptMask
                0x08002530       0x14 ./Middlewares/FreeRTOS/port.o
                0x08002530                ulPortSetInterruptMask
 .text.vPortClearInterruptMask
                0x08002544        0x8 ./Middlewares/FreeRTOS/port.o
                0x08002544                vPortClearInterruptMask
 .text.PendSV_Handler
                0x0800254c       0x5c ./Middlewares/FreeRTOS/port.o
                0x0800254c                PendSV_Handler
 .text.xPortSysTickHandler
                0x080025a8       0x28 ./Middlewares/FreeRTOS/port.o
                0x080025a8                xPortSysTickHandler
 .text.vPortSetupTimerInterrupt
                0x080025d0       0x38 ./Middlewares/FreeRTOS/port.o
                0x080025d0                vPortSetupTimerInterrupt
 .text.vPortEnableVFP
                0x08002608       0x14 ./Middlewares/FreeRTOS/port.o
 .text.xTaskGenericCreate
                0x0800261c      0x164 ./Middlewares/FreeRTOS/tasks.o
                0x0800261c                xTaskGenericCreate
 .text.vTaskDelay
                0x08002780       0x88 ./Middlewares/FreeRTOS/tasks.o
                0x08002780                vTaskDelay
 .text.vTaskStartScheduler
                0x08002808       0x64 ./Middlewares/FreeRTOS/tasks.o
                0x08002808                vTaskStartScheduler
 .text.vTaskSuspendAll
                0x0800286c       0x1c ./Middlewares/FreeRTOS/tasks.o
                0x0800286c                vTaskSuspendAll
 .text.xTaskResumeAll
                0x08002888      0x108 ./Middlewares/FreeRTOS/tasks.o
                0x08002888                xTaskResumeAll
 .text.xTaskIncrementTick
                0x08002990      0x16c ./Middlewares/FreeRTOS/tasks.o
                0x08002990                xTaskIncrementTick
 .text.vTaskSwitchContext
                0x08002afc       0xa4 ./Middlewares/FreeRTOS/tasks.o
                0x08002afc                vTaskSwitchContext
 .text.prvIdleTask
                0x08002ba0       0x20 ./Middlewares/FreeRTOS/tasks.o
 .text.prvInitialiseTCBVariables
                0x08002bc0       0x9c ./Middlewares/FreeRTOS/tasks.o
 .text.prvInitialiseTaskLists
                0x08002c5c       0x80 ./Middlewares/FreeRTOS/tasks.o
 .text.prvCheckTasksWaitingTermination
                0x08002cdc       0x78 ./Middlewares/FreeRTOS/tasks.o
 .text.prvAddCurrentTaskToDelayedList
                0x08002d54       0x6c ./Middlewares/FreeRTOS/tasks.o
 .text.prvAllocateTCBAndStack
                0x08002dc0       0x64 ./Middlewares/FreeRTOS/tasks.o
 .text.prvDeleteTCB
                0x08002e24       0x20 ./Middlewares/FreeRTOS/tasks.o
 .text.prvResetNextTaskUnblockTime
                0x08002e44       0x4c ./Middlewares/FreeRTOS/tasks.o
 .text.xTaskGetSchedulerState
                0x08002e90       0x3c ./Middlewares/FreeRTOS/tasks.o
                0x08002e90                xTaskGetSchedulerState
 .text.HAL_Init
                0x08002ecc       0x44 ./Drivers/STM32F4xx_HAL_Driver/stm32f4xx_hal.o
                0x08002ecc                HAL_Init
 .text.HAL_InitTick
                0x08002f10       0x38 ./Drivers/STM32F4xx_HAL_Driver/stm32f4xx_hal.o
                0x08002f10                HAL_InitTick
 .text.HAL_GetTick
                0x08002f48       0x18 ./Drivers/STM32F4xx_HAL_Driver/stm32f4xx_hal.o
                0x08002f48                HAL_GetTick
 .text.HAL_Delay
                0x08002f60       0x2c ./Drivers/STM32F4xx_HAL_Driver/stm32f4xx_hal.o
                0x08002f60                HAL_Delay
 .text.HAL_ADC_Init
                0x08002f8c      0x2a4 ./Drivers/STM32F4xx_HAL_Driver/stm32f4xx_hal_adc.o
                0x08002f8c                HAL_ADC_Init
 .text.HAL_ADC_IRQHandler
                0x08003230      0x2bc ./Drivers/STM32F4xx_HAL_Driver/stm32f4xx_hal_adc.o
                0x08003230                HAL_ADC_IRQHandler
 .text.HAL_ADC_LevelOutOfWindowCallback
                0x080034ec       0x14 ./Drivers/STM32F4xx_HAL_Driver/stm32f4xx_hal_adc.o
                0x080034ec                HAL_ADC_LevelOutOfWindowCallback
 .text.HAL_ADC_ErrorCallback
                0x08003500       0x14 ./Drivers/STM32F4xx_HAL_Driver/stm32f4xx_hal_adc.o
                0x08003500                HAL_ADC_ErrorCallback
 .text.HAL_ADC_ConfigChannel
                0x08003514      0x2c0 ./Drivers/STM32F4xx_HAL_Driver/stm32f4xx_hal_adc.o
                0x08003514                HAL_ADC_ConfigChannel
 .text.ADC_Init
                0x080037d4      0x22c ./Drivers/STM32F4xx_HAL_Driver/stm32f4xx_hal_adc.o
 .text.HAL_ADCEx_InjectedConvCpltCallback
                0x08003a00       0x14 ./Drivers/STM32F4xx_HAL_Driver/stm32f4xx_hal_adc_ex.o
                0x08003a00                HAL_ADCEx_InjectedConvCpltCallback
 .text.NVIC_SetPriorityGrouping
                0x08003a14       0x48 ./Drivers/STM32F4xx_HAL_Driver/stm32f4xx_hal_cortex.o
 .text.NVIC_GetPriorityGrouping
                0x08003a5c       0x1c ./Drivers/STM32F4xx_HAL_Driver/stm32f4xx_hal_cortex.o
 .text.NVIC_EnableIRQ
                0x08003a78       0x34 ./Drivers/STM32F4xx_HAL_Driver/stm32f4xx_hal_cortex.o
 .text.NVIC_SetPriority
                0x08003aac       0x54 ./Drivers/STM32F4xx_HAL_Driver/stm32f4xx_hal_cortex.o
 .text.NVIC_EncodePriority
                0x08003b00       0x68 ./Drivers/STM32F4xx_HAL_Driver/stm32f4xx_hal_cortex.o
 .text.SysTick_Config
                0x08003b68       0x44 ./Drivers/STM32F4xx_HAL_Driver/stm32f4xx_hal_cortex.o
 .text.HAL_NVIC_SetPriorityGrouping
                0x08003bac       0x40 ./Drivers/STM32F4xx_HAL_Driver/stm32f4xx_hal_cortex.o
                0x08003bac                HAL_NVIC_SetPriorityGrouping
 .text.HAL_NVIC_SetPriority
                0x08003bec       0x58 ./Drivers/STM32F4xx_HAL_Driver/stm32f4xx_hal_cortex.o
                0x08003bec                HAL_NVIC_SetPriority
 .text.HAL_NVIC_EnableIRQ
                0x08003c44       0x30 ./Drivers/STM32F4xx_HAL_Driver/stm32f4xx_hal_cortex.o
                0x08003c44                HAL_NVIC_EnableIRQ
 .text.HAL_SYSTICK_Config
                0x08003c74       0x18 ./Drivers/STM32F4xx_HAL_Driver/stm32f4xx_hal_cortex.o
                0x08003c74                HAL_SYSTICK_Config
 .text.HAL_SYSTICK_CLKSourceConfig
                0x08003c8c       0x50 ./Drivers/STM32F4xx_HAL_Driver/stm32f4xx_hal_cortex.o
                0x08003c8c                HAL_SYSTICK_CLKSourceConfig
 .text.HAL_DMA_Init
                0x08003cdc      0x3ac ./Drivers/STM32F4xx_HAL_Driver/stm32f4xx_hal_dma.o
                0x08003cdc                HAL_DMA_Init
 .text.HAL_DMA_Start_IT
                0x08004088       0xd0 ./Drivers/STM32F4xx_HAL_Driver/stm32f4xx_hal_dma.o
                0x08004088                HAL_DMA_Start_IT
 .text.HAL_DMA_IRQHandler
                0x08004158     0x32cc ./Drivers/STM32F4xx_HAL_Driver/stm32f4xx_hal_dma.o
                0x08004158                HAL_DMA_IRQHandler
 .text.DMA_SetConfig
                0x08007424       0x5c ./Drivers/STM32F4xx_HAL_Driver/stm32f4xx_hal_dma.o
 .text.HAL_GPIO_Init
                0x08007480      0x648 ./Drivers/STM32F4xx_HAL_Driver/stm32f4xx_hal_gpio.o
                0x08007480                HAL_GPIO_Init
 .text.HAL_I2C_Init
                0x08007ac8      0x2c4 ./Drivers/STM32F4xx_HAL_Driver/stm32f4xx_hal_i2c.o
                0x08007ac8                HAL_I2C_Init
 .text.HAL_PCD_Init
                0x08007d8c      0x22c ./Drivers/STM32F4xx_HAL_Driver/stm32f4xx_hal_pcd.o
                0x08007d8c                HAL_PCD_Init
 .text.HAL_PCD_Start
                0x08007fb8       0x44 ./Drivers/STM32F4xx_HAL_Driver/stm32f4xx_hal_pcd.o
                0x08007fb8                HAL_PCD_Start
 .text.HAL_PCD_IRQHandler
                0x08007ffc      0x758 ./Drivers/STM32F4xx_HAL_Driver/stm32f4xx_hal_pcd.o
                0x08007ffc                HAL_PCD_IRQHandler
 .text.HAL_PCD_SetAddress
                0x08008754       0x44 ./Drivers/STM32F4xx_HAL_Driver/stm32f4xx_hal_pcd.o
                0x08008754                HAL_PCD_SetAddress
 .text.HAL_PCD_EP_Open
                0x08008798       0xd0 ./Drivers/STM32F4xx_HAL_Driver/stm32f4xx_hal_pcd.o
                0x08008798                HAL_PCD_EP_Open
 .text.HAL_PCD_EP_Close
                0x08008868       0x94 ./Drivers/STM32F4xx_HAL_Driver/stm32f4xx_hal_pcd.o
                0x08008868                HAL_PCD_EP_Close
 .text.HAL_PCD_EP_Receive
                0x080088fc       0xb4 ./Drivers/STM32F4xx_HAL_Driver/stm32f4xx_hal_pcd.o
                0x080088fc                HAL_PCD_EP_Receive
 .text.HAL_PCD_EP_GetRxCount
                0x080089b0       0x34 ./Drivers/STM32F4xx_HAL_Driver/stm32f4xx_hal_pcd.o
                0x080089b0                HAL_PCD_EP_GetRxCount
 .text.HAL_PCD_EP_Transmit
                0x080089e4       0xb4 ./Drivers/STM32F4xx_HAL_Driver/stm32f4xx_hal_pcd.o
                0x080089e4                HAL_PCD_EP_Transmit
 .text.HAL_PCD_EP_SetStall
                0x08008a98       0xb4 ./Drivers/STM32F4xx_HAL_Driver/stm32f4xx_hal_pcd.o
                0x08008a98                HAL_PCD_EP_SetStall
 .text.HAL_PCD_EP_ClrStall
                0x08008b4c       0x94 ./Drivers/STM32F4xx_HAL_Driver/stm32f4xx_hal_pcd.o
                0x08008b4c                HAL_PCD_EP_ClrStall
 .text.PCD_WriteEmptyTxFifo
                0x08008be0      0x114 ./Drivers/STM32F4xx_HAL_Driver/stm32f4xx_hal_pcd.o
 .text.HAL_PCDEx_SetTxFiFo
                0x08008cf4       0x98 ./Drivers/STM32F4xx_HAL_Driver/stm32f4xx_hal_pcd_ex.o
                0x08008cf4                HAL_PCDEx_SetTxFiFo
 .text.HAL_PCDEx_SetRxFiFo
                0x08008d8c       0x24 ./Drivers/STM32F4xx_HAL_Driver/stm32f4xx_hal_pcd_ex.o
                0x08008d8c                HAL_PCDEx_SetRxFiFo
 .text.HAL_RCC_OscConfig
                0x08008db0      0x610 ./Drivers/STM32F4xx_HAL_Driver/stm32f4xx_hal_rcc.o
                0x08008db0                HAL_RCC_OscConfig
 .text.HAL_RCC_ClockConfig
                0x080093c0      0x50c ./Drivers/STM32F4xx_HAL_Driver/stm32f4xx_hal_rcc.o
                0x080093c0                HAL_RCC_ClockConfig
 .text.HAL_RCC_GetSysClockFreq
                0x080098cc      0x118 ./Drivers/STM32F4xx_HAL_Driver/stm32f4xx_hal_rcc.o
                0x080098cc                HAL_RCC_GetSysClockFreq
 .text.HAL_RCC_GetHCLKFreq
                0x080099e4       0x58 ./Drivers/STM32F4xx_HAL_Driver/stm32f4xx_hal_rcc.o
                0x080099e4                HAL_RCC_GetHCLKFreq
 .text.HAL_RCC_GetPCLK1Freq
                0x08009a3c       0x4c ./Drivers/STM32F4xx_HAL_Driver/stm32f4xx_hal_rcc.o
                0x08009a3c                HAL_RCC_GetPCLK1Freq
 .text.HAL_RCC_GetPCLK2Freq
                0x08009a88       0x4c ./Drivers/STM32F4xx_HAL_Driver/stm32f4xx_hal_rcc.o
                0x08009a88                HAL_RCC_GetPCLK2Freq
 .text.HAL_SPI_Init
                0x08009ad4      0x228 ./Drivers/STM32F4xx_HAL_Driver/stm32f4xx_hal_spi.o
                0x08009ad4                HAL_SPI_Init
 .text.HAL_TIM_PWM_Init
                0x08009cfc      0x17c ./Drivers/STM32F4xx_HAL_Driver/stm32f4xx_hal_tim.o
                0x08009cfc                HAL_TIM_PWM_Init
 .text.HAL_TIM_PWM_ConfigChannel
                0x08009e78      0x408 ./Drivers/STM32F4xx_HAL_Driver/stm32f4xx_hal_tim.o
                0x08009e78                HAL_TIM_PWM_ConfigChannel
 .text.TIM_Base_SetConfig
                0x0800a280      0x154 ./Drivers/STM32F4xx_HAL_Driver/stm32f4xx_hal_tim.o
                0x0800a280                TIM_Base_SetConfig
 .text.TIM_OC2_SetConfig
                0x0800a3d4      0x144 ./Drivers/STM32F4xx_HAL_Driver/stm32f4xx_hal_tim.o
                0x0800a3d4                TIM_OC2_SetConfig
 .text.TIM_OC1_SetConfig
                0x0800a518       0xe8 ./Drivers/STM32F4xx_HAL_Driver/stm32f4xx_hal_tim.o
 .text.TIM_OC3_SetConfig
                0x0800a600      0x140 ./Drivers/STM32F4xx_HAL_Driver/stm32f4xx_hal_tim.o
 .text.TIM_OC4_SetConfig
                0x0800a740       0xdc ./Drivers/STM32F4xx_HAL_Driver/stm32f4xx_hal_tim.o
 .text.HAL_TIMEx_MasterConfigSynchronization
                0x0800a81c      0x180 ./Drivers/STM32F4xx_HAL_Driver/stm32f4xx_hal_tim_ex.o
                0x0800a81c                HAL_TIMEx_MasterConfigSynchronization
 .text.HAL_UART_Init
                0x0800a99c      0x1b0 ./Drivers/STM32F4xx_HAL_Driver/stm32f4xx_hal_uart.o
                0x0800a99c                HAL_UART_Init
 .text.HAL_UART_Transmit_DMA
                0x0800ab4c       0xf4 ./Drivers/STM32F4xx_HAL_Driver/stm32f4xx_hal_uart.o
                0x0800ab4c                HAL_UART_Transmit_DMA
 .text.HAL_UART_Receive_DMA
                0x0800ac40       0xe4 ./Drivers/STM32F4xx_HAL_Driver/stm32f4xx_hal_uart.o
                0x0800ac40                HAL_UART_Receive_DMA
 .text.HAL_UART_IRQHandler
                0x0800ad24      0x1fc ./Drivers/STM32F4xx_HAL_Driver/stm32f4xx_hal_uart.o
                0x0800ad24                HAL_UART_IRQHandler
 .text.HAL_UART_TxCpltCallback
                0x0800af20       0x14 ./Drivers/STM32F4xx_HAL_Driver/stm32f4xx_hal_uart.o
                0x0800af20                HAL_UART_TxCpltCallback
 .text.HAL_UART_TxHalfCpltCallback
                0x0800af34       0x14 ./Drivers/STM32F4xx_HAL_Driver/stm32f4xx_hal_uart.o
                0x0800af34                HAL_UART_TxHalfCpltCallback
 .text.HAL_UART_RxCpltCallback
                0x0800af48       0x14 ./Drivers/STM32F4xx_HAL_Driver/stm32f4xx_hal_uart.o
                0x0800af48                HAL_UART_RxCpltCallback
 .text.HAL_UART_RxHalfCpltCallback
                0x0800af5c       0x14 ./Drivers/STM32F4xx_HAL_Driver/stm32f4xx_hal_uart.o
                0x0800af5c                HAL_UART_RxHalfCpltCallback
 .text.HAL_UART_ErrorCallback
                0x0800af70       0x14 ./Drivers/STM32F4xx_HAL_Driver/stm32f4xx_hal_uart.o
                0x0800af70                HAL_UART_ErrorCallback
 .text.HAL_UART_GetState
                0x0800af84       0x1c ./Drivers/STM32F4xx_HAL_Driver/stm32f4xx_hal_uart.o
                0x0800af84                HAL_UART_GetState
 .text.UART_DMATransmitCplt
                0x0800afa0       0x54 ./Drivers/STM32F4xx_HAL_Driver/stm32f4xx_hal_uart.o
 .text.UART_DMATxHalfCplt
                0x0800aff4       0x1c ./Drivers/STM32F4xx_HAL_Driver/stm32f4xx_hal_uart.o
 .text.UART_DMAReceiveCplt
                0x0800b010       0x60 ./Drivers/STM32F4xx_HAL_Driver/stm32f4xx_hal_uart.o
 .text.UART_DMARxHalfCplt
                0x0800b070       0x1c ./Drivers/STM32F4xx_HAL_Driver/stm32f4xx_hal_uart.o
 .text.UART_DMAError
                0x0800b08c       0x3c ./Drivers/STM32F4xx_HAL_Driver/stm32f4xx_hal_uart.o
 .text.UART_Transmit_IT
                0x0800b0c8       0xb8 ./Drivers/STM32F4xx_HAL_Driver/stm32f4xx_hal_uart.o
 .text.UART_EndTransmit_IT
                0x0800b180       0x68 ./Drivers/STM32F4xx_HAL_Driver/stm32f4xx_hal_uart.o
 .text.UART_Receive_IT
                0x0800b1e8      0x128 ./Drivers/STM32F4xx_HAL_Driver/stm32f4xx_hal_uart.o
 .text.UART_SetConfig
                0x0800b310      0x35c ./Drivers/STM32F4xx_HAL_Driver/stm32f4xx_hal_uart.o
 .text.USB_CoreInit
                0x0800b66c       0xa4 ./Drivers/STM32F4xx_HAL_Driver/stm32f4xx_ll_usb.o
                0x0800b66c                USB_CoreInit
 .text.USB_EnableGlobalInt
                0x0800b710       0x24 ./Drivers/STM32F4xx_HAL_Driver/stm32f4xx_ll_usb.o
                0x0800b710                USB_EnableGlobalInt
 .text.USB_DisableGlobalInt
                0x0800b734       0x24 ./Drivers/STM32F4xx_HAL_Driver/stm32f4xx_ll_usb.o
                0x0800b734                USB_DisableGlobalInt
 .text.USB_SetCurrentMode
                0x0800b758       0x50 ./Drivers/STM32F4xx_HAL_Driver/stm32f4xx_ll_usb.o
                0x0800b758                USB_SetCurrentMode
 .text.USB_DevInit
                0x0800b7a8      0x258 ./Drivers/STM32F4xx_HAL_Driver/stm32f4xx_ll_usb.o
                0x0800b7a8                USB_DevInit
 .text.USB_FlushTxFifo
                0x0800ba00       0x4c ./Drivers/STM32F4xx_HAL_Driver/stm32f4xx_ll_usb.o
                0x0800ba00                USB_FlushTxFifo
 .text.USB_FlushRxFifo
                0x0800ba4c       0x44 ./Drivers/STM32F4xx_HAL_Driver/stm32f4xx_ll_usb.o
                0x0800ba4c                USB_FlushRxFifo
 .text.USB_SetDevSpeed
                0x0800ba90       0x30 ./Drivers/STM32F4xx_HAL_Driver/stm32f4xx_ll_usb.o
                0x0800ba90                USB_SetDevSpeed
 .text.USB_GetDevSpeed
                0x0800bac0       0x6c ./Drivers/STM32F4xx_HAL_Driver/stm32f4xx_ll_usb.o
                0x0800bac0                USB_GetDevSpeed
 .text.USB_ActivateEndpoint
                0x0800bb2c      0x114 ./Drivers/STM32F4xx_HAL_Driver/stm32f4xx_ll_usb.o
                0x0800bb2c                USB_ActivateEndpoint
 .text.USB_DeactivateEndpoint
                0x0800bc40       0xf8 ./Drivers/STM32F4xx_HAL_Driver/stm32f4xx_ll_usb.o
                0x0800bc40                USB_DeactivateEndpoint
 .text.USB_EPStartXfer
                0x0800bd38      0x484 ./Drivers/STM32F4xx_HAL_Driver/stm32f4xx_ll_usb.o
                0x0800bd38                USB_EPStartXfer
 .text.USB_EP0StartXfer
                0x0800c1bc      0x2bc ./Drivers/STM32F4xx_HAL_Driver/stm32f4xx_ll_usb.o
                0x0800c1bc                USB_EP0StartXfer
 .text.USB_WritePacket
                0x0800c478       0x70 ./Drivers/STM32F4xx_HAL_Driver/stm32f4xx_ll_usb.o
                0x0800c478                USB_WritePacket
 .text.USB_ReadPacket
                0x0800c4e8       0x54 ./Drivers/STM32F4xx_HAL_Driver/stm32f4xx_ll_usb.o
                0x0800c4e8                USB_ReadPacket
 .text.USB_EPSetStall
                0x0800c53c       0xe4 ./Drivers/STM32F4xx_HAL_Driver/stm32f4xx_ll_usb.o
                0x0800c53c                USB_EPSetStall
 .text.USB_EPClearStall
                0x0800c620       0xdc ./Drivers/STM32F4xx_HAL_Driver/stm32f4xx_ll_usb.o
                0x0800c620                USB_EPClearStall
 .text.USB_SetDevAddress
                0x0800c6fc       0x4c ./Drivers/STM32F4xx_HAL_Driver/stm32f4xx_ll_usb.o
                0x0800c6fc                USB_SetDevAddress
 .text.USB_DevConnect
                0x0800c748       0x30 ./Drivers/STM32F4xx_HAL_Driver/stm32f4xx_ll_usb.o
                0x0800c748                USB_DevConnect
 .text.USB_DevDisconnect
                0x0800c778       0x30 ./Drivers/STM32F4xx_HAL_Driver/stm32f4xx_ll_usb.o
                0x0800c778                USB_DevDisconnect
 .text.USB_ReadInterrupts
                0x0800c7a8       0x2c ./Drivers/STM32F4xx_HAL_Driver/stm32f4xx_ll_usb.o
                0x0800c7a8                USB_ReadInterrupts
 .text.USB_ReadDevAllOutEpInterrupt
                0x0800c7d4       0x30 ./Drivers/STM32F4xx_HAL_Driver/stm32f4xx_ll_usb.o
                0x0800c7d4                USB_ReadDevAllOutEpInterrupt
 .text.USB_ReadDevAllInEpInterrupt
                0x0800c804       0x30 ./Drivers/STM32F4xx_HAL_Driver/stm32f4xx_ll_usb.o
                0x0800c804                USB_ReadDevAllInEpInterrupt
 .text.USB_ReadDevOutEPInterrupt
                0x0800c834       0x38 ./Drivers/STM32F4xx_HAL_Driver/stm32f4xx_ll_usb.o
                0x0800c834                USB_ReadDevOutEPInterrupt
 .text.USB_ReadDevInEPInterrupt
                0x0800c86c       0x54 ./Drivers/STM32F4xx_HAL_Driver/stm32f4xx_ll_usb.o
                0x0800c86c                USB_ReadDevInEPInterrupt
 .text.USB_GetMode
                0x0800c8c0       0x1c ./Drivers/STM32F4xx_HAL_Driver/stm32f4xx_ll_usb.o
                0x0800c8c0                USB_GetMode
 .text.USB_ActivateSetup
                0x0800c8dc       0x6c ./Drivers/STM32F4xx_HAL_Driver/stm32f4xx_ll_usb.o
                0x0800c8dc                USB_ActivateSetup
 .text.USB_EP0_OutStart
                0x0800c948       0x8c ./Drivers/STM32F4xx_HAL_Driver/stm32f4xx_ll_usb.o
                0x0800c948                USB_EP0_OutStart
 .text.USB_CoreReset
                0x0800c9d4       0x68 ./Drivers/STM32F4xx_HAL_Driver/stm32f4xx_ll_usb.o
 .text.SystemInit
                0x0800ca3c       0x6c ./Drivers/CMSIS/system_stm32f4xx.o
                0x0800ca3c                SystemInit
 .text.adcSum   0x0800caa8      0x124 ./Application/User/app/adcHandler.o
                0x0800caa8                adcSum
 .text.HAL_ADC_ConvCpltCallback
                0x0800cbcc       0x18 ./Application/User/app/adcHandler.o
                0x0800cbcc                HAL_ADC_ConvCpltCallback
 .text.MX_ADC1_Init
                0x0800cbe4       0x78 ./Application/User/adc.o
                0x0800cbe4                MX_ADC1_Init
 .text.MX_ADC2_Init
                0x0800cc5c       0x78 ./Application/User/adc.o
                0x0800cc5c                MX_ADC2_Init
 .text.MX_ADC3_Init
                0x0800ccd4       0x78 ./Application/User/adc.o
                0x0800ccd4                MX_ADC3_Init
 .text.HAL_ADC_MspInit
                0x0800cd4c      0x258 ./Application/User/adc.o
                0x0800cd4c                HAL_ADC_MspInit
 .text.MX_DMA_Init
                0x0800cfa4       0xb4 ./Application/User/dma.o
                0x0800cfa4                MX_DMA_Init
 .text.MX_FREERTOS_Init
                0x0800d058       0x34 ./Application/User/freertos.o
                0x0800d058                MX_FREERTOS_Init
 .text.StartDefaultTask
                0x0800d08c       0x14 ./Application/User/freertos.o
                0x0800d08c                StartDefaultTask
 .text.MX_GPIO_Init
                0x0800d0a0      0x418 ./Application/User/gpio.o
                0x0800d0a0                MX_GPIO_Init
 .text.MX_I2C3_Init
                0x0800d4b8       0x54 ./Application/User/i2c.o
                0x0800d4b8                MX_I2C3_Init
 .text.HAL_I2C_MspInit
                0x0800d50c       0x88 ./Application/User/i2c.o
                0x0800d50c                HAL_I2C_MspInit
 .text.main     0x0800d594      0x13c ./Application/User/main.o
                0x0800d594                main
 .text.SystemClock_Config
                0x0800d6d0       0xc4 ./Application/User/main.o
                0x0800d6d0                SystemClock_Config
 .text.task_one
                0x0800d794       0x74 ./Application/User/main.o
                0x0800d794                task_one
 .text.task_two
                0x0800d808       0x74 ./Application/User/main.o
                0x0800d808                task_two
 .text.taskADC  0x0800d87c       0x74 ./Application/User/main.o
                0x0800d87c                taskADC
 .text.assert_failed
                0x0800d8f0       0x18 ./Application/User/main.o
                0x0800d8f0                assert_failed
 .text.MX_SPI5_Init
                0x0800d908       0x64 ./Application/User/spi.o
                0x0800d908                MX_SPI5_Init
 .text.HAL_SPI_MspInit
                0x0800d96c       0x60 ./Application/User/spi.o
                0x0800d96c                HAL_SPI_MspInit
 .text.HAL_MspInit
                0x0800d9cc       0x1c ./Application/User/stm32f4xx_hal_msp.o
                0x0800d9cc                HAL_MspInit
 .text.SysTick_Handler
                0x0800d9e8        0xc ./Application/User/stm32f4xx_it.o
                0x0800d9e8                SysTick_Handler
 .text.DMA1_Stream0_IRQHandler
                0x0800d9f4       0x14 ./Application/User/stm32f4xx_it.o
                0x0800d9f4                DMA1_Stream0_IRQHandler
 .text.ADC_IRQHandler
                0x0800da08       0x28 ./Application/User/stm32f4xx_it.o
                0x0800da08                ADC_IRQHandler
 .text.USART1_IRQHandler
                0x0800da30       0x14 ./Application/User/stm32f4xx_it.o
                0x0800da30                USART1_IRQHandler
 .text.DMA1_Stream7_IRQHandler
                0x0800da44       0x14 ./Application/User/stm32f4xx_it.o
                0x0800da44                DMA1_Stream7_IRQHandler
 .text.UART5_IRQHandler
                0x0800da58       0x14 ./Application/User/stm32f4xx_it.o
                0x0800da58                UART5_IRQHandler
 .text.DMA2_Stream0_IRQHandler
                0x0800da6c       0x14 ./Application/User/stm32f4xx_it.o
                0x0800da6c                DMA2_Stream0_IRQHandler
 .text.DMA2_Stream1_IRQHandler
                0x0800da80       0x14 ./Application/User/stm32f4xx_it.o
                0x0800da80                DMA2_Stream1_IRQHandler
 .text.DMA2_Stream2_IRQHandler
                0x0800da94       0x14 ./Application/User/stm32f4xx_it.o
                0x0800da94                DMA2_Stream2_IRQHandler
 .text.DMA2_Stream3_IRQHandler
                0x0800daa8       0x14 ./Application/User/stm32f4xx_it.o
                0x0800daa8                DMA2_Stream3_IRQHandler
 .text.DMA2_Stream7_IRQHandler
                0x0800dabc       0x14 ./Application/User/stm32f4xx_it.o
                0x0800dabc                DMA2_Stream7_IRQHandler
 .text.OTG_HS_IRQHandler
                0x0800dad0       0x14 ./Application/User/stm32f4xx_it.o
                0x0800dad0                OTG_HS_IRQHandler
 .text.MX_TIM2_Init
                0x0800dae4       0x6c ./Application/User/tim.o
                0x0800dae4                MX_TIM2_Init
 .text.MX_TIM3_Init
                0x0800db50       0x80 ./Application/User/tim.o
                0x0800db50                MX_TIM3_Init
 .text.MX_TIM4_Init
                0x0800dbd0       0x70 ./Application/User/tim.o
                0x0800dbd0                MX_TIM4_Init
 .text.MX_TIM9_Init
                0x0800dc40       0x64 ./Application/User/tim.o
                0x0800dc40                MX_TIM9_Init
 .text.HAL_TIM_PWM_MspInit
                0x0800dca4      0x15c ./Application/User/tim.o
                0x0800dca4                HAL_TIM_PWM_MspInit
 .text.MX_UART5_Init
                0x0800de00       0x48 ./Application/User/usart.o
                0x0800de00                MX_UART5_Init
 .text.MX_USART1_UART_Init
                0x0800de48       0x48 ./Application/User/usart.o
                0x0800de48                MX_USART1_UART_Init
 .text.HAL_UART_MspInit
                0x0800de90      0x2a8 ./Application/User/usart.o
                0x0800de90                HAL_UART_MspInit
 .text.MX_USB_DEVICE_Init
                0x0800e138       0x38 ./Application/User/usb_device.o
                0x0800e138                MX_USB_DEVICE_Init
 .text.CDC_Init_HS
                0x0800e170       0x3c ./Application/User/usbd_cdc_if.o
 .text.CDC_DeInit_HS
                0x0800e1ac       0x14 ./Application/User/usbd_cdc_if.o
 .text.CDC_Control_HS
                0x0800e1c0       0xc0 ./Application/User/usbd_cdc_if.o
 .text.CDC_Receive_HS
                0x0800e280       0x1c ./Application/User/usbd_cdc_if.o
 .text.HAL_PCD_MspInit
                0x0800e29c       0x8c ./Application/User/usbd_conf.o
                0x0800e29c                HAL_PCD_MspInit
 .text.HAL_PCD_SetupStageCallback
                0x0800e328       0x24 ./Application/User/usbd_conf.o
                0x0800e328                HAL_PCD_SetupStageCallback
 .text.HAL_PCD_DataOutStageCallback
                0x0800e34c       0x38 ./Application/User/usbd_conf.o
                0x0800e34c                HAL_PCD_DataOutStageCallback
 .text.HAL_PCD_DataInStageCallback
                0x0800e384       0x34 ./Application/User/usbd_conf.o
                0x0800e384                HAL_PCD_DataInStageCallback
 .text.HAL_PCD_SOFCallback
                0x0800e3b8       0x1c ./Application/User/usbd_conf.o
                0x0800e3b8                HAL_PCD_SOFCallback
 .text.HAL_PCD_ResetCallback
                0x0800e3d4       0x50 ./Application/User/usbd_conf.o
                0x0800e3d4                HAL_PCD_ResetCallback
 .text.HAL_PCD_SuspendCallback
                0x0800e424       0x50 ./Application/User/usbd_conf.o
                0x0800e424                HAL_PCD_SuspendCallback
 .text.HAL_PCD_ResumeCallback
                0x0800e474       0x1c ./Application/User/usbd_conf.o
                0x0800e474                HAL_PCD_ResumeCallback
 .text.HAL_PCD_ISOOUTIncompleteCallback
                0x0800e490       0x24 ./Application/User/usbd_conf.o
                0x0800e490                HAL_PCD_ISOOUTIncompleteCallback
 .text.HAL_PCD_ISOINIncompleteCallback
                0x0800e4b4       0x24 ./Application/User/usbd_conf.o
                0x0800e4b4                HAL_PCD_ISOINIncompleteCallback
 .text.HAL_PCD_ConnectCallback
                0x0800e4d8       0x1c ./Application/User/usbd_conf.o
                0x0800e4d8                HAL_PCD_ConnectCallback
 .text.HAL_PCD_DisconnectCallback
                0x0800e4f4       0x1c ./Application/User/usbd_conf.o
                0x0800e4f4                HAL_PCD_DisconnectCallback
 .text.USBD_LL_Init
                0x0800e510       0xa0 ./Application/User/usbd_conf.o
                0x0800e510                USBD_LL_Init
 .text.USBD_LL_Start
                0x0800e5b0       0x20 ./Application/User/usbd_conf.o
                0x0800e5b0                USBD_LL_Start
 .text.USBD_LL_OpenEP
                0x0800e5d0       0x34 ./Application/User/usbd_conf.o
                0x0800e5d0                USBD_LL_OpenEP
 .text.USBD_LL_CloseEP
                0x0800e604       0x28 ./Application/User/usbd_conf.o
                0x0800e604                USBD_LL_CloseEP
 .text.USBD_LL_StallEP
                0x0800e62c       0x28 ./Application/User/usbd_conf.o
                0x0800e62c                USBD_LL_StallEP
 .text.USBD_LL_ClearStallEP
                0x0800e654       0x28 ./Application/User/usbd_conf.o
                0x0800e654                USBD_LL_ClearStallEP
 .text.USBD_LL_IsStallEP
                0x0800e67c       0x58 ./Application/User/usbd_conf.o
                0x0800e67c                USBD_LL_IsStallEP
 .text.USBD_LL_SetUSBAddress
                0x0800e6d4       0x28 ./Application/User/usbd_conf.o
                0x0800e6d4                USBD_LL_SetUSBAddress
 .text.USBD_LL_Transmit
                0x0800e6fc       0x30 ./Application/User/usbd_conf.o
                0x0800e6fc                USBD_LL_Transmit
 .text.USBD_LL_PrepareReceive
                0x0800e72c       0x30 ./Application/User/usbd_conf.o
                0x0800e72c                USBD_LL_PrepareReceive
 .text.USBD_LL_GetRxDataSize
                0x0800e75c       0x28 ./Application/User/usbd_conf.o
                0x0800e75c                USBD_LL_GetRxDataSize
 .text.USBD_HS_DeviceDescriptor
                0x0800e784       0x24 ./Application/User/usbd_desc.o
                0x0800e784                USBD_HS_DeviceDescriptor
 .text.USBD_HS_LangIDStrDescriptor
                0x0800e7a8       0x24 ./Application/User/usbd_desc.o
                0x0800e7a8                USBD_HS_LangIDStrDescriptor
 .text.USBD_HS_ProductStrDescriptor
                0x0800e7cc       0x3c ./Application/User/usbd_desc.o
                0x0800e7cc                USBD_HS_ProductStrDescriptor
 .text.USBD_HS_ManufacturerStrDescriptor
                0x0800e808       0x28 ./Application/User/usbd_desc.o
                0x0800e808                USBD_HS_ManufacturerStrDescriptor
 .text.USBD_HS_SerialStrDescriptor
                0x0800e830       0x3c ./Application/User/usbd_desc.o
                0x0800e830                USBD_HS_SerialStrDescriptor
 .text.USBD_HS_ConfigStrDescriptor
                0x0800e86c       0x3c ./Application/User/usbd_desc.o
                0x0800e86c                USBD_HS_ConfigStrDescriptor
 .text.USBD_HS_InterfaceStrDescriptor
                0x0800e8a8       0x3c ./Application/User/usbd_desc.o
                0x0800e8a8                USBD_HS_InterfaceStrDescriptor
 .text.Reset_Handler
                0x0800e8e4       0x50 ./Application/SW4STM32/startup_stm32f429xx.o
                0x0800e8e4                Reset_Handler
 .text.Default_Handler
                0x0800e934        0x2 ./Application/SW4STM32/startup_stm32f429xx.o
                0x0800e934                RTC_Alarm_IRQHandler
                0x0800e934                HASH_RNG_IRQHandler
                0x0800e934                EXTI2_IRQHandler
                0x0800e934                TIM8_CC_IRQHandler
                0x0800e934                DebugMon_Handler
                0x0800e934                UART8_IRQHandler
                0x0800e934                SPI4_IRQHandler
                0x0800e934                TIM1_CC_IRQHandler
                0x0800e934                DMA2_Stream5_IRQHandler
                0x0800e934                HardFault_Handler
                0x0800e934                DMA1_Stream5_IRQHandler
                0x0800e934                PVD_IRQHandler
                0x0800e934                SDIO_IRQHandler
                0x0800e934                TAMP_STAMP_IRQHandler
                0x0800e934                NMI_Handler
                0x0800e934                CAN2_RX1_IRQHandler
                0x0800e934                EXTI3_IRQHandler
                0x0800e934                TIM8_TRG_COM_TIM14_IRQHandler
                0x0800e934                TIM1_UP_TIM10_IRQHandler
                0x0800e934                TIM8_UP_TIM13_IRQHandler
                0x0800e934                I2C3_ER_IRQHandler
                0x0800e934                EXTI0_IRQHandler
                0x0800e934                I2C2_EV_IRQHandler
                0x0800e934                DMA1_Stream2_IRQHandler
                0x0800e934                CAN1_RX0_IRQHandler
                0x0800e934                FPU_IRQHandler
                0x0800e934                OTG_HS_WKUP_IRQHandler
                0x0800e934                UsageFault_Handler
                0x0800e934                LTDC_ER_IRQHandler
                0x0800e934                CAN2_SCE_IRQHandler
                0x0800e934                SPI1_IRQHandler
                0x0800e934                TIM6_DAC_IRQHandler
                0x0800e934                TIM1_BRK_TIM9_IRQHandler
                0x0800e934                DCMI_IRQHandler
                0x0800e934                CAN2_RX0_IRQHandler
                0x0800e934                USART6_IRQHandler
                0x0800e934                USART3_IRQHandler
                0x0800e934                CAN1_RX1_IRQHandler
                0x0800e934                TIM4_IRQHandler
                0x0800e934                I2C1_EV_IRQHandler
                0x0800e934                DMA1_Stream6_IRQHandler
                0x0800e934                DMA1_Stream1_IRQHandler
                0x0800e934                UART4_IRQHandler
                0x0800e934                TIM3_IRQHandler
                0x0800e934                RCC_IRQHandler
                0x0800e934                TIM8_BRK_TIM12_IRQHandler
                0x0800e934                Default_Handler
                0x0800e934                EXTI15_10_IRQHandler
                0x0800e934                SPI5_IRQHandler
                0x0800e934                TIM7_IRQHandler
                0x0800e934                CAN2_TX_IRQHandler
                0x0800e934                TIM5_IRQHandler
                0x0800e934                I2C3_EV_IRQHandler
                0x0800e934                EXTI9_5_IRQHandler
                0x0800e934                RTC_WKUP_IRQHandler
                0x0800e934                LTDC_IRQHandler
                0x0800e934                ETH_WKUP_IRQHandler
                0x0800e934                SPI2_IRQHandler
                0x0800e934                OTG_HS_EP1_IN_IRQHandler
                0x0800e934                MemManage_Handler
                0x0800e934                CAN1_TX_IRQHandler
                0x0800e934                EXTI4_IRQHandler
                0x0800e934                ETH_IRQHandler
                0x0800e934                OTG_HS_EP1_OUT_IRQHandler
                0x0800e934                WWDG_IRQHandler
                0x0800e934                SPI6_IRQHandler
                0x0800e934                TIM2_IRQHandler
                0x0800e934                OTG_FS_WKUP_IRQHandler
                0x0800e934                TIM1_TRG_COM_TIM11_IRQHandler
                0x0800e934                DMA2D_IRQHandler
                0x0800e934                EXTI1_IRQHandler
                0x0800e934                UART7_IRQHandler
                0x0800e934                USART2_IRQHandler
                0x0800e934                I2C2_ER_IRQHandler
                0x0800e934                CAN1_SCE_IRQHandler
                0x0800e934                FLASH_IRQHandler
                0x0800e934                DMA2_Stream4_IRQHandler
                0x0800e934                BusFault_Handler
                0x0800e934                OTG_FS_IRQHandler
                0x0800e934                SPI3_IRQHandler
                0x0800e934                DMA1_Stream4_IRQHandler
                0x0800e934                I2C1_ER_IRQHandler
                0x0800e934                FMC_IRQHandler
                0x0800e934                DMA2_Stream6_IRQHandler
                0x0800e934                SAI1_IRQHandler
                0x0800e934                DMA1_Stream3_IRQHandler
 *fill*         0x0800e936        0x2 
 .text.__libc_init_array
                0x0800e938       0x4c e:/eclipse/plugins/fr.ac6.mcu.externaltools.arm-none.win32_1.7.0.201602121829/tools/compiler/bin/../lib/gcc/arm-none-eabi/5.2.1/../../../../arm-none-eabi/lib/armv7e-m/fpu\libc_nano.a(lib_a-init.o)
                0x0800e938                __libc_init_array
 .text.malloc   0x0800e984       0x10 e:/eclipse/plugins/fr.ac6.mcu.externaltools.arm-none.win32_1.7.0.201602121829/tools/compiler/bin/../lib/gcc/arm-none-eabi/5.2.1/../../../../arm-none-eabi/lib/armv7e-m/fpu\libc_nano.a(lib_a-malloc.o)
                0x0800e984                malloc
 .text.free     0x0800e994       0x10 e:/eclipse/plugins/fr.ac6.mcu.externaltools.arm-none.win32_1.7.0.201602121829/tools/compiler/bin/../lib/gcc/arm-none-eabi/5.2.1/../../../../arm-none-eabi/lib/armv7e-m/fpu\libc_nano.a(lib_a-malloc.o)
                0x0800e994                free
 .text.memset   0x0800e9a4       0x10 e:/eclipse/plugins/fr.ac6.mcu.externaltools.arm-none.win32_1.7.0.201602121829/tools/compiler/bin/../lib/gcc/arm-none-eabi/5.2.1/../../../../arm-none-eabi/lib/armv7e-m/fpu\libc_nano.a(lib_a-memset.o)
                0x0800e9a4                memset
 .text._free_r  0x0800e9b4       0x8c e:/eclipse/plugins/fr.ac6.mcu.externaltools.arm-none.win32_1.7.0.201602121829/tools/compiler/bin/../lib/gcc/arm-none-eabi/5.2.1/../../../../arm-none-eabi/lib/armv7e-m/fpu\libc_nano.a(lib_a-nano-freer.o)
                0x0800e9b4                _free_r
 .text._malloc_r
                0x0800ea40       0xa8 e:/eclipse/plugins/fr.ac6.mcu.externaltools.arm-none.win32_1.7.0.201602121829/tools/compiler/bin/../lib/gcc/arm-none-eabi/5.2.1/../../../../arm-none-eabi/lib/armv7e-m/fpu\libc_nano.a(lib_a-nano-mallocr.o)
                0x0800ea40                _malloc_r
 .text._sbrk_r  0x0800eae8       0x20 e:/eclipse/plugins/fr.ac6.mcu.externaltools.arm-none.win32_1.7.0.201602121829/tools/compiler/bin/../lib/gcc/arm-none-eabi/5.2.1/../../../../arm-none-eabi/lib/armv7e-m/fpu\libc_nano.a(lib_a-sbrkr.o)
                0x0800eae8                _sbrk_r
 .text._sbrk    0x0800eb08       0x1c e:/eclipse/plugins/fr.ac6.mcu.externaltools.arm-none.win32_1.7.0.201602121829/tools/compiler/bin/../lib/gcc/arm-none-eabi/5.2.1/../../../../arm-none-eabi/lib/armv7e-m/fpu\libnosys.a(sbrk.o)
                0x0800eb08                _sbrk
 *(.glue_7)
 .glue_7        0x0800eb24        0x0 linker stubs
 *(.glue_7t)
 .glue_7t       0x0800eb24        0x0 linker stubs
 *(.eh_frame)
 .eh_frame      0x0800eb24        0x0 e:/eclipse/plugins/fr.ac6.mcu.externaltools.arm-none.win32_1.7.0.201602121829/tools/compiler/bin/../lib/gcc/arm-none-eabi/5.2.1/armv7e-m/fpu/crtbegin.o
 *(.init)
 .init          0x0800eb24        0x4 e:/eclipse/plugins/fr.ac6.mcu.externaltools.arm-none.win32_1.7.0.201602121829/tools/compiler/bin/../lib/gcc/arm-none-eabi/5.2.1/armv7e-m/fpu/crti.o
                0x0800eb24                _init
 .init          0x0800eb28        0x8 e:/eclipse/plugins/fr.ac6.mcu.externaltools.arm-none.win32_1.7.0.201602121829/tools/compiler/bin/../lib/gcc/arm-none-eabi/5.2.1/armv7e-m/fpu/crtn.o
 *(.fini)
 .fini          0x0800eb30        0x4 e:/eclipse/plugins/fr.ac6.mcu.externaltools.arm-none.win32_1.7.0.201602121829/tools/compiler/bin/../lib/gcc/arm-none-eabi/5.2.1/armv7e-m/fpu/crti.o
                0x0800eb30                _fini
 .fini          0x0800eb34        0x8 e:/eclipse/plugins/fr.ac6.mcu.externaltools.arm-none.win32_1.7.0.201602121829/tools/compiler/bin/../lib/gcc/arm-none-eabi/5.2.1/armv7e-m/fpu/crtn.o
                0x0800eb3c                . = ALIGN (0x4)
                0x0800eb3c                _etext = .

.vfp11_veneer   0x0800eb3c        0x0
 .vfp11_veneer  0x0800eb3c        0x0 linker stubs

.v4_bx          0x0800eb3c        0x0
 .v4_bx         0x0800eb3c        0x0 linker stubs

.iplt           0x0800eb3c        0x0
 .iplt          0x0800eb3c        0x0 e:/eclipse/plugins/fr.ac6.mcu.externaltools.arm-none.win32_1.7.0.201602121829/tools/compiler/bin/../lib/gcc/arm-none-eabi/5.2.1/armv7e-m/fpu/crtbegin.o

.rodata         0x0800eb3c      0x6b4
                0x0800eb3c                . = ALIGN (0x4)
 *(.rodata)
 .rodata        0x0800eb3c        0x5 ./Middlewares/FreeRTOS/tasks.o
 *fill*         0x0800eb41        0x3 
 .rodata        0x0800eb44       0x70 ./Drivers/STM32F4xx_HAL_Driver/stm32f4xx_hal_adc.o
 .rodata        0x0800ebb4       0x73 ./Drivers/STM32F4xx_HAL_Driver/stm32f4xx_hal_cortex.o
 *fill*         0x0800ec27        0x1 
 .rodata        0x0800ec28       0x70 ./Drivers/STM32F4xx_HAL_Driver/stm32f4xx_hal_dma.o
 .rodata        0x0800ec98       0x71 ./Drivers/STM32F4xx_HAL_Driver/stm32f4xx_hal_gpio.o
 *fill*         0x0800ed09        0x3 
 .rodata        0x0800ed0c       0x70 ./Drivers/STM32F4xx_HAL_Driver/stm32f4xx_hal_i2c.o
 .rodata        0x0800ed7c       0x70 ./Drivers/STM32F4xx_HAL_Driver/stm32f4xx_hal_pcd.o
 .rodata        0x0800edec       0x80 ./Drivers/STM32F4xx_HAL_Driver/stm32f4xx_hal_rcc.o
                0x0800edec                APBAHBPrescTable
 .rodata        0x0800ee6c       0x70 ./Drivers/STM32F4xx_HAL_Driver/stm32f4xx_hal_spi.o
 .rodata        0x0800eedc       0x70 ./Drivers/STM32F4xx_HAL_Driver/stm32f4xx_hal_tim.o
 .rodata        0x0800ef4c       0x73 ./Drivers/STM32F4xx_HAL_Driver/stm32f4xx_hal_tim_ex.o
 *fill*         0x0800efbf        0x1 
 .rodata        0x0800efc0       0x71 ./Drivers/STM32F4xx_HAL_Driver/stm32f4xx_hal_uart.o
 *fill*         0x0800f031        0x3 
 .rodata        0x0800f034       0x20 ./Application/User/freertos.o
 .rodata        0x0800f054      0x142 ./Application/User/main.o
 *fill*         0x0800f196        0x2 
 .rodata        0x0800f198       0x56 ./Application/User/usbd_desc.o
 *(.rodata*)
 .rodata.str1.1
                0x0800f1ee        0x2 e:/eclipse/plugins/fr.ac6.mcu.externaltools.arm-none.win32_1.7.0.201602121829/tools/compiler/bin/../lib/gcc/arm-none-eabi/5.2.1/../../../../arm-none-eabi/lib/armv7e-m/fpu\libc_nano.a(lib_a-impure.o)
                0x0800f1f0                . = ALIGN (0x4)

.rel.dyn        0x0800f1f0        0x0
 .rel.iplt      0x0800f1f0        0x0 e:/eclipse/plugins/fr.ac6.mcu.externaltools.arm-none.win32_1.7.0.201602121829/tools/compiler/bin/../lib/gcc/arm-none-eabi/5.2.1/armv7e-m/fpu/crtbegin.o

.ARM.extab
 *(.ARM.extab* .gnu.linkonce.armextab.*)

.ARM            0x0800f1f0        0x0
                0x0800f1f0                __exidx_start = .
 *(.ARM.exidx*)
                0x0800f1f0                __exidx_end = .

.preinit_array  0x0800f1f0        0x0
                0x0800f1f0                PROVIDE (__preinit_array_start, .)
 *(.preinit_array*)
                0x0800f1f0                PROVIDE (__preinit_array_end, .)

.init_array     0x0800f1f0        0x4
                0x0800f1f0                PROVIDE (__init_array_start, .)
 *(SORT(.init_array.*))
 *(.init_array*)
 .init_array    0x0800f1f0        0x4 e:/eclipse/plugins/fr.ac6.mcu.externaltools.arm-none.win32_1.7.0.201602121829/tools/compiler/bin/../lib/gcc/arm-none-eabi/5.2.1/armv7e-m/fpu/crtbegin.o
                0x0800f1f4                PROVIDE (__init_array_end, .)

.fini_array     0x0800f1f4        0x4
                [!provide]                PROVIDE (__fini_array_start, .)
 *(SORT(.fini_array.*))
 *(.fini_array*)
 .fini_array    0x0800f1f4        0x4 e:/eclipse/plugins/fr.ac6.mcu.externaltools.arm-none.win32_1.7.0.201602121829/tools/compiler/bin/../lib/gcc/arm-none-eabi/5.2.1/armv7e-m/fpu/crtbegin.o
                [!provide]                PROVIDE (__fini_array_end, .)
                0x0800f1f8                _sidata = LOADADDR (.data)

.data           0x20000000      0x1dc load address 0x0800f1f8
                0x20000000                . = ALIGN (0x4)
                0x20000000                _sdata = .
 *(.data)
 .data          0x20000000      0x10f ./Middlewares/USB_Device_Library/usbd_cdc.o
                0x2000000c                USBD_CDC
                0x20000044                USBD_CDC_CfgHSDesc
                0x20000088                USBD_CDC_CfgFSDesc
                0x200000cc                USBD_CDC_OtherSpeedCfgDesc
 *fill*         0x2000010f        0x1 
 .data          0x20000110        0x4 ./Middlewares/FreeRTOS/port.o
 .data          0x20000114        0x4 ./Middlewares/FreeRTOS/tasks.o
 .data          0x20000118        0x4 ./Drivers/CMSIS/system_stm32f4xx.o
                0x20000118                SystemCoreClock
 .data          0x2000011c       0x18 ./Application/User/main.o
                0x2000011c                MAIN_task1_message1
                0x20000120                MAIN_task1_message5
                0x20000124                MAIN_task2_message1
                0x20000128                MAIN_task2_message5
                0x2000012c                MAIN_adc_message1
                0x20000130                MAIN_adc_message5
 .data          0x20000134       0x10 ./Application/User/usbd_cdc_if.o
                0x20000134                USBD_Interface_fops_HS
 .data          0x20000144       0x34 ./Application/User/usbd_desc.o
                0x20000144                HS_Desc
                0x20000160                USBD_HS_DeviceDesc
                0x20000174                USBD_LangIDDesc
 *(.data*)
 .data.impure_data
                0x20000178       0x60 e:/eclipse/plugins/fr.ac6.mcu.externaltools.arm-none.win32_1.7.0.201602121829/tools/compiler/bin/../lib/gcc/arm-none-eabi/5.2.1/../../../../arm-none-eabi/lib/armv7e-m/fpu\libc_nano.a(lib_a-impure.o)
 .data._impure_ptr
                0x200001d8        0x4 e:/eclipse/plugins/fr.ac6.mcu.externaltools.arm-none.win32_1.7.0.201602121829/tools/compiler/bin/../lib/gcc/arm-none-eabi/5.2.1/../../../../arm-none-eabi/lib/armv7e-m/fpu\libc_nano.a(lib_a-impure.o)
                0x200001d8                _impure_ptr
                0x200001dc                . = ALIGN (0x4)
                0x200001dc                _edata = .
                0x0800f3d4                _siccmram = LOADADDR (.ccmram)

.jcr            0x200001dc        0x0 load address 0x0800f3d4
 .jcr           0x200001dc        0x0 e:/eclipse/plugins/fr.ac6.mcu.externaltools.arm-none.win32_1.7.0.201602121829/tools/compiler/bin/../lib/gcc/arm-none-eabi/5.2.1/armv7e-m/fpu/crtbegin.o

.tm_clone_table
                0x200001dc        0x0 load address 0x0800f3d4
 .tm_clone_table
                0x200001dc        0x0 e:/eclipse/plugins/fr.ac6.mcu.externaltools.arm-none.win32_1.7.0.201602121829/tools/compiler/bin/../lib/gcc/arm-none-eabi/5.2.1/armv7e-m/fpu/crtbegin.o
 .tm_clone_table
                0x200001dc        0x0 e:/eclipse/plugins/fr.ac6.mcu.externaltools.arm-none.win32_1.7.0.201602121829/tools/compiler/bin/../lib/gcc/arm-none-eabi/5.2.1/armv7e-m/fpu/crtend.o

.igot.plt       0x200001dc        0x0 load address 0x0800f3d4
 .igot.plt      0x200001dc        0x0 e:/eclipse/plugins/fr.ac6.mcu.externaltools.arm-none.win32_1.7.0.201602121829/tools/compiler/bin/../lib/gcc/arm-none-eabi/5.2.1/armv7e-m/fpu/crtbegin.o

.ccmram         0x10000000        0x0 load address 0x0800f3d4
                0x10000000                . = ALIGN (0x4)
                0x10000000                _sccmram = .
 *(.ccmram)
 *(.ccmram*)
                0x10000000                . = ALIGN (0x4)
                0x10000000                _eccmram = .
                0x10000000                . = ALIGN (0x4)

.bss            0x200001dc     0x7d60
                0x200001dc                _sbss = .
                0x200001dc                __bss_start__ = _sbss
 *(.bss)
 .bss           0x200001dc       0x1c e:/eclipse/plugins/fr.ac6.mcu.externaltools.arm-none.win32_1.7.0.201602121829/tools/compiler/bin/../lib/gcc/arm-none-eabi/5.2.1/armv7e-m/fpu/crtbegin.o
 .bss           0x200001f8        0x1 ./Middlewares/USB_Device_Library/usbd_cdc.o
 .bss           0x200001f9        0x1 ./Middlewares/USB_Device_Library/usbd_ctlreq.o
 *fill*         0x200001fa        0x2 
 .bss           0x200001fc     0x3c18 ./Middlewares/FreeRTOS/heap_4.o
 .bss           0x20003e14        0x8 ./Middlewares/FreeRTOS/port.o
 .bss           0x20003e1c      0x124 ./Middlewares/FreeRTOS/tasks.o
                0x20003e1c                pxCurrentTCB
 .bss           0x20003f40        0x4 ./Drivers/STM32F4xx_HAL_Driver/stm32f4xx_hal.o
 *(.bss*)
 .bss.__malloc_sbrk_start
                0x20003f44        0x4 e:/eclipse/plugins/fr.ac6.mcu.externaltools.arm-none.win32_1.7.0.201602121829/tools/compiler/bin/../lib/gcc/arm-none-eabi/5.2.1/../../../../arm-none-eabi/lib/armv7e-m/fpu\libc_nano.a(lib_a-nano-mallocr.o)
                0x20003f44                __malloc_sbrk_start
 .bss.__malloc_free_list
                0x20003f48        0x4 e:/eclipse/plugins/fr.ac6.mcu.externaltools.arm-none.win32_1.7.0.201602121829/tools/compiler/bin/../lib/gcc/arm-none-eabi/5.2.1/../../../../arm-none-eabi/lib/armv7e-m/fpu\libc_nano.a(lib_a-nano-mallocr.o)
                0x20003f48                __malloc_free_list
 .bss.heap_end.4169
                0x20003f4c        0x4 e:/eclipse/plugins/fr.ac6.mcu.externaltools.arm-none.win32_1.7.0.201602121829/tools/compiler/bin/../lib/gcc/arm-none-eabi/5.2.1/../../../../arm-none-eabi/lib/armv7e-m/fpu\libnosys.a(sbrk.o)
 *(COMMON)
 COMMON         0x20003f50     0x3024 ./Application/User/app/adcHandler.o
                0x20003f50                adcValues
                0x20003f74                adc_buffer
 COMMON         0x20006f74      0x2dc ./Application/User/app/serial.o
                0x20006f74                SER_RxBuffer
                0x20006ff8                UartHandle
                0x20007038                SER_next
                0x2000703c                usart_RxBuf
 COMMON         0x20007250      0x1bc ./Application/User/adc.o
                0x20007250                hadc2
                0x20007294                hdma_adc3
                0x200072e4                hadc1
                0x20007328                hadc3
                0x2000736c                hdma_adc1
                0x200073bc                hdma_adc2
 COMMON         0x2000740c        0x4 ./Application/User/freertos.o
                0x2000740c                defaultTaskHandle
 COMMON         0x20007410       0x3c ./Application/User/i2c.o
                0x20007410                hi2c3
 COMMON         0x2000744c       0x58 ./Application/User/spi.o
                0x2000744c                hspi5
 COMMON         0x200074a4       0xf0 ./Application/User/tim.o
                0x200074a4                htim4
                0x200074e0                htim3
                0x2000751c                htim9
                0x20007558                htim2
 COMMON         0x20007594      0x1c0 ./Application/User/usart.o
                0x20007594                hdma_usart1_tx
                0x200075e4                huart5
                0x20007624                hdma_usart1_rx
                0x20007674                huart1
                0x200076b4                hdma_uart5_rx
                0x20007704                hdma_uart5_tx
 COMMON         0x20007754      0x224 ./Application/User/usb_device.o
                0x20007754                hUsbDeviceHS
 COMMON         0x20007978        0xc ./Application/User/usbd_cdc_if.o
                0x20007978                hUsbDevice_1
                0x2000797c                UserRxBufferHS
                0x20007980                UserTxBufferHS
 COMMON         0x20007984      0x3b4 ./Application/User/usbd_conf.o
                0x20007984                hpcd_USB_OTG_HS
 COMMON         0x20007d38      0x200 ./Application/User/usbd_desc.o
                0x20007d38                USBD_StrDesc
 COMMON         0x20007f38        0x4 e:/eclipse/plugins/fr.ac6.mcu.externaltools.arm-none.win32_1.7.0.201602121829/tools/compiler/bin/../lib/gcc/arm-none-eabi/5.2.1/../../../../arm-none-eabi/lib/armv7e-m/fpu\libc_nano.a(lib_a-reent.o)
                0x20007f38                errno
                0x20007f3c                . = ALIGN (0x4)
                0x20007f3c                _ebss = .
                0x20007f3c                __bss_end__ = _ebss

._user_heap_stack
                0x20007f3c      0x604
                0x20007f40                . = ALIGN (0x8)
 *fill*         0x20007f3c        0x4 
                0x20007f40                PROVIDE (end, .)
                [!provide]                PROVIDE (_end, .)
                0x20008140                . = (. + _Min_Heap_Size)
 *fill*         0x20007f40      0x200 
                0x20008540                . = (. + _Min_Stack_Size)
 *fill*         0x20008140      0x400 
                0x20008540                . = ALIGN (0x8)

/DISCARD/
 libc.a(*)
 libm.a(*)
 libgcc.a(*)

.ARM.attributes
                0x00000000       0x30
 *(.ARM.attributes)
 .ARM.attributes
                0x00000000       0x22 e:/eclipse/plugins/fr.ac6.mcu.externaltools.arm-none.win32_1.7.0.201602121829/tools/compiler/bin/../lib/gcc/arm-none-eabi/5.2.1/armv7e-m/fpu/crti.o
 .ARM.attributes
                0x00000022       0x34 e:/eclipse/plugins/fr.ac6.mcu.externaltools.arm-none.win32_1.7.0.201602121829/tools/compiler/bin/../lib/gcc/arm-none-eabi/5.2.1/armv7e-m/fpu/crtbegin.o
 .ARM.attributes
                0x00000056       0x39 ./Middlewares/USB_Device_Library/usbd_cdc.o
 .ARM.attributes
                0x0000008f       0x39 ./Middlewares/USB_Device_Library/usbd_core.o
 .ARM.attributes
                0x000000c8       0x39 ./Middlewares/USB_Device_Library/usbd_ctlreq.o
 .ARM.attributes
                0x00000101       0x39 ./Middlewares/USB_Device_Library/usbd_ioreq.o
 .ARM.attributes
                0x0000013a       0x39 ./Middlewares/FreeRTOS/cmsis_os.o
 .ARM.attributes
                0x00000173       0x39 ./Middlewares/FreeRTOS/heap_4.o
 .ARM.attributes
                0x000001ac       0x39 ./Middlewares/FreeRTOS/list.o
 .ARM.attributes
                0x000001e5       0x39 ./Middlewares/FreeRTOS/port.o
 .ARM.attributes
                0x0000021e       0x39 ./Middlewares/FreeRTOS/tasks.o
 .ARM.attributes
                0x00000257       0x39 ./Drivers/STM32F4xx_HAL_Driver/stm32f4xx_hal.o
 .ARM.attributes
                0x00000290       0x39 ./Drivers/STM32F4xx_HAL_Driver/stm32f4xx_hal_adc.o
 .ARM.attributes
                0x000002c9       0x39 ./Drivers/STM32F4xx_HAL_Driver/stm32f4xx_hal_adc_ex.o
 .ARM.attributes
                0x00000302       0x39 ./Drivers/STM32F4xx_HAL_Driver/stm32f4xx_hal_cortex.o
 .ARM.attributes
                0x0000033b       0x39 ./Drivers/STM32F4xx_HAL_Driver/stm32f4xx_hal_dma.o
 .ARM.attributes
                0x00000374       0x39 ./Drivers/STM32F4xx_HAL_Driver/stm32f4xx_hal_gpio.o
 .ARM.attributes
                0x000003ad       0x39 ./Drivers/STM32F4xx_HAL_Driver/stm32f4xx_hal_i2c.o
 .ARM.attributes
                0x000003e6       0x39 ./Drivers/STM32F4xx_HAL_Driver/stm32f4xx_hal_pcd.o
 .ARM.attributes
                0x0000041f       0x39 ./Drivers/STM32F4xx_HAL_Driver/stm32f4xx_hal_pcd_ex.o
 .ARM.attributes
                0x00000458       0x39 ./Drivers/STM32F4xx_HAL_Driver/stm32f4xx_hal_rcc.o
 .ARM.attributes
                0x00000491       0x39 ./Drivers/STM32F4xx_HAL_Driver/stm32f4xx_hal_spi.o
 .ARM.attributes
                0x000004ca       0x39 ./Drivers/STM32F4xx_HAL_Driver/stm32f4xx_hal_tim.o
 .ARM.attributes
                0x00000503       0x39 ./Drivers/STM32F4xx_HAL_Driver/stm32f4xx_hal_tim_ex.o
 .ARM.attributes
                0x0000053c       0x39 ./Drivers/STM32F4xx_HAL_Driver/stm32f4xx_hal_uart.o
 .ARM.attributes
                0x00000575       0x39 ./Drivers/STM32F4xx_HAL_Driver/stm32f4xx_ll_usb.o
 .ARM.attributes
                0x000005ae       0x39 ./Drivers/CMSIS/system_stm32f4xx.o
 .ARM.attributes
                0x000005e7       0x39 ./Application/User/app/adcHandler.o
 .ARM.attributes
                0x00000620       0x39 ./Application/User/app/serial.o
 .ARM.attributes
                0x00000659       0x39 ./Application/User/adc.o
 .ARM.attributes
                0x00000692       0x39 ./Application/User/dma.o
 .ARM.attributes
                0x000006cb       0x39 ./Application/User/freertos.o
 .ARM.attributes
                0x00000704       0x39 ./Application/User/gpio.o
 .ARM.attributes
                0x0000073d       0x39 ./Application/User/i2c.o
 .ARM.attributes
                0x00000776       0x39 ./Application/User/main.o
 .ARM.attributes
                0x000007af       0x39 ./Application/User/spi.o
 .ARM.attributes
                0x000007e8       0x39 ./Application/User/stm32f4xx_hal_msp.o
 .ARM.attributes
                0x00000821       0x39 ./Application/User/stm32f4xx_it.o
 .ARM.attributes
                0x0000085a       0x39 ./Application/User/tim.o
 .ARM.attributes
                0x00000893       0x39 ./Application/User/usart.o
 .ARM.attributes
                0x000008cc       0x39 ./Application/User/usb_device.o
 .ARM.attributes
                0x00000905       0x39 ./Application/User/usbd_cdc_if.o
 .ARM.attributes
                0x0000093e       0x39 ./Application/User/usbd_conf.o
 .ARM.attributes
                0x00000977       0x39 ./Application/User/usbd_desc.o
 .ARM.attributes
                0x000009b0       0x21 ./Application/SW4STM32/startup_stm32f429xx.o
 .ARM.attributes
                0x000009d1       0x22 e:/eclipse/plugins/fr.ac6.mcu.externaltools.arm-none.win32_1.7.0.201602121829/tools/compiler/bin/../lib/gcc/arm-none-eabi/5.2.1/armv7e-m/fpu\libgcc.a(_arm_addsubdf3.o)
 .ARM.attributes
                0x000009f3       0x22 e:/eclipse/plugins/fr.ac6.mcu.externaltools.arm-none.win32_1.7.0.201602121829/tools/compiler/bin/../lib/gcc/arm-none-eabi/5.2.1/armv7e-m/fpu\libgcc.a(_arm_muldivdf3.o)
 .ARM.attributes
                0x00000a15       0x22 e:/eclipse/plugins/fr.ac6.mcu.externaltools.arm-none.win32_1.7.0.201602121829/tools/compiler/bin/../lib/gcc/arm-none-eabi/5.2.1/armv7e-m/fpu\libgcc.a(_arm_truncdfsf2.o)
 .ARM.attributes
                0x00000a37       0x34 e:/eclipse/plugins/fr.ac6.mcu.externaltools.arm-none.win32_1.7.0.201602121829/tools/compiler/bin/../lib/gcc/arm-none-eabi/5.2.1/../../../../arm-none-eabi/lib/armv7e-m/fpu\libc_nano.a(lib_a-impure.o)
 .ARM.attributes
                0x00000a6b       0x34 e:/eclipse/plugins/fr.ac6.mcu.externaltools.arm-none.win32_1.7.0.201602121829/tools/compiler/bin/../lib/gcc/arm-none-eabi/5.2.1/../../../../arm-none-eabi/lib/armv7e-m/fpu\libc_nano.a(lib_a-init.o)
 .ARM.attributes
                0x00000a9f       0x34 e:/eclipse/plugins/fr.ac6.mcu.externaltools.arm-none.win32_1.7.0.201602121829/tools/compiler/bin/../lib/gcc/arm-none-eabi/5.2.1/../../../../arm-none-eabi/lib/armv7e-m/fpu\libc_nano.a(lib_a-malloc.o)
 .ARM.attributes
                0x00000ad3       0x34 e:/eclipse/plugins/fr.ac6.mcu.externaltools.arm-none.win32_1.7.0.201602121829/tools/compiler/bin/../lib/gcc/arm-none-eabi/5.2.1/../../../../arm-none-eabi/lib/armv7e-m/fpu\libc_nano.a(lib_a-memset.o)
 .ARM.attributes
                0x00000b07       0x34 e:/eclipse/plugins/fr.ac6.mcu.externaltools.arm-none.win32_1.7.0.201602121829/tools/compiler/bin/../lib/gcc/arm-none-eabi/5.2.1/../../../../arm-none-eabi/lib/armv7e-m/fpu\libc_nano.a(lib_a-nano-freer.o)
 .ARM.attributes
                0x00000b3b       0x34 e:/eclipse/plugins/fr.ac6.mcu.externaltools.arm-none.win32_1.7.0.201602121829/tools/compiler/bin/../lib/gcc/arm-none-eabi/5.2.1/../../../../arm-none-eabi/lib/armv7e-m/fpu\libc_nano.a(lib_a-nano-mallocr.o)
 .ARM.attributes
                0x00000b6f       0x34 e:/eclipse/plugins/fr.ac6.mcu.externaltools.arm-none.win32_1.7.0.201602121829/tools/compiler/bin/../lib/gcc/arm-none-eabi/5.2.1/../../../../arm-none-eabi/lib/armv7e-m/fpu\libc_nano.a(lib_a-sbrkr.o)
 .ARM.attributes
                0x00000ba3       0x1b e:/eclipse/plugins/fr.ac6.mcu.externaltools.arm-none.win32_1.7.0.201602121829/tools/compiler/bin/../lib/gcc/arm-none-eabi/5.2.1/../../../../arm-none-eabi/lib/armv7e-m/fpu\libc_nano.a(lib_a-strlen.o)
 .ARM.attributes
                0x00000bbe       0x34 e:/eclipse/plugins/fr.ac6.mcu.externaltools.arm-none.win32_1.7.0.201602121829/tools/compiler/bin/../lib/gcc/arm-none-eabi/5.2.1/../../../../arm-none-eabi/lib/armv7e-m/fpu\libc_nano.a(lib_a-reent.o)
 .ARM.attributes
                0x00000bf2       0x34 e:/eclipse/plugins/fr.ac6.mcu.externaltools.arm-none.win32_1.7.0.201602121829/tools/compiler/bin/../lib/gcc/arm-none-eabi/5.2.1/../../../../arm-none-eabi/lib/armv7e-m/fpu\libnosys.a(sbrk.o)
 .ARM.attributes
                0x00000c26       0x34 e:/eclipse/plugins/fr.ac6.mcu.externaltools.arm-none.win32_1.7.0.201602121829/tools/compiler/bin/../lib/gcc/arm-none-eabi/5.2.1/armv7e-m/fpu/crtend.o
 .ARM.attributes
                0x00000c5a       0x22 e:/eclipse/plugins/fr.ac6.mcu.externaltools.arm-none.win32_1.7.0.201602121829/tools/compiler/bin/../lib/gcc/arm-none-eabi/5.2.1/armv7e-m/fpu/crtn.o
OUTPUT(STM32F429i-DiscoComms Configuration.elf elf32-littlearm)

.debug_info     0x00000000    0x1b827
 .debug_info    0x00000000      0xa5a ./Middlewares/USB_Device_Library/usbd_cdc.o
 .debug_info    0x00000a5a      0x90e ./Middlewares/USB_Device_Library/usbd_core.o
 .debug_info    0x00001368      0x86f ./Middlewares/USB_Device_Library/usbd_ctlreq.o
 .debug_info    0x00001bd7      0x66f ./Middlewares/USB_Device_Library/usbd_ioreq.o
 .debug_info    0x00002246      0xe74 ./Middlewares/FreeRTOS/cmsis_os.o
 .debug_info    0x000030ba      0x301 ./Middlewares/FreeRTOS/heap_4.o
 .debug_info    0x000033bb      0x2a4 ./Middlewares/FreeRTOS/list.o
 .debug_info    0x0000365f      0x340 ./Middlewares/FreeRTOS/port.o
 .debug_info    0x0000399f     0x119d ./Middlewares/FreeRTOS/tasks.o
 .debug_info    0x00004b3c      0xa19 ./Drivers/STM32F4xx_HAL_Driver/stm32f4xx_hal.o
 .debug_info    0x00005555      0xcf1 ./Drivers/STM32F4xx_HAL_Driver/stm32f4xx_hal_adc.o
 .debug_info    0x00006246      0xa9f ./Drivers/STM32F4xx_HAL_Driver/stm32f4xx_hal_adc_ex.o
 .debug_info    0x00006ce5      0xba1 ./Drivers/STM32F4xx_HAL_Driver/stm32f4xx_hal_cortex.o
 .debug_info    0x00007886      0x66f ./Drivers/STM32F4xx_HAL_Driver/stm32f4xx_hal_dma.o
 .debug_info    0x00007ef5      0x729 ./Drivers/STM32F4xx_HAL_Driver/stm32f4xx_hal_gpio.o
 .debug_info    0x0000861e     0x1885 ./Drivers/STM32F4xx_HAL_Driver/stm32f4xx_hal_i2c.o
 .debug_info    0x00009ea3      0xea7 ./Drivers/STM32F4xx_HAL_Driver/stm32f4xx_hal_pcd.o
 .debug_info    0x0000ad4a      0x565 ./Drivers/STM32F4xx_HAL_Driver/stm32f4xx_hal_pcd_ex.o
 .debug_info    0x0000b2af      0xe3e ./Drivers/STM32F4xx_HAL_Driver/stm32f4xx_hal_rcc.o
 .debug_info    0x0000c0ed      0xf86 ./Drivers/STM32F4xx_HAL_Driver/stm32f4xx_hal_spi.o
 .debug_info    0x0000d073     0x2196 ./Drivers/STM32F4xx_HAL_Driver/stm32f4xx_hal_tim.o
 .debug_info    0x0000f209      0xf5c ./Drivers/STM32F4xx_HAL_Driver/stm32f4xx_hal_tim_ex.o
 .debug_info    0x00010165      0xeed ./Drivers/STM32F4xx_HAL_Driver/stm32f4xx_hal_uart.o
 .debug_info    0x00011052     0x13f7 ./Drivers/STM32F4xx_HAL_Driver/stm32f4xx_ll_usb.o
 .debug_info    0x00012449      0x4c5 ./Drivers/CMSIS/system_stm32f4xx.o
 .debug_info    0x0001290e      0x719 ./Application/User/app/adcHandler.o
 .debug_info    0x00013027      0x74a ./Application/User/app/serial.o
 .debug_info    0x00013771      0xc76 ./Application/User/adc.o
 .debug_info    0x000143e7      0x52f ./Application/User/dma.o
 .debug_info    0x00014916      0x1db ./Application/User/freertos.o
 .debug_info    0x00014af1      0x498 ./Application/User/gpio.o
 .debug_info    0x00014f89      0x868 ./Application/User/i2c.o
 .debug_info    0x000157f1      0xc4e ./Application/User/main.o
 .debug_info    0x0001643f      0x8c4 ./Application/User/spi.o
 .debug_info    0x00016d03      0x32c ./Application/User/stm32f4xx_hal_msp.o
 .debug_info    0x0001702f      0xc68 ./Application/User/stm32f4xx_it.o
 .debug_info    0x00017c97      0xa95 ./Application/User/tim.o
 .debug_info    0x0001872c      0xb28 ./Application/User/usart.o
 .debug_info    0x00019254      0x594 ./Application/User/usb_device.o
 .debug_info    0x000197e8      0x6c4 ./Application/User/usbd_cdc_if.o
 .debug_info    0x00019eac     0x14d0 ./Application/User/usbd_conf.o
 .debug_info    0x0001b37c      0x38b ./Application/User/usbd_desc.o
 .debug_info    0x0001b707      0x120 ./Application/SW4STM32/startup_stm32f429xx.o

.debug_abbrev   0x00000000     0x474b
 .debug_abbrev  0x00000000      0x1e5 ./Middlewares/USB_Device_Library/usbd_cdc.o
 .debug_abbrev  0x000001e5      0x1c0 ./Middlewares/USB_Device_Library/usbd_core.o
 .debug_abbrev  0x000003a5      0x1f0 ./Middlewares/USB_Device_Library/usbd_ctlreq.o
 .debug_abbrev  0x00000595      0x130 ./Middlewares/USB_Device_Library/usbd_ioreq.o
 .debug_abbrev  0x000006c5      0x274 ./Middlewares/FreeRTOS/cmsis_os.o
 .debug_abbrev  0x00000939      0x159 ./Middlewares/FreeRTOS/heap_4.o
 .debug_abbrev  0x00000a92       0xbf ./Middlewares/FreeRTOS/list.o
 .debug_abbrev  0x00000b51      0x1a0 ./Middlewares/FreeRTOS/port.o
 .debug_abbrev  0x00000cf1      0x279 ./Middlewares/FreeRTOS/tasks.o
 .debug_abbrev  0x00000f6a      0x20d ./Drivers/STM32F4xx_HAL_Driver/stm32f4xx_hal.o
 .debug_abbrev  0x00001177      0x22f ./Drivers/STM32F4xx_HAL_Driver/stm32f4xx_hal_adc.o
 .debug_abbrev  0x000013a6      0x1e7 ./Drivers/STM32F4xx_HAL_Driver/stm32f4xx_hal_adc_ex.o
 .debug_abbrev  0x0000158d      0x28d ./Drivers/STM32F4xx_HAL_Driver/stm32f4xx_hal_cortex.o
 .debug_abbrev  0x0000181a      0x1c7 ./Drivers/STM32F4xx_HAL_Driver/stm32f4xx_hal_dma.o
 .debug_abbrev  0x000019e1      0x1af ./Drivers/STM32F4xx_HAL_Driver/stm32f4xx_hal_gpio.o
 .debug_abbrev  0x00001b90      0x1ef ./Drivers/STM32F4xx_HAL_Driver/stm32f4xx_hal_i2c.o
 .debug_abbrev  0x00001d7f      0x23d ./Drivers/STM32F4xx_HAL_Driver/stm32f4xx_hal_pcd.o
 .debug_abbrev  0x00001fbc      0x163 ./Drivers/STM32F4xx_HAL_Driver/stm32f4xx_hal_pcd_ex.o
 .debug_abbrev  0x0000211f      0x25f ./Drivers/STM32F4xx_HAL_Driver/stm32f4xx_hal_rcc.o
 .debug_abbrev  0x0000237e      0x20f ./Drivers/STM32F4xx_HAL_Driver/stm32f4xx_hal_spi.o
 .debug_abbrev  0x0000258d      0x20b ./Drivers/STM32F4xx_HAL_Driver/stm32f4xx_hal_tim.o
 .debug_abbrev  0x00002798      0x202 ./Drivers/STM32F4xx_HAL_Driver/stm32f4xx_hal_tim_ex.o
 .debug_abbrev  0x0000299a      0x21a ./Drivers/STM32F4xx_HAL_Driver/stm32f4xx_hal_uart.o
 .debug_abbrev  0x00002bb4      0x218 ./Drivers/STM32F4xx_HAL_Driver/stm32f4xx_ll_usb.o
 .debug_abbrev  0x00002dcc      0x104 ./Drivers/CMSIS/system_stm32f4xx.o
 .debug_abbrev  0x00002ed0      0x1b2 ./Application/User/app/adcHandler.o
 .debug_abbrev  0x00003082      0x1b0 ./Application/User/app/serial.o
 .debug_abbrev  0x00003232      0x19d ./Application/User/adc.o
 .debug_abbrev  0x000033cf       0xfa ./Application/User/dma.o
 .debug_abbrev  0x000034c9       0xf9 ./Application/User/freertos.o
 .debug_abbrev  0x000035c2      0x104 ./Application/User/gpio.o
 .debug_abbrev  0x000036c6      0x178 ./Application/User/i2c.o
 .debug_abbrev  0x0000383e      0x205 ./Application/User/main.o
 .debug_abbrev  0x00003a43      0x178 ./Application/User/spi.o
 .debug_abbrev  0x00003bbb       0x8b ./Application/User/stm32f4xx_hal_msp.o
 .debug_abbrev  0x00003c46      0x16f ./Application/User/stm32f4xx_it.o
 .debug_abbrev  0x00003db5      0x17a ./Application/User/tim.o
 .debug_abbrev  0x00003f2f      0x18c ./Application/User/usart.o
 .debug_abbrev  0x000040bb      0x139 ./Application/User/usb_device.o
 .debug_abbrev  0x000041f4      0x1dd ./Application/User/usbd_cdc_if.o
 .debug_abbrev  0x000043d1      0x229 ./Application/User/usbd_conf.o
 .debug_abbrev  0x000045fa      0x13f ./Application/User/usbd_desc.o
 .debug_abbrev  0x00004739       0x12 ./Application/SW4STM32/startup_stm32f429xx.o

.debug_aranges  0x00000000     0x1ba0
 .debug_aranges
                0x00000000       0x90 ./Middlewares/USB_Device_Library/usbd_cdc.o
 .debug_aranges
                0x00000090       0xb8 ./Middlewares/USB_Device_Library/usbd_core.o
 .debug_aranges
                0x00000148       0x88 ./Middlewares/USB_Device_Library/usbd_ctlreq.o
 .debug_aranges
                0x000001d0       0x50 ./Middlewares/USB_Device_Library/usbd_ioreq.o
 .debug_aranges
                0x00000220      0x170 ./Middlewares/FreeRTOS/cmsis_os.o
 .debug_aranges
                0x00000390       0x50 ./Middlewares/FreeRTOS/heap_4.o
 .debug_aranges
                0x000003e0       0x40 ./Middlewares/FreeRTOS/list.o
 .debug_aranges
                0x00000420       0x98 ./Middlewares/FreeRTOS/port.o
 .debug_aranges
                0x000004b8      0x178 ./Middlewares/FreeRTOS/tasks.o
 .debug_aranges
                0x00000630       0xd0 ./Drivers/STM32F4xx_HAL_Driver/stm32f4xx_hal.o
 .debug_aranges
                0x00000700       0xe8 ./Drivers/STM32F4xx_HAL_Driver/stm32f4xx_hal_adc.o
 .debug_aranges
                0x000007e8       0x90 ./Drivers/STM32F4xx_HAL_Driver/stm32f4xx_hal_adc_ex.o
 .debug_aranges
                0x00000878      0x100 ./Drivers/STM32F4xx_HAL_Driver/stm32f4xx_hal_cortex.o
 .debug_aranges
                0x00000978       0x68 ./Drivers/STM32F4xx_HAL_Driver/stm32f4xx_hal_dma.o
 .debug_aranges
                0x000009e0       0x58 ./Drivers/STM32F4xx_HAL_Driver/stm32f4xx_hal_gpio.o
 .debug_aranges
                0x00000a38      0x1e8 ./Drivers/STM32F4xx_HAL_Driver/stm32f4xx_hal_i2c.o
 .debug_aranges
                0x00000c20      0x120 ./Drivers/STM32F4xx_HAL_Driver/stm32f4xx_hal_pcd.o
 .debug_aranges
                0x00000d40       0x28 ./Drivers/STM32F4xx_HAL_Driver/stm32f4xx_hal_pcd_ex.o
 .debug_aranges
                0x00000d68       0x88 ./Drivers/STM32F4xx_HAL_Driver/stm32f4xx_hal_rcc.o
 .debug_aranges
                0x00000df0      0x158 ./Drivers/STM32F4xx_HAL_Driver/stm32f4xx_hal_spi.o
 .debug_aranges
                0x00000f48      0x368 ./Drivers/STM32F4xx_HAL_Driver/stm32f4xx_hal_tim.o
 .debug_aranges
                0x000012b0      0x140 ./Drivers/STM32F4xx_HAL_Driver/stm32f4xx_hal_tim_ex.o
 .debug_aranges
                0x000013f0      0x150 ./Drivers/STM32F4xx_HAL_Driver/stm32f4xx_hal_uart.o
 .debug_aranges
                0x00001540      0x180 ./Drivers/STM32F4xx_HAL_Driver/stm32f4xx_ll_usb.o
 .debug_aranges
                0x000016c0       0x28 ./Drivers/CMSIS/system_stm32f4xx.o
 .debug_aranges
                0x000016e8       0x40 ./Application/User/app/adcHandler.o
 .debug_aranges
                0x00001728       0x40 ./Application/User/app/serial.o
 .debug_aranges
                0x00001768       0x40 ./Application/User/adc.o
 .debug_aranges
                0x000017a8       0x20 ./Application/User/dma.o
 .debug_aranges
                0x000017c8       0x28 ./Application/User/freertos.o
 .debug_aranges
                0x000017f0       0x20 ./Application/User/gpio.o
 .debug_aranges
                0x00001810       0x30 ./Application/User/i2c.o
 .debug_aranges
                0x00001840       0x48 ./Application/User/main.o
 .debug_aranges
                0x00001888       0x30 ./Application/User/spi.o
 .debug_aranges
                0x000018b8       0x20 ./Application/User/stm32f4xx_hal_msp.o
 .debug_aranges
                0x000018d8       0x78 ./Application/User/stm32f4xx_it.o
 .debug_aranges
                0x00001950       0x48 ./Application/User/tim.o
 .debug_aranges
                0x00001998       0x38 ./Application/User/usart.o
 .debug_aranges
                0x000019d0       0x20 ./Application/User/usb_device.o
 .debug_aranges
                0x000019f0       0x40 ./Application/User/usbd_cdc_if.o
 .debug_aranges
                0x00001a30       0xf8 ./Application/User/usbd_conf.o
 .debug_aranges
                0x00001b28       0x50 ./Application/User/usbd_desc.o
 .debug_aranges
                0x00001b78       0x28 ./Application/SW4STM32/startup_stm32f429xx.o

.debug_ranges   0x00000000     0x18f8
 .debug_ranges  0x00000000       0x80 ./Middlewares/USB_Device_Library/usbd_cdc.o
 .debug_ranges  0x00000080       0xa8 ./Middlewares/USB_Device_Library/usbd_core.o
 .debug_ranges  0x00000128       0x78 ./Middlewares/USB_Device_Library/usbd_ctlreq.o
 .debug_ranges  0x000001a0       0x40 ./Middlewares/USB_Device_Library/usbd_ioreq.o
 .debug_ranges  0x000001e0      0x160 ./Middlewares/FreeRTOS/cmsis_os.o
 .debug_ranges  0x00000340       0x40 ./Middlewares/FreeRTOS/heap_4.o
 .debug_ranges  0x00000380       0x30 ./Middlewares/FreeRTOS/list.o
 .debug_ranges  0x000003b0       0x88 ./Middlewares/FreeRTOS/port.o
 .debug_ranges  0x00000438      0x168 ./Middlewares/FreeRTOS/tasks.o
 .debug_ranges  0x000005a0       0xc0 ./Drivers/STM32F4xx_HAL_Driver/stm32f4xx_hal.o
 .debug_ranges  0x00000660       0xd8 ./Drivers/STM32F4xx_HAL_Driver/stm32f4xx_hal_adc.o
 .debug_ranges  0x00000738       0x80 ./Drivers/STM32F4xx_HAL_Driver/stm32f4xx_hal_adc_ex.o
 .debug_ranges  0x000007b8       0xf0 ./Drivers/STM32F4xx_HAL_Driver/stm32f4xx_hal_cortex.o
 .debug_ranges  0x000008a8       0x58 ./Drivers/STM32F4xx_HAL_Driver/stm32f4xx_hal_dma.o
 .debug_ranges  0x00000900       0x48 ./Drivers/STM32F4xx_HAL_Driver/stm32f4xx_hal_gpio.o
 .debug_ranges  0x00000948      0x1d8 ./Drivers/STM32F4xx_HAL_Driver/stm32f4xx_hal_i2c.o
 .debug_ranges  0x00000b20      0x110 ./Drivers/STM32F4xx_HAL_Driver/stm32f4xx_hal_pcd.o
 .debug_ranges  0x00000c30       0x18 ./Drivers/STM32F4xx_HAL_Driver/stm32f4xx_hal_pcd_ex.o
 .debug_ranges  0x00000c48       0x78 ./Drivers/STM32F4xx_HAL_Driver/stm32f4xx_hal_rcc.o
 .debug_ranges  0x00000cc0      0x148 ./Drivers/STM32F4xx_HAL_Driver/stm32f4xx_hal_spi.o
 .debug_ranges  0x00000e08      0x358 ./Drivers/STM32F4xx_HAL_Driver/stm32f4xx_hal_tim.o
 .debug_ranges  0x00001160      0x130 ./Drivers/STM32F4xx_HAL_Driver/stm32f4xx_hal_tim_ex.o
 .debug_ranges  0x00001290      0x140 ./Drivers/STM32F4xx_HAL_Driver/stm32f4xx_hal_uart.o
 .debug_ranges  0x000013d0      0x170 ./Drivers/STM32F4xx_HAL_Driver/stm32f4xx_ll_usb.o
 .debug_ranges  0x00001540       0x18 ./Drivers/CMSIS/system_stm32f4xx.o
 .debug_ranges  0x00001558       0x30 ./Application/User/app/adcHandler.o
 .debug_ranges  0x00001588       0x30 ./Application/User/app/serial.o
 .debug_ranges  0x000015b8       0x30 ./Application/User/adc.o
 .debug_ranges  0x000015e8       0x10 ./Application/User/dma.o
 .debug_ranges  0x000015f8       0x18 ./Application/User/freertos.o
 .debug_ranges  0x00001610       0x10 ./Application/User/gpio.o
 .debug_ranges  0x00001620       0x20 ./Application/User/i2c.o
 .debug_ranges  0x00001640       0x38 ./Application/User/main.o
 .debug_ranges  0x00001678       0x20 ./Application/User/spi.o
 .debug_ranges  0x00001698       0x10 ./Application/User/stm32f4xx_hal_msp.o
 .debug_ranges  0x000016a8       0x68 ./Application/User/stm32f4xx_it.o
 .debug_ranges  0x00001710       0x38 ./Application/User/tim.o
 .debug_ranges  0x00001748       0x28 ./Application/User/usart.o
 .debug_ranges  0x00001770       0x10 ./Application/User/usb_device.o