Archive member included because of file (symbol)

e:/eclipse/plugins/fr.ac6.mcu.externaltools.arm-none.win32_1.3.0.201507241045/tools/compiler/bin/../lib/gcc/arm-none-eabi/4.9.3/../../../../arm-none-eabi/lib/armv7e-m/fpu\libc_nano.a(lib_a-exit.o)
                              e:/eclipse/plugins/fr.ac6.mcu.externaltools.arm-none.win32_1.3.0.201507241045/tools/compiler/bin/../lib/gcc/arm-none-eabi/4.9.3/../../../../arm-none-eabi/lib/armv7e-m/fpu/crt0.o (exit)
e:/eclipse/plugins/fr.ac6.mcu.externaltools.arm-none.win32_1.3.0.201507241045/tools/compiler/bin/../lib/gcc/arm-none-eabi/4.9.3/../../../../arm-none-eabi/lib/armv7e-m/fpu\libc_nano.a(lib_a-impure.o)
                              e:/eclipse/plugins/fr.ac6.mcu.externaltools.arm-none.win32_1.3.0.201507241045/tools/compiler/bin/../lib/gcc/arm-none-eabi/4.9.3/../../../../arm-none-eabi/lib/armv7e-m/fpu\libc_nano.a(lib_a-exit.o) (_global_impure_ptr)
e:/eclipse/plugins/fr.ac6.mcu.externaltools.arm-none.win32_1.3.0.201507241045/tools/compiler/bin/../lib/gcc/arm-none-eabi/4.9.3/../../../../arm-none-eabi/lib/armv7e-m/fpu\libc_nano.a(lib_a-init.o)
                              e:/eclipse/plugins/fr.ac6.mcu.externaltools.arm-none.win32_1.3.0.201507241045/tools/compiler/bin/../lib/gcc/arm-none-eabi/4.9.3/../../../../arm-none-eabi/lib/armv7e-m/fpu/crt0.o (__libc_init_array)
e:/eclipse/plugins/fr.ac6.mcu.externaltools.arm-none.win32_1.3.0.201507241045/tools/compiler/bin/../lib/gcc/arm-none-eabi/4.9.3/../../../../arm-none-eabi/lib/armv7e-m/fpu\libc_nano.a(lib_a-malloc.o)
                              ./Middlewares/USB_Device_Library/usbd_cdc.o (malloc)
e:/eclipse/plugins/fr.ac6.mcu.externaltools.arm-none.win32_1.3.0.201507241045/tools/compiler/bin/../lib/gcc/arm-none-eabi/4.9.3/../../../../arm-none-eabi/lib/armv7e-m/fpu\libc_nano.a(lib_a-memcpy.o)
                              ./Middlewares/FreeRTOS/queue.o (memcpy)
e:/eclipse/plugins/fr.ac6.mcu.externaltools.arm-none.win32_1.3.0.201507241045/tools/compiler/bin/../lib/gcc/arm-none-eabi/4.9.3/../../../../arm-none-eabi/lib/armv7e-m/fpu\libc_nano.a(lib_a-memset.o)
                              e:/eclipse/plugins/fr.ac6.mcu.externaltools.arm-none.win32_1.3.0.201507241045/tools/compiler/bin/../lib/gcc/arm-none-eabi/4.9.3/../../../../arm-none-eabi/lib/armv7e-m/fpu/crt0.o (memset)
e:/eclipse/plugins/fr.ac6.mcu.externaltools.arm-none.win32_1.3.0.201507241045/tools/compiler/bin/../lib/gcc/arm-none-eabi/4.9.3/../../../../arm-none-eabi/lib/armv7e-m/fpu\libc_nano.a(lib_a-nano-freer.o)
                              e:/eclipse/plugins/fr.ac6.mcu.externaltools.arm-none.win32_1.3.0.201507241045/tools/compiler/bin/../lib/gcc/arm-none-eabi/4.9.3/../../../../arm-none-eabi/lib/armv7e-m/fpu\libc_nano.a(lib_a-malloc.o) (_free_r)
e:/eclipse/plugins/fr.ac6.mcu.externaltools.arm-none.win32_1.3.0.201507241045/tools/compiler/bin/../lib/gcc/arm-none-eabi/4.9.3/../../../../arm-none-eabi/lib/armv7e-m/fpu\libc_nano.a(lib_a-nano-mallocr.o)
                              e:/eclipse/plugins/fr.ac6.mcu.externaltools.arm-none.win32_1.3.0.201507241045/tools/compiler/bin/../lib/gcc/arm-none-eabi/4.9.3/../../../../arm-none-eabi/lib/armv7e-m/fpu\libc_nano.a(lib_a-malloc.o) (_malloc_r)
e:/eclipse/plugins/fr.ac6.mcu.externaltools.arm-none.win32_1.3.0.201507241045/tools/compiler/bin/../lib/gcc/arm-none-eabi/4.9.3/../../../../arm-none-eabi/lib/armv7e-m/fpu\libc_nano.a(lib_a-sbrkr.o)
                              e:/eclipse/plugins/fr.ac6.mcu.externaltools.arm-none.win32_1.3.0.201507241045/tools/compiler/bin/../lib/gcc/arm-none-eabi/4.9.3/../../../../arm-none-eabi/lib/armv7e-m/fpu\libc_nano.a(lib_a-nano-mallocr.o) (_sbrk_r)
e:/eclipse/plugins/fr.ac6.mcu.externaltools.arm-none.win32_1.3.0.201507241045/tools/compiler/bin/../lib/gcc/arm-none-eabi/4.9.3/../../../../arm-none-eabi/lib/armv7e-m/fpu\libc_nano.a(lib_a-strlen.o)
                              ./Application/User/main.o (strlen)
e:/eclipse/plugins/fr.ac6.mcu.externaltools.arm-none.win32_1.3.0.201507241045/tools/compiler/bin/../lib/gcc/arm-none-eabi/4.9.3/../../../../arm-none-eabi/lib/armv7e-m/fpu\libc_nano.a(lib_a-reent.o)
                              e:/eclipse/plugins/fr.ac6.mcu.externaltools.arm-none.win32_1.3.0.201507241045/tools/compiler/bin/../lib/gcc/arm-none-eabi/4.9.3/../../../../arm-none-eabi/lib/armv7e-m/fpu\libc_nano.a(lib_a-sbrkr.o) (errno)
e:/eclipse/plugins/fr.ac6.mcu.externaltools.arm-none.win32_1.3.0.201507241045/tools/compiler/bin/../lib/gcc/arm-none-eabi/4.9.3/../../../../arm-none-eabi/lib/armv7e-m/fpu\libnosys.a(sbrk.o)
                              e:/eclipse/plugins/fr.ac6.mcu.externaltools.arm-none.win32_1.3.0.201507241045/tools/compiler/bin/../lib/gcc/arm-none-eabi/4.9.3/../../../../arm-none-eabi/lib/armv7e-m/fpu\libc_nano.a(lib_a-sbrkr.o) (_sbrk)
e:/eclipse/plugins/fr.ac6.mcu.externaltools.arm-none.win32_1.3.0.201507241045/tools/compiler/bin/../lib/gcc/arm-none-eabi/4.9.3/../../../../arm-none-eabi/lib/armv7e-m/fpu\libnosys.a(_exit.o)
[...]
Memory Configuration

Name             Origin             Length             Attributes
FLASH            0x08000000         0x00200000         xr
RAM              0x20000000         0x00030000         xrw
CCMRAM           0x10000000         0x00010000         rw
*default*        0x00000000         0xffffffff

Linker script and memory map

LOAD e:/eclipse/plugins/fr.ac6.mcu.externaltools.arm-none.win32_1.3.0.201507241045/tools/compiler/bin/../lib/gcc/arm-none-eabi/4.9.3/armv7e-m/fpu/crti.o
LOAD e:/eclipse/plugins/fr.ac6.mcu.externaltools.arm-none.win32_1.3.0.201507241045/tools/compiler/bin/../lib/gcc/arm-none-eabi/4.9.3/armv7e-m/fpu/crtbegin.o
LOAD e:/eclipse/plugins/fr.ac6.mcu.externaltools.arm-none.win32_1.3.0.201507241045/tools/compiler/bin/../lib/gcc/arm-none-eabi/4.9.3/../../../../arm-none-eabi/lib/armv7e-m/fpu/crt0.o
LOAD e:/eclipse/plugins/fr.ac6.mcu.externaltools.arm-none.win32_1.3.0.201507241045/tools/compiler/bin/../lib/gcc/arm-none-eabi/4.9.3/../../../../arm-none-eabi/lib/armv7e-m/fpu\libm.a
LOAD ./Middlewares/USB_Device_Library/usbd_cdc.o
LOAD ./Middlewares/USB_Device_Library/usbd_core.o
LOAD ./Middlewares/USB_Device_Library/usbd_ctlreq.o
LOAD ./Middlewares/USB_Device_Library/usbd_ioreq.o
LOAD ./Middlewares/FreeRTOS/cmsis_os.o
LOAD ./Middlewares/FreeRTOS/croutine.o
LOAD ./Middlewares/FreeRTOS/event_groups.o
LOAD ./Middlewares/FreeRTOS/heap_4.o
LOAD ./Middlewares/FreeRTOS/list.o
LOAD ./Middlewares/FreeRTOS/port.o
LOAD ./Middlewares/FreeRTOS/queue.o
LOAD ./Middlewares/FreeRTOS/tasks.o
LOAD ./Middlewares/FreeRTOS/timers.o
LOAD ./Drivers/STM32F4xx_HAL_Driver/stm32f4xx_hal.o
LOAD ./Drivers/STM32F4xx_HAL_Driver/stm32f4xx_hal_adc.o
LOAD ./Drivers/STM32F4xx_HAL_Driver/stm32f4xx_hal_adc_ex.o
LOAD ./Drivers/STM32F4xx_HAL_Driver/stm32f4xx_hal_cortex.o
LOAD ./Drivers/STM32F4xx_HAL_Driver/stm32f4xx_hal_dma.o
LOAD ./Drivers/STM32F4xx_HAL_Driver/stm32f4xx_hal_dma_ex.o
LOAD ./Drivers/STM32F4xx_HAL_Driver/stm32f4xx_hal_flash.o
LOAD ./Drivers/STM32F4xx_HAL_Driver/stm32f4xx_hal_flash_ex.o
LOAD ./Drivers/STM32F4xx_HAL_Driver/stm32f4xx_hal_flash_ramfunc.o
LOAD ./Drivers/STM32F4xx_HAL_Driver/stm32f4xx_hal_gpio.o
LOAD ./Drivers/STM32F4xx_HAL_Driver/stm32f4xx_hal_i2c.o
LOAD ./Drivers/STM32F4xx_HAL_Driver/stm32f4xx_hal_i2c_ex.o
LOAD ./Drivers/STM32F4xx_HAL_Driver/stm32f4xx_hal_pcd.o
LOAD ./Drivers/STM32F4xx_HAL_Driver/stm32f4xx_hal_pcd_ex.o
LOAD ./Drivers/STM32F4xx_HAL_Driver/stm32f4xx_hal_pwr.o
LOAD ./Drivers/STM32F4xx_HAL_Driver/stm32f4xx_hal_pwr_ex.o
LOAD ./Drivers/STM32F4xx_HAL_Driver/stm32f4xx_hal_rcc.o
LOAD ./Drivers/STM32F4xx_HAL_Driver/stm32f4xx_hal_rcc_ex.o
LOAD ./Drivers/STM32F4xx_HAL_Driver/stm32f4xx_hal_spi.o
LOAD ./Drivers/STM32F4xx_HAL_Driver/stm32f4xx_hal_tim.o
LOAD ./Drivers/STM32F4xx_HAL_Driver/stm32f4xx_hal_tim_ex.o
LOAD ./Drivers/STM32F4xx_HAL_Driver/stm32f4xx_hal_uart.o
LOAD ./Drivers/STM32F4xx_HAL_Driver/stm32f4xx_ll_usb.o
LOAD ./Drivers/CMSIS/system_stm32f4xx.o
LOAD ./Application/User/adc.o
LOAD ./Application/User/dma.o
LOAD ./Application/User/freertos.o
LOAD ./Application/User/gpio.o
LOAD ./Application/User/i2c.o
LOAD ./Application/User/main.o
LOAD ./Application/User/spi.o
LOAD ./Application/User/stm32f4xx_hal_msp.o
LOAD ./Application/User/stm32f4xx_it.o
LOAD ./Application/User/tim.o
LOAD ./Application/User/usart.o
LOAD ./Application/User/usb_device.o
LOAD ./Application/User/usbd_cdc_if.o
LOAD ./Application/User/usbd_conf.o
LOAD ./Application/User/usbd_desc.o
LOAD ./Application/SW4STM32/startup_stm32f429xx.o
START GROUP
LOAD e:/eclipse/plugins/fr.ac6.mcu.externaltools.arm-none.win32_1.3.0.201507241045/tools/compiler/bin/../lib/gcc/arm-none-eabi/4.9.3/armv7e-m/fpu\libgcc.a
LOAD e:/eclipse/plugins/fr.ac6.mcu.externaltools.arm-none.win32_1.3.0.201507241045/tools/compiler/bin/../lib/gcc/arm-none-eabi/4.9.3/../../../../arm-none-eabi/lib/armv7e-m/fpu\libc_nano.a
END GROUP
START GROUP
LOAD e:/eclipse/plugins/fr.ac6.mcu.externaltools.arm-none.win32_1.3.0.201507241045/tools/compiler/bin/../lib/gcc/arm-none-eabi/4.9.3/armv7e-m/fpu\libgcc.a
LOAD e:/eclipse/plugins/fr.ac6.mcu.externaltools.arm-none.win32_1.3.0.201507241045/tools/compiler/bin/../lib/gcc/arm-none-eabi/4.9.3/../../../../arm-none-eabi/lib/armv7e-m/fpu\libc_nano.a
LOAD e:/eclipse/plugins/fr.ac6.mcu.externaltools.arm-none.win32_1.3.0.201507241045/tools/compiler/bin/../lib/gcc/arm-none-eabi/4.9.3/../../../../arm-none-eabi/lib/armv7e-m/fpu\libnosys.a
END GROUP
START GROUP
LOAD e:/eclipse/plugins/fr.ac6.mcu.externaltools.arm-none.win32_1.3.0.201507241045/tools/compiler/bin/../lib/gcc/arm-none-eabi/4.9.3/armv7e-m/fpu\libgcc.a
LOAD e:/eclipse/plugins/fr.ac6.mcu.externaltools.arm-none.win32_1.3.0.201507241045/tools/compiler/bin/../lib/gcc/arm-none-eabi/4.9.3/../../../../arm-none-eabi/lib/armv7e-m/fpu\libc_nano.a
LOAD e:/eclipse/plugins/fr.ac6.mcu.externaltools.arm-none.win32_1.3.0.201507241045/tools/compiler/bin/../lib/gcc/arm-none-eabi/4.9.3/../../../../arm-none-eabi/lib/armv7e-m/fpu\libnosys.a
END GROUP
LOAD e:/eclipse/plugins/fr.ac6.mcu.externaltools.arm-none.win32_1.3.0.201507241045/tools/compiler/bin/../lib/gcc/arm-none-eabi/4.9.3/armv7e-m/fpu/crtend.o
LOAD e:/eclipse/plugins/fr.ac6.mcu.externaltools.arm-none.win32_1.3.0.201507241045/tools/compiler/bin/../lib/gcc/arm-none-eabi/4.9.3/armv7e-m/fpu/crtn.o
                0x20030000                _estack = 0x20030000
                0x00000200                _Min_Heap_Size = 0x200
                0x00000400                _Min_Stack_Size = 0x400

.isr_vector     0x08000000      0x1ac
                0x08000000                . = ALIGN (0x4)
 *(.isr_vector)
 .isr_vector    0x08000000      0x1ac ./Application/SW4STM32/startup_stm32f429xx.o
                0x08000000                g_pfnVectors
                0x080001ac                . = ALIGN (0x4)

.text           0x080001ac     0x65d8
                0x080001ac                . = ALIGN (0x4)
 *(.text)
 .text          0x080001ac       0x5c e:/eclipse/plugins/fr.ac6.mcu.externaltools.arm-none.win32_1.3.0.201507241045/tools/compiler/bin/../lib/gcc/arm-none-eabi/4.9.3/armv7e-m/fpu/crtbegin.o
 *(.text*)
 .text.USBD_CDC_DataIn
                0x08000208       0x12 ./Middlewares/USB_Device_Library/usbd_cdc.o
 .text.USBD_CDC_EP0_RxReady
                0x0800021a       0x28 ./Middlewares/USB_Device_Library/usbd_cdc.o
 *fill*         0x08000242        0x2 
 .text.USBD_CDC_GetFSCfgDesc
                0x08000244        0xc ./Middlewares/USB_Device_Library/usbd_cdc.o
 .text.USBD_CDC_GetHSCfgDesc
                0x08000250        0xc ./Middlewares/USB_Device_Library/usbd_cdc.o
 .text.USBD_CDC_GetOtherSpeedCfgDesc
                0x0800025c        0xc ./Middlewares/USB_Device_Library/usbd_cdc.o
 .text.USBD_CDC_GetDeviceQualifierDescriptor
                0x08000268        0xc ./Middlewares/USB_Device_Library/usbd_cdc.o
                0x08000268                USBD_CDC_GetDeviceQualifierDescriptor
 .text.USBD_CDC_DataOut
                0x08000274       0x2e ./Middlewares/USB_Device_Library/usbd_cdc.o
 *fill*         0x080002a2        0x2 
 .text.USBD_CDC_Setup
                0x080002a4       0x6c ./Middlewares/USB_Device_Library/usbd_cdc.o
 .text.USBD_CDC_DeInit
                0x08000310       0x3a ./Middlewares/USB_Device_Library/usbd_cdc.o
 .text.USBD_CDC_Init
                0x0800034a       0x86 ./Middlewares/USB_Device_Library/usbd_cdc.o
 .text.USBD_CDC_RegisterInterface
                0x080003d0        0xe ./Middlewares/USB_Device_Library/usbd_cdc.o
                0x080003d0                USBD_CDC_RegisterInterface
 .text.USBD_CDC_SetTxBuffer
                0x080003de       0x10 ./Middlewares/USB_Device_Library/usbd_cdc.o
                0x080003de                USBD_CDC_SetTxBuffer
 .text.USBD_CDC_SetRxBuffer
                0x080003ee        0xc ./Middlewares/USB_Device_Library/usbd_cdc.o
                0x080003ee                USBD_CDC_SetRxBuffer
 .text.USBD_Init
                0x080003fa       0x2a ./Middlewares/USB_Device_Library/usbd_core.o
                0x080003fa                USBD_Init
 .text.USBD_RegisterClass
                0x08000424        0xe ./Middlewares/USB_Device_Library/usbd_core.o
                0x08000424                USBD_RegisterClass
 .text.USBD_Start
                0x08000432        0xa ./Middlewares/USB_Device_Library/usbd_core.o
                0x08000432                USBD_Start
 .text.USBD_SetClassConfig
                0x0800043c       0x16 ./Middlewares/USB_Device_Library/usbd_core.o
                0x0800043c                USBD_SetClassConfig
 .text.USBD_ClrClassConfig
                0x08000452        0xe ./Middlewares/USB_Device_Library/usbd_core.o
                0x08000452                USBD_ClrClassConfig
 .text.USBD_LL_SetupStage
                0x08000460       0x5a ./Middlewares/USB_Device_Library/usbd_core.o
                0x08000460                USBD_LL_SetupStage
 .text.USBD_LL_DataOutStage
                0x080004ba       0x60 ./Middlewares/USB_Device_Library/usbd_core.o
                0x080004ba                USBD_LL_DataOutStage
 .text.USBD_LL_DataInStage
                0x0800051a       0x9c ./Middlewares/USB_Device_Library/usbd_core.o
                0x0800051a                USBD_LL_DataInStage
 .text.USBD_LL_Reset
                0x080005b6       0x3e ./Middlewares/USB_Device_Library/usbd_core.o
                0x080005b6                USBD_LL_Reset
 .text.USBD_LL_SetSpeed
                0x080005f4        0x6 ./Middlewares/USB_Device_Library/usbd_core.o
                0x080005f4                USBD_LL_SetSpeed
 .text.USBD_LL_Suspend
                0x080005fa       0x12 ./Middlewares/USB_Device_Library/usbd_core.o
                0x080005fa                USBD_LL_Suspend
 .text.USBD_LL_Resume
                0x0800060c        0xc ./Middlewares/USB_Device_Library/usbd_core.o
                0x0800060c                USBD_LL_Resume
 .text.USBD_LL_SOF
                0x08000618       0x18 ./Middlewares/USB_Device_Library/usbd_core.o
                0x08000618                USBD_LL_SOF
 .text.USBD_LL_IsoINIncomplete
                0x08000630        0x4 ./Middlewares/USB_Device_Library/usbd_core.o
                0x08000630                USBD_LL_IsoINIncomplete
 .text.USBD_LL_IsoOUTIncomplete
                0x08000634        0x4 ./Middlewares/USB_Device_Library/usbd_core.o
                0x08000634                USBD_LL_IsoOUTIncomplete
 .text.USBD_LL_DevConnected
                0x08000638        0x4 ./Middlewares/USB_Device_Library/usbd_core.o
                0x08000638                USBD_LL_DevConnected
 .text.USBD_LL_DevDisconnected
                0x0800063c       0x16 ./Middlewares/USB_Device_Library/usbd_core.o
                0x0800063c                USBD_LL_DevDisconnected
 .text.USBD_ParseSetupRequest
                0x08000652       0x28 ./Middlewares/USB_Device_Library/usbd_ctlreq.o
                0x08000652                USBD_ParseSetupRequest
 .text.USBD_CtlError
                0x0800067a       0x16 ./Middlewares/USB_Device_Library/usbd_ctlreq.o
                0x0800067a                USBD_CtlError
 .text.USBD_StdDevReq
                0x08000690      0x218 ./Middlewares/USB_Device_Library/usbd_ctlreq.o
                0x08000690                USBD_StdDevReq
 .text.USBD_StdItfReq
                0x080008a8       0x30 ./Middlewares/USB_Device_Library/usbd_ctlreq.o
                0x080008a8                USBD_StdItfReq
 .text.USBD_StdEPReq
                0x080008d8       0xc6 ./Middlewares/USB_Device_Library/usbd_ctlreq.o
                0x080008d8                USBD_StdEPReq
 .text.USBD_GetString
                0x0800099e       0x3a ./Middlewares/USB_Device_Library/usbd_ctlreq.o
                0x0800099e                USBD_GetString
 .text.USBD_CtlSendData
                0x080009d8       0x1c ./Middlewares/USB_Device_Library/usbd_ioreq.o
                0x080009d8                USBD_CtlSendData
 .text.USBD_CtlContinueSendData
                0x080009f4       0x12 ./Middlewares/USB_Device_Library/usbd_ioreq.o
                0x080009f4                USBD_CtlContinueSendData
 .text.USBD_CtlPrepareRx
                0x08000a06       0x20 ./Middlewares/USB_Device_Library/usbd_ioreq.o
                0x08000a06                USBD_CtlPrepareRx
 .text.USBD_CtlContinueRx
                0x08000a26       0x12 ./Middlewares/USB_Device_Library/usbd_ioreq.o
                0x08000a26                USBD_CtlContinueRx
 .text.USBD_CtlSendStatus
                0x08000a38       0x16 ./Middlewares/USB_Device_Library/usbd_ioreq.o
                0x08000a38                USBD_CtlSendStatus
 .text.USBD_CtlReceiveStatus
                0x08000a4e       0x16 ./Middlewares/USB_Device_Library/usbd_ioreq.o
                0x08000a4e                USBD_CtlReceiveStatus
 .text.osKernelStart
                0x08000a64        0xa ./Middlewares/FreeRTOS/cmsis_os.o
                0x08000a64                osKernelStart
 .text.osThreadCreate
                0x08000a6e       0x36 ./Middlewares/FreeRTOS/cmsis_os.o
                0x08000a6e                osThreadCreate
 .text.osDelay  0x08000aa4       0x10 ./Middlewares/FreeRTOS/cmsis_os.o
                0x08000aa4                osDelay
 .text.osSystickHandler
                0x08000ab4       0x14 ./Middlewares/FreeRTOS/cmsis_os.o
                0x08000ab4                osSystickHandler
 .text.prvInsertBlockIntoFreeList
                0x08000ac8       0x44 ./Middlewares/FreeRTOS/heap_4.o
 .text.pvPortMalloc
                0x08000b0c      0x10c ./Middlewares/FreeRTOS/heap_4.o
                0x08000b0c                pvPortMalloc
 .text.vPortFree
                0x08000c18       0x58 ./Middlewares/FreeRTOS/heap_4.o
                0x08000c18                vPortFree
 .text.vListInitialise
                0x08000c70       0x16 ./Middlewares/FreeRTOS/list.o
                0x08000c70                vListInitialise
 .text.vListInitialiseItem
                0x08000c86        0x6 ./Middlewares/FreeRTOS/list.o
                0x08000c86                vListInitialiseItem
 .text.vListInsertEnd
                0x08000c8c       0x18 ./Middlewares/FreeRTOS/list.o
                0x08000c8c                vListInsertEnd
 .text.vListInsert
                0x08000ca4       0x30 ./Middlewares/FreeRTOS/list.o
                0x08000ca4                vListInsert
 .text.uxListRemove
                0x08000cd4       0x20 ./Middlewares/FreeRTOS/list.o
                0x08000cd4                uxListRemove
 .text.prvPortStartFirstTask
                0x08000cf4       0x20 ./Middlewares/FreeRTOS/port.o
 .text.vPortEnableVFP
                0x08000d14       0x14 ./Middlewares/FreeRTOS/port.o
 .text.pxPortInitialiseStack
                0x08000d28       0x24 ./Middlewares/FreeRTOS/port.o
                0x08000d28                pxPortInitialiseStack
 .text.SVC_Handler
                0x08000d4c       0x20 ./Middlewares/FreeRTOS/port.o
                0x08000d4c                SVC_Handler
 .text.vPortYield
                0x08000d6c       0x18 ./Middlewares/FreeRTOS/port.o
                0x08000d6c                vPortYield
 .text.ulPortSetInterruptMask
                0x08000d84       0x10 ./Middlewares/FreeRTOS/port.o
                0x08000d84                ulPortSetInterruptMask
 .text.prvTaskExitError
                0x08000d94       0x1c ./Middlewares/FreeRTOS/port.o
 .text.vPortEnterCritical
                0x08000db0       0x34 ./Middlewares/FreeRTOS/port.o
                0x08000db0                vPortEnterCritical
 .text.vPortClearInterruptMask
                0x08000de4        0x6 ./Middlewares/FreeRTOS/port.o
                0x08000de4                vPortClearInterruptMask
 *fill*         0x08000dea        0x2 
 .text.vPortExitCritical
                0x08000dec       0x24 ./Middlewares/FreeRTOS/port.o
                0x08000dec                vPortExitCritical
 .text.PendSV_Handler
                0x08000e10       0x58 ./Middlewares/FreeRTOS/port.o
                0x08000e10                PendSV_Handler
 .text.xPortSysTickHandler
                0x08000e68       0x24 ./Middlewares/FreeRTOS/port.o
                0x08000e68                xPortSysTickHandler
 .text.vPortSetupTimerInterrupt
                0x08000e8c       0x28 ./Middlewares/FreeRTOS/port.o
                0x08000e8c                vPortSetupTimerInterrupt
 .text.xPortStartScheduler
                0x08000eb4       0x98 ./Middlewares/FreeRTOS/port.o
                0x08000eb4                xPortStartScheduler
 .text.prvResetNextTaskUnblockTime
                0x08000f4c       0x24 ./Middlewares/FreeRTOS/tasks.o
 .text.prvAddCurrentTaskToDelayedList
                0x08000f70       0x3c ./Middlewares/FreeRTOS/tasks.o
 .text.xTaskGenericCreate
                0x08000fac      0x184 ./Middlewares/FreeRTOS/tasks.o
                0x08000fac                xTaskGenericCreate
 .text.vTaskStartScheduler
                0x08001130       0x50 ./Middlewares/FreeRTOS/tasks.o
                0x08001130                vTaskStartScheduler
 .text.vTaskSuspendAll
                0x08001180       0x14 ./Middlewares/FreeRTOS/tasks.o
                0x08001180                vTaskSuspendAll
 .text.xTaskIncrementTick
                0x08001194       0xec ./Middlewares/FreeRTOS/tasks.o
                0x08001194                xTaskIncrementTick
 .text.xTaskResumeAll
                0x08001280       0xc4 ./Middlewares/FreeRTOS/tasks.o
                0x08001280                xTaskResumeAll
 .text.vTaskDelay
                0x08001344       0x58 ./Middlewares/FreeRTOS/tasks.o
                0x08001344                vTaskDelay
 .text.prvIdleTask
                0x0800139c       0x5c ./Middlewares/FreeRTOS/tasks.o
 .text.vTaskSwitchContext
                0x080013f8       0x60 ./Middlewares/FreeRTOS/tasks.o
                0x080013f8                vTaskSwitchContext
 .text.xTaskGetSchedulerState
                0x08001458       0x20 ./Middlewares/FreeRTOS/tasks.o
                0x08001458                xTaskGetSchedulerState
 .text.HAL_InitTick
                0x08001478       0x24 ./Drivers/STM32F4xx_HAL_Driver/stm32f4xx_hal.o
                0x08001478                HAL_InitTick
 .text.HAL_Init
                0x0800149c       0x34 ./Drivers/STM32F4xx_HAL_Driver/stm32f4xx_hal.o
                0x0800149c                HAL_Init
 .text.HAL_GetTick
                0x080014d0        0xc ./Drivers/STM32F4xx_HAL_Driver/stm32f4xx_hal.o
                0x080014d0                HAL_GetTick
 .text.HAL_Delay
                0x080014dc       0x1a ./Drivers/STM32F4xx_HAL_Driver/stm32f4xx_hal.o
                0x080014dc                HAL_Delay
 *fill*         0x080014f6        0x2 
 .text.HAL_ADC_Init
                0x080014f8      0x268 ./Drivers/STM32F4xx_HAL_Driver/stm32f4xx_hal_adc.o
                0x080014f8                HAL_ADC_Init
 .text.HAL_ADC_ConvCpltCallback
                0x08001760        0x2 ./Drivers/STM32F4xx_HAL_Driver/stm32f4xx_hal_adc.o
                0x08001760                HAL_ADC_ConvCpltCallback
 .text.HAL_ADC_LevelOutOfWindowCallback
                0x08001762        0x2 ./Drivers/STM32F4xx_HAL_Driver/stm32f4xx_hal_adc.o
                0x08001762                HAL_ADC_LevelOutOfWindowCallback
 .text.HAL_ADC_ErrorCallback
                0x08001764        0x2 ./Drivers/STM32F4xx_HAL_Driver/stm32f4xx_hal_adc.o
                0x08001764                HAL_ADC_ErrorCallback
 *fill*         0x08001766        0x2 
 .text.HAL_ADC_IRQHandler
                0x08001768      0x128 ./Drivers/STM32F4xx_HAL_Driver/stm32f4xx_hal_adc.o
                0x08001768                HAL_ADC_IRQHandler
 .text.HAL_ADC_ConfigChannel
                0x08001890      0x164 ./Drivers/STM32F4xx_HAL_Driver/stm32f4xx_hal_adc.o
                0x08001890                HAL_ADC_ConfigChannel
 .text.HAL_ADCEx_InjectedConvCpltCallback
                0x080019f4        0x2 ./Drivers/STM32F4xx_HAL_Driver/stm32f4xx_hal_adc_ex.o
                0x080019f4                HAL_ADCEx_InjectedConvCpltCallback
 *fill*         0x080019f6        0x2 
 .text.HAL_NVIC_SetPriorityGrouping
                0x080019f8       0x38 ./Drivers/STM32F4xx_HAL_Driver/stm32f4xx_hal_cortex.o
                0x080019f8                HAL_NVIC_SetPriorityGrouping
 .text.HAL_NVIC_SetPriority
                0x08001a30       0x84 ./Drivers/STM32F4xx_HAL_Driver/stm32f4xx_hal_cortex.o
                0x08001a30                HAL_NVIC_SetPriority
 .text.HAL_NVIC_EnableIRQ
                0x08001ab4       0x28 ./Drivers/STM32F4xx_HAL_Driver/stm32f4xx_hal_cortex.o
                0x08001ab4                HAL_NVIC_EnableIRQ
 .text.HAL_SYSTICK_Config
                0x08001adc       0x2c ./Drivers/STM32F4xx_HAL_Driver/stm32f4xx_hal_cortex.o
                0x08001adc                HAL_SYSTICK_Config
 .text.HAL_SYSTICK_CLKSourceConfig
                0x08001b08       0x30 ./Drivers/STM32F4xx_HAL_Driver/stm32f4xx_hal_cortex.o
                0x08001b08                HAL_SYSTICK_CLKSourceConfig
 .text.HAL_DMA_Init
                0x08001b38      0x1c4 ./Drivers/STM32F4xx_HAL_Driver/stm32f4xx_hal_dma.o
                0x08001b38                HAL_DMA_Init
 .text.HAL_DMA_Start_IT
                0x08001cfc       0x90 ./Drivers/STM32F4xx_HAL_Driver/stm32f4xx_hal_dma.o
                0x08001cfc                HAL_DMA_Start_IT
 .text.HAL_DMA_IRQHandler
                0x08001d8c      0xa18 ./Drivers/STM32F4xx_HAL_Driver/stm32f4xx_hal_dma.o
                0x08001d8c                HAL_DMA_IRQHandler
 .text.HAL_GPIO_Init
                0x080027a4      0x288 ./Drivers/STM32F4xx_HAL_Driver/stm32f4xx_hal_gpio.o
                0x080027a4                HAL_GPIO_Init
 .text.HAL_I2C_Init
                0x08002a2c      0x1a0 ./Drivers/STM32F4xx_HAL_Driver/stm32f4xx_hal_i2c.o
                0x08002a2c                HAL_I2C_Init
 .text.HAL_PCD_Init
                0x08002bcc       0xf8 ./Drivers/STM32F4xx_HAL_Driver/stm32f4xx_hal_pcd.o
                0x08002bcc                HAL_PCD_Init
 .text.HAL_PCD_Start
                0x08002cc4       0x2a ./Drivers/STM32F4xx_HAL_Driver/stm32f4xx_hal_pcd.o
                0x08002cc4                HAL_PCD_Start
 .text.HAL_PCD_IRQHandler
                0x08002cee      0x472 ./Drivers/STM32F4xx_HAL_Driver/stm32f4xx_hal_pcd.o
                0x08002cee                HAL_PCD_IRQHandler
 .text.HAL_PCD_SetAddress
                0x08003160       0x24 ./Drivers/STM32F4xx_HAL_Driver/stm32f4xx_hal_pcd.o
                0x08003160                HAL_PCD_SetAddress
 .text.HAL_PCD_EP_Open
                0x08003184       0x5a ./Drivers/STM32F4xx_HAL_Driver/stm32f4xx_hal_pcd.o
                0x08003184                HAL_PCD_EP_Open
 .text.HAL_PCD_EP_Close
                0x080031de       0x48 ./Drivers/STM32F4xx_HAL_Driver/stm32f4xx_hal_pcd.o
                0x080031de                HAL_PCD_EP_Close
 .text.HAL_PCD_EP_Receive
                0x08003226       0x62 ./Drivers/STM32F4xx_HAL_Driver/stm32f4xx_hal_pcd.o
                0x08003226                HAL_PCD_EP_Receive
 .text.HAL_PCD_EP_GetRxCount
                0x08003288       0x10 ./Drivers/STM32F4xx_HAL_Driver/stm32f4xx_hal_pcd.o
                0x08003288                HAL_PCD_EP_GetRxCount
 .text.HAL_PCD_EP_Transmit
                0x08003298       0x5e ./Drivers/STM32F4xx_HAL_Driver/stm32f4xx_hal_pcd.o
                0x08003298                HAL_PCD_EP_Transmit
 .text.HAL_PCD_EP_SetStall
                0x080032f6       0x5a ./Drivers/STM32F4xx_HAL_Driver/stm32f4xx_hal_pcd.o
                0x080032f6                HAL_PCD_EP_SetStall
 .text.HAL_PCD_EP_ClrStall
                0x08003350       0x4c ./Drivers/STM32F4xx_HAL_Driver/stm32f4xx_hal_pcd.o
                0x08003350                HAL_PCD_EP_ClrStall
 .text.HAL_PCDEx_SetTxFiFo
                0x0800339c       0x42 ./Drivers/STM32F4xx_HAL_Driver/stm32f4xx_hal_pcd_ex.o
                0x0800339c                HAL_PCDEx_SetTxFiFo
 .text.HAL_PCDEx_SetRxFiFo
                0x080033de        0x8 ./Drivers/STM32F4xx_HAL_Driver/stm32f4xx_hal_pcd_ex.o
                0x080033de                HAL_PCDEx_SetRxFiFo
 *fill*         0x080033e6        0x2 
 .text.HAL_RCC_OscConfig
                0x080033e8      0x400 ./Drivers/STM32F4xx_HAL_Driver/stm32f4xx_hal_rcc.o
                0x080033e8                HAL_RCC_OscConfig
 .text.HAL_RCC_ClockConfig
                0x080037e8      0x2ec ./Drivers/STM32F4xx_HAL_Driver/stm32f4xx_hal_rcc.o
                0x080037e8                HAL_RCC_ClockConfig
 .text.HAL_RCC_GetSysClockFreq
                0x08003ad4       0x84 ./Drivers/STM32F4xx_HAL_Driver/stm32f4xx_hal_rcc.o
                0x08003ad4                HAL_RCC_GetSysClockFreq
 .text.HAL_RCC_GetHCLKFreq
                0x08003b58       0x38 ./Drivers/STM32F4xx_HAL_Driver/stm32f4xx_hal_rcc.o
                0x08003b58                HAL_RCC_GetHCLKFreq
 .text.HAL_RCC_GetPCLK1Freq
                0x08003b90       0x30 ./Drivers/STM32F4xx_HAL_Driver/stm32f4xx_hal_rcc.o
                0x08003b90                HAL_RCC_GetPCLK1Freq
 .text.HAL_RCC_GetPCLK2Freq
                0x08003bc0       0x30 ./Drivers/STM32F4xx_HAL_Driver/stm32f4xx_hal_rcc.o
                0x08003bc0                HAL_RCC_GetPCLK2Freq
 .text.HAL_SPI_Init
                0x08003bf0      0x148 ./Drivers/STM32F4xx_HAL_Driver/stm32f4xx_hal_spi.o
                0x08003bf0                HAL_SPI_Init
 .text.TIM_OC1_SetConfig
                0x08003d38       0x58 ./Drivers/STM32F4xx_HAL_Driver/stm32f4xx_hal_tim.o
 .text.TIM_OC3_SetConfig
                0x08003d90       0xb0 ./Drivers/STM32F4xx_HAL_Driver/stm32f4xx_hal_tim.o
 .text.TIM_OC4_SetConfig
                0x08003e40       0x6c ./Drivers/STM32F4xx_HAL_Driver/stm32f4xx_hal_tim.o
 .text.TIM_Base_SetConfig
                0x08003eac       0xc8 ./Drivers/STM32F4xx_HAL_Driver/stm32f4xx_hal_tim.o
                0x08003eac                TIM_Base_SetConfig
 .text.HAL_TIM_PWM_Init
                0x08003f74       0xf0 ./Drivers/STM32F4xx_HAL_Driver/stm32f4xx_hal_tim.o
                0x08003f74                HAL_TIM_PWM_Init
 .text.TIM_OC2_SetConfig
                0x08004064       0xb0 ./Drivers/STM32F4xx_HAL_Driver/stm32f4xx_hal_tim.o
                0x08004064                TIM_OC2_SetConfig
 .text.HAL_TIM_PWM_ConfigChannel
                0x08004114      0x28c ./Drivers/STM32F4xx_HAL_Driver/stm32f4xx_hal_tim.o
                0x08004114                HAL_TIM_PWM_ConfigChannel
 .text.HAL_TIMEx_MasterConfigSynchronization
                0x080043a0       0xd0 ./Drivers/STM32F4xx_HAL_Driver/stm32f4xx_hal_tim_ex.o
                0x080043a0                HAL_TIMEx_MasterConfigSynchronization
 .text.UART_SetConfig
                0x08004470      0x1a0 ./Drivers/STM32F4xx_HAL_Driver/stm32f4xx_hal_uart.o
 .text.HAL_UART_Init
                0x08004610      0x10c ./Drivers/STM32F4xx_HAL_Driver/stm32f4xx_hal_uart.o
                0x08004610                HAL_UART_Init
 .text.HAL_UART_Transmit_DMA
                0x0800471c       0x84 ./Drivers/STM32F4xx_HAL_Driver/stm32f4xx_hal_uart.o
                0x0800471c                HAL_UART_Transmit_DMA
 .text.HAL_UART_Receive_DMA
                0x080047a0       0x80 ./Drivers/STM32F4xx_HAL_Driver/stm32f4xx_hal_uart.o
                0x080047a0                HAL_UART_Receive_DMA
 .text.HAL_UART_TxCpltCallback
                0x08004820        0x2 ./Drivers/STM32F4xx_HAL_Driver/stm32f4xx_hal_uart.o
                0x08004820                HAL_UART_TxCpltCallback
 .text.UART_DMATransmitCplt
                0x08004822       0x2c ./Drivers/STM32F4xx_HAL_Driver/stm32f4xx_hal_uart.o
 .text.HAL_UART_TxHalfCpltCallback
                0x0800484e        0x2 ./Drivers/STM32F4xx_HAL_Driver/stm32f4xx_hal_uart.o
                0x0800484e                HAL_UART_TxHalfCpltCallback
 .text.UART_DMATxHalfCplt
                0x08004850        0xa ./Drivers/STM32F4xx_HAL_Driver/stm32f4xx_hal_uart.o
 .text.HAL_UART_RxCpltCallback
                0x0800485a        0x2 ./Drivers/STM32F4xx_HAL_Driver/stm32f4xx_hal_uart.o
                0x0800485a                HAL_UART_RxCpltCallback
 .text.UART_DMAReceiveCplt
                0x0800485c       0x32 ./Drivers/STM32F4xx_HAL_Driver/stm32f4xx_hal_uart.o
 .text.HAL_UART_RxHalfCpltCallback
                0x0800488e        0x2 ./Drivers/STM32F4xx_HAL_Driver/stm32f4xx_hal_uart.o
                0x0800488e                HAL_UART_RxHalfCpltCallback
 .text.UART_DMARxHalfCplt
                0x08004890        0xa ./Drivers/STM32F4xx_HAL_Driver/stm32f4xx_hal_uart.o
 .text.HAL_UART_ErrorCallback
                0x0800489a        0x2 ./Drivers/STM32F4xx_HAL_Driver/stm32f4xx_hal_uart.o
                0x0800489a                HAL_UART_ErrorCallback
 .text.UART_DMAError
                0x0800489c       0x1e ./Drivers/STM32F4xx_HAL_Driver/stm32f4xx_hal_uart.o
 .text.HAL_UART_IRQHandler
                0x080048ba      0x1b8 ./Drivers/STM32F4xx_HAL_Driver/stm32f4xx_hal_uart.o
                0x080048ba                HAL_UART_IRQHandler
 .text.HAL_UART_GetState
                0x08004a72        0x6 ./Drivers/STM32F4xx_HAL_Driver/stm32f4xx_hal_uart.o
                0x08004a72                HAL_UART_GetState
 .text.USB_CoreReset
                0x08004a78       0x30 ./Drivers/STM32F4xx_HAL_Driver/stm32f4xx_ll_usb.o
 .text.USB_CoreInit
                0x08004aa8       0x76 ./Drivers/STM32F4xx_HAL_Driver/stm32f4xx_ll_usb.o
                0x08004aa8                USB_CoreInit
 .text.USB_EnableGlobalInt
                0x08004b1e        0xc ./Drivers/STM32F4xx_HAL_Driver/stm32f4xx_ll_usb.o
                0x08004b1e                USB_EnableGlobalInt
 .text.USB_DisableGlobalInt
                0x08004b2a        0xc ./Drivers/STM32F4xx_HAL_Driver/stm32f4xx_ll_usb.o
                0x08004b2a                USB_DisableGlobalInt
 .text.USB_SetCurrentMode
                0x08004b36       0x2c ./Drivers/STM32F4xx_HAL_Driver/stm32f4xx_ll_usb.o
                0x08004b36                USB_SetCurrentMode
 *fill*         0x08004b62        0x2 
 .text.USB_FlushTxFifo
                0x08004b64       0x24 ./Drivers/STM32F4xx_HAL_Driver/stm32f4xx_ll_usb.o
                0x08004b64                USB_FlushTxFifo
 .text.USB_FlushRxFifo
                0x08004b88       0x20 ./Drivers/STM32F4xx_HAL_Driver/stm32f4xx_ll_usb.o
                0x08004b88                USB_FlushRxFifo
 .text.USB_SetDevSpeed
                0x08004ba8        0xe ./Drivers/STM32F4xx_HAL_Driver/stm32f4xx_ll_usb.o
                0x08004ba8                USB_SetDevSpeed
 *fill*         0x08004bb6        0x2 
 .text.USB_DevInit
                0x08004bb8      0x12c ./Drivers/STM32F4xx_HAL_Driver/stm32f4xx_ll_usb.o
                0x08004bb8                USB_DevInit
 .text.USB_GetDevSpeed
                0x08004ce4       0x36 ./Drivers/STM32F4xx_HAL_Driver/stm32f4xx_ll_usb.o
                0x08004ce4                USB_GetDevSpeed
 .text.USB_ActivateEndpoint
                0x08004d1a       0x82 ./Drivers/STM32F4xx_HAL_Driver/stm32f4xx_ll_usb.o
                0x08004d1a                USB_ActivateEndpoint
 .text.USB_DeactivateEndpoint
                0x08004d9c       0x6e ./Drivers/STM32F4xx_HAL_Driver/stm32f4xx_ll_usb.o
                0x08004d9c                USB_DeactivateEndpoint
 .text.USB_EP0StartXfer
                0x08004e0a      0x150 ./Drivers/STM32F4xx_HAL_Driver/stm32f4xx_ll_usb.o
                0x08004e0a                USB_EP0StartXfer
 .text.USB_WritePacket
                0x08004f5a       0x26 ./Drivers/STM32F4xx_HAL_Driver/stm32f4xx_ll_usb.o
                0x08004f5a                USB_WritePacket
 .text.USB_EPStartXfer
                0x08004f80      0x238 ./Drivers/STM32F4xx_HAL_Driver/stm32f4xx_ll_usb.o
                0x08004f80                USB_EPStartXfer
 .text.USB_ReadPacket
                0x080051b8       0x20 ./Drivers/STM32F4xx_HAL_Driver/stm32f4xx_ll_usb.o
                0x080051b8                USB_ReadPacket
 .text.USB_EPSetStall
                0x080051d8       0x64 ./Drivers/STM32F4xx_HAL_Driver/stm32f4xx_ll_usb.o
                0x080051d8                USB_EPSetStall
 .text.USB_EPClearStall
                0x0800523c       0x3e ./Drivers/STM32F4xx_HAL_Driver/stm32f4xx_ll_usb.o
                0x0800523c                USB_EPClearStall
 .text.USB_SetDevAddress
                0x0800527a       0x20 ./Drivers/STM32F4xx_HAL_Driver/stm32f4xx_ll_usb.o
                0x0800527a                USB_SetDevAddress
 .text.USB_DevConnect
                0x0800529a       0x18 ./Drivers/STM32F4xx_HAL_Driver/stm32f4xx_ll_usb.o
                0x0800529a                USB_DevConnect
 .text.USB_DevDisconnect
                0x080052b2       0x18 ./Drivers/STM32F4xx_HAL_Driver/stm32f4xx_ll_usb.o
                0x080052b2                USB_DevDisconnect
 .text.USB_ReadInterrupts
                0x080052ca        0x8 ./Drivers/STM32F4xx_HAL_Driver/stm32f4xx_ll_usb.o
                0x080052ca                USB_ReadInterrupts
 .text.USB_ReadDevAllOutEpInterrupt
                0x080052d2       0x10 ./Drivers/STM32F4xx_HAL_Driver/stm32f4xx_ll_usb.o
                0x080052d2                USB_ReadDevAllOutEpInterrupt
 .text.USB_ReadDevAllInEpInterrupt
                0x080052e2       0x10 ./Drivers/STM32F4xx_HAL_Driver/stm32f4xx_ll_usb.o
                0x080052e2                USB_ReadDevAllInEpInterrupt
 .text.USB_ReadDevOutEPInterrupt
                0x080052f2       0x12 ./Drivers/STM32F4xx_HAL_Driver/stm32f4xx_ll_usb.o
                0x080052f2                USB_ReadDevOutEPInterrupt
 .text.USB_ReadDevInEPInterrupt
                0x08005304       0x1e ./Drivers/STM32F4xx_HAL_Driver/stm32f4xx_ll_usb.o
                0x08005304                USB_ReadDevInEPInterrupt
 .text.USB_GetMode
                0x08005322        0x8 ./Drivers/STM32F4xx_HAL_Driver/stm32f4xx_ll_usb.o
                0x08005322                USB_GetMode
 .text.USB_ActivateSetup
                0x0800532a       0x36 ./Drivers/STM32F4xx_HAL_Driver/stm32f4xx_ll_usb.o
                0x0800532a                USB_ActivateSetup
 .text.USB_EP0_OutStart
                0x08005360       0x46 ./Drivers/STM32F4xx_HAL_Driver/stm32f4xx_ll_usb.o
                0x08005360                USB_EP0_OutStart
 *fill*         0x080053a6        0x2 
 .text.SystemInit
                0x080053a8       0x4c ./Drivers/CMSIS/system_stm32f4xx.o
                0x080053a8                SystemInit
 .text.MX_ADC1_Init
                0x080053f4       0x4c ./Application/User/adc.o
                0x080053f4                MX_ADC1_Init
 .text.MX_ADC2_Init
                0x08005440       0x4c ./Application/User/adc.o
                0x08005440                MX_ADC2_Init
 .text.MX_ADC3_Init
                0x0800548c       0x44 ./Application/User/adc.o
                0x0800548c                MX_ADC3_Init
 .text.HAL_ADC_MspInit
                0x080054d0      0x140 ./Application/User/adc.o
                0x080054d0                HAL_ADC_MspInit
 .text.MX_DMA_Init
                0x08005610       0xa4 ./Application/User/dma.o
                0x08005610                MX_DMA_Init
 .text.StartDefaultTask
                0x080056b4        0xe ./Application/User/freertos.o
                0x080056b4                StartDefaultTask
 *fill*         0x080056c2        0x2 
 .text.MX_FREERTOS_Init
                0x080056c4       0x28 ./Application/User/freertos.o
                0x080056c4                MX_FREERTOS_Init
 .text.MX_GPIO_Init
                0x080056ec      0x300 ./Application/User/gpio.o
                0x080056ec                MX_GPIO_Init
 .text.MX_I2C3_Init
                0x080059ec       0x30 ./Application/User/i2c.o
                0x080059ec                MX_I2C3_Init
 .text.HAL_I2C_MspInit
                0x08005a1c       0x6c ./Application/User/i2c.o
                0x08005a1c                HAL_I2C_MspInit
 .text.task_one
                0x08005a88       0x34 ./Application/User/main.o
                0x08005a88                task_one
 .text.task_two
                0x08005abc       0x34 ./Application/User/main.o
                0x08005abc                task_two
 .text.SystemClock_Config
                0x08005af0       0xa0 ./Application/User/main.o
                0x08005af0                SystemClock_Config
 .text.startup.main
                0x08005b90       0xd8 ./Application/User/main.o
                0x08005b90                main
 .text.assert_failed
                0x08005c68        0x2 ./Application/User/main.o
                0x08005c68                assert_failed
 *fill*         0x08005c6a        0x2 
 .text.MX_SPI5_Init
                0x08005c6c       0x34 ./Application/User/spi.o
                0x08005c6c                MX_SPI5_Init
 .text.HAL_SPI_MspInit
                0x08005ca0       0x4c ./Application/User/spi.o
                0x08005ca0                HAL_SPI_MspInit
 .text.HAL_MspInit
                0x08005cec       0x18 ./Application/User/stm32f4xx_hal_msp.o
                0x08005cec                HAL_MspInit
 .text.SysTick_Handler
                0x08005d04        0x4 ./Application/User/stm32f4xx_it.o
                0x08005d04                SysTick_Handler
 .text.DMA1_Stream0_IRQHandler
                0x08005d08        0xc ./Application/User/stm32f4xx_it.o
                0x08005d08                DMA1_Stream0_IRQHandler
 .text.ADC_IRQHandler
                0x08005d14       0x24 ./Application/User/stm32f4xx_it.o
                0x08005d14                ADC_IRQHandler
 .text.USART1_IRQHandler
                0x08005d38        0xc ./Application/User/stm32f4xx_it.o
                0x08005d38                USART1_IRQHandler
 .text.DMA1_Stream7_IRQHandler
                0x08005d44        0xc ./Application/User/stm32f4xx_it.o
                0x08005d44                DMA1_Stream7_IRQHandler
 .text.UART5_IRQHandler
                0x08005d50        0xc ./Application/User/stm32f4xx_it.o
                0x08005d50                UART5_IRQHandler
 .text.DMA2_Stream0_IRQHandler
                0x08005d5c        0xc ./Application/User/stm32f4xx_it.o
                0x08005d5c                DMA2_Stream0_IRQHandler
 .text.DMA2_Stream1_IRQHandler
                0x08005d68        0xc ./Application/User/stm32f4xx_it.o
                0x08005d68                DMA2_Stream1_IRQHandler
 .text.DMA2_Stream2_IRQHandler
                0x08005d74        0xc ./Application/User/stm32f4xx_it.o
                0x08005d74                DMA2_Stream2_IRQHandler
 .text.DMA2_Stream3_IRQHandler
                0x08005d80        0xc ./Application/User/stm32f4xx_it.o
                0x08005d80                DMA2_Stream3_IRQHandler
 .text.DMA2_Stream7_IRQHandler
                0x08005d8c        0xc ./Application/User/stm32f4xx_it.o
                0x08005d8c                DMA2_Stream7_IRQHandler
 .text.OTG_HS_IRQHandler
                0x08005d98        0xc ./Application/User/stm32f4xx_it.o
                0x08005d98                OTG_HS_IRQHandler
 .text.MX_TIM2_Init
                0x08005da4       0x4c ./Application/User/tim.o
                0x08005da4                MX_TIM2_Init
 .text.MX_TIM3_Init
                0x08005df0       0x5c ./Application/User/tim.o
                0x08005df0                MX_TIM3_Init
 .text.MX_TIM4_Init
                0x08005e4c       0x50 ./Application/User/tim.o
                0x08005e4c                MX_TIM4_Init
 .text.MX_TIM9_Init
                0x08005e9c       0x48 ./Application/User/tim.o
                0x08005e9c                MX_TIM9_Init
 .text.HAL_TIM_PWM_MspInit
                0x08005ee4       0xf8 ./Application/User/tim.o
                0x08005ee4                HAL_TIM_PWM_MspInit
 .text.MX_UART5_Init
                0x08005fdc       0x28 ./Application/User/usart.o
                0x08005fdc                MX_UART5_Init
 .text.MX_USART1_UART_Init
                0x08006004       0x28 ./Application/User/usart.o
                0x08006004                MX_USART1_UART_Init
 .text.HAL_UART_MspInit
                0x0800602c      0x1b0 ./Application/User/usart.o
                0x0800602c                HAL_UART_MspInit
 .text.MX_USB_DEVICE_Init
                0x080061dc       0x38 ./Application/User/usb_device.o
                0x080061dc                MX_USB_DEVICE_Init
 .text.CDC_DeInit_HS
                0x08006214        0x4 ./Application/User/usbd_cdc_if.o
 .text.CDC_Control_HS
                0x08006218        0x4 ./Application/User/usbd_cdc_if.o
 .text.CDC_Receive_HS
                0x0800621c        0x4 ./Application/User/usbd_cdc_if.o
 .text.CDC_Init_HS
                0x08006220       0x2c ./Application/User/usbd_cdc_if.o
 .text.HAL_PCD_MspInit
                0x0800624c       0x70 ./Application/User/usbd_conf.o
                0x0800624c                HAL_PCD_MspInit
 .text.HAL_PCD_SetupStageCallback
                0x080062bc        0xe ./Application/User/usbd_conf.o
                0x080062bc                HAL_PCD_SetupStageCallback
 .text.HAL_PCD_DataOutStageCallback
                0x080062ca       0x12 ./Application/User/usbd_conf.o
                0x080062ca                HAL_PCD_DataOutStageCallback
 .text.HAL_PCD_DataInStageCallback
                0x080062dc       0x10 ./Application/User/usbd_conf.o
                0x080062dc                HAL_PCD_DataInStageCallback
 .text.HAL_PCD_SOFCallback
                0x080062ec        0x8 ./Application/User/usbd_conf.o
                0x080062ec                HAL_PCD_SOFCallback
 .text.HAL_PCD_ResetCallback
                0x080062f4       0x20 ./Application/User/usbd_conf.o
                0x080062f4                HAL_PCD_ResetCallback
 .text.HAL_PCD_SuspendCallback
                0x08006314       0x30 ./Application/User/usbd_conf.o
                0x08006314                HAL_PCD_SuspendCallback
 .text.HAL_PCD_ResumeCallback
                0x08006344        0x8 ./Application/User/usbd_conf.o
                0x08006344                HAL_PCD_ResumeCallback
 .text.HAL_PCD_ISOOUTIncompleteCallback
                0x0800634c        0x8 ./Application/User/usbd_conf.o
                0x0800634c                HAL_PCD_ISOOUTIncompleteCallback
 .text.HAL_PCD_ISOINIncompleteCallback
                0x08006354        0x8 ./Application/User/usbd_conf.o
                0x08006354                HAL_PCD_ISOINIncompleteCallback
 .text.HAL_PCD_ConnectCallback
                0x0800635c        0x8 ./Application/User/usbd_conf.o
                0x0800635c                HAL_PCD_ConnectCallback
 .text.HAL_PCD_DisconnectCallback
                0x08006364        0x8 ./Application/User/usbd_conf.o
                0x08006364                HAL_PCD_DisconnectCallback
 .text.USBD_LL_Init
                0x0800636c       0x64 ./Application/User/usbd_conf.o
                0x0800636c                USBD_LL_Init
 .text.USBD_LL_Start
                0x080063d0        0xe ./Application/User/usbd_conf.o
                0x080063d0                USBD_LL_Start
 .text.USBD_LL_OpenEP
                0x080063de       0x14 ./Application/User/usbd_conf.o
                0x080063de                USBD_LL_OpenEP
 .text.USBD_LL_CloseEP
                0x080063f2        0xe ./Application/User/usbd_conf.o
                0x080063f2                USBD_LL_CloseEP
 .text.USBD_LL_StallEP
                0x08006400        0xe ./Application/User/usbd_conf.o
                0x08006400                USBD_LL_StallEP
 .text.USBD_LL_ClearStallEP
                0x0800640e        0xe ./Application/User/usbd_conf.o
                0x0800640e                USBD_LL_ClearStallEP
 .text.USBD_LL_IsStallEP
                0x0800641c       0x26 ./Application/User/usbd_conf.o
                0x0800641c                USBD_LL_IsStallEP
 .text.USBD_LL_SetUSBAddress
                0x08006442        0xe ./Application/User/usbd_conf.o
                0x08006442                USBD_LL_SetUSBAddress
 .text.USBD_LL_Transmit
                0x08006450        0xe ./Application/User/usbd_conf.o
                0x08006450                USBD_LL_Transmit
 .text.USBD_LL_PrepareReceive
                0x0800645e        0xe ./Application/User/usbd_conf.o
                0x0800645e                USBD_LL_PrepareReceive
 .text.USBD_LL_GetRxDataSize
                0x0800646c        0xc ./Application/User/usbd_conf.o
                0x0800646c                USBD_LL_GetRxDataSize
 .text.USBD_HS_DeviceDescriptor
                0x08006478        0xc ./Application/User/usbd_desc.o
                0x08006478                USBD_HS_DeviceDescriptor
 .text.USBD_HS_LangIDStrDescriptor
                0x08006484        0xc ./Application/User/usbd_desc.o
                0x08006484                USBD_HS_LangIDStrDescriptor
 .text.USBD_HS_ManufacturerStrDescriptor
                0x08006490       0x1c ./Application/User/usbd_desc.o
                0x08006490                USBD_HS_ManufacturerStrDescriptor
 .text.USBD_HS_ProductStrDescriptor
                0x080064ac       0x1c ./Application/User/usbd_desc.o
                0x080064ac                USBD_HS_ProductStrDescriptor
 .text.USBD_HS_SerialStrDescriptor
                0x080064c8       0x1c ./Application/User/usbd_desc.o
                0x080064c8                USBD_HS_SerialStrDescriptor
 .text.USBD_HS_ConfigStrDescriptor
                0x080064e4       0x1c ./Application/User/usbd_desc.o
                0x080064e4                USBD_HS_ConfigStrDescriptor
 .text.USBD_HS_InterfaceStrDescriptor
                0x08006500       0x1c ./Application/User/usbd_desc.o
                0x08006500                USBD_HS_InterfaceStrDescriptor
 .text.Reset_Handler
                0x0800651c       0x50 ./Application/SW4STM32/startup_stm32f429xx.o
                0x0800651c                Reset_Handler
 .text.Default_Handler
                0x0800656c        0x2 ./Application/SW4STM32/startup_stm32f429xx.o
                0x0800656c                RTC_Alarm_IRQHandler
                0x0800656c                HASH_RNG_IRQHandler
                0x0800656c                EXTI2_IRQHandler
                0x0800656c                TIM8_CC_IRQHandler
                0x0800656c                DebugMon_Handler
                0x0800656c                UART8_IRQHandler
                0x0800656c                SPI4_IRQHandler
                0x0800656c                TIM1_CC_IRQHandler
                0x0800656c                DMA2_Stream5_IRQHandler
                0x0800656c                HardFault_Handler
                0x0800656c                DMA1_Stream5_IRQHandler
                0x0800656c                PVD_IRQHandler
                0x0800656c                SDIO_IRQHandler
                0x0800656c                TAMP_STAMP_IRQHandler
                0x0800656c                NMI_Handler
                0x0800656c                CAN2_RX1_IRQHandler
                0x0800656c                EXTI3_IRQHandler
                0x0800656c                TIM8_TRG_COM_TIM14_IRQHandler
                0x0800656c                TIM1_UP_TIM10_IRQHandler
                0x0800656c                TIM8_UP_TIM13_IRQHandler
                0x0800656c                I2C3_ER_IRQHandler
                0x0800656c                EXTI0_IRQHandler
                0x0800656c                I2C2_EV_IRQHandler
                0x0800656c                DMA1_Stream2_IRQHandler
                0x0800656c                CAN1_RX0_IRQHandler
                0x0800656c                FPU_IRQHandler
                0x0800656c                OTG_HS_WKUP_IRQHandler
                0x0800656c                UsageFault_Handler
                0x0800656c                LTDC_ER_IRQHandler
                0x0800656c                CAN2_SCE_IRQHandler
                0x0800656c                SPI1_IRQHandler
                0x0800656c                TIM6_DAC_IRQHandler
                0x0800656c                TIM1_BRK_TIM9_IRQHandler
                0x0800656c                DCMI_IRQHandler
                0x0800656c                CAN2_RX0_IRQHandler
                0x0800656c                USART6_IRQHandler
                0x0800656c                USART3_IRQHandler
                0x0800656c                CAN1_RX1_IRQHandler
                0x0800656c                TIM4_IRQHandler
                0x0800656c                I2C1_EV_IRQHandler
                0x0800656c                DMA1_Stream6_IRQHandler
                0x0800656c                DMA1_Stream1_IRQHandler
                0x0800656c                UART4_IRQHandler
                0x0800656c                TIM3_IRQHandler
                0x0800656c                RCC_IRQHandler
                0x0800656c                TIM8_BRK_TIM12_IRQHandler
                0x0800656c                Default_Handler
                0x0800656c                EXTI15_10_IRQHandler
                0x0800656c                SPI5_IRQHandler
                0x0800656c                TIM7_IRQHandler
                0x0800656c                CAN2_TX_IRQHandler
                0x0800656c                TIM5_IRQHandler
                0x0800656c                I2C3_EV_IRQHandler
                0x0800656c                EXTI9_5_IRQHandler
                0x0800656c                RTC_WKUP_IRQHandler
                0x0800656c                LTDC_IRQHandler
                0x0800656c                ETH_WKUP_IRQHandler
                0x0800656c                SPI2_IRQHandler
                0x0800656c                OTG_HS_EP1_IN_IRQHandler
                0x0800656c                MemManage_Handler
                0x0800656c                CAN1_TX_IRQHandler
                0x0800656c                EXTI4_IRQHandler
                0x0800656c                ETH_IRQHandler
                0x0800656c                OTG_HS_EP1_OUT_IRQHandler
                0x0800656c                WWDG_IRQHandler
                0x0800656c                SPI6_IRQHandler
                0x0800656c                TIM2_IRQHandler
                0x0800656c                OTG_FS_WKUP_IRQHandler
                0x0800656c                TIM1_TRG_COM_TIM11_IRQHandler
                0x0800656c                DMA2D_IRQHandler
                0x0800656c                EXTI1_IRQHandler
                0x0800656c                UART7_IRQHandler
                0x0800656c                USART2_IRQHandler
                0x0800656c                I2C2_ER_IRQHandler
                0x0800656c                CAN1_SCE_IRQHandler
                0x0800656c                FLASH_IRQHandler
                0x0800656c                DMA2_Stream4_IRQHandler
                0x0800656c                BusFault_Handler
                0x0800656c                OTG_FS_IRQHandler
                0x0800656c                SPI3_IRQHandler
                0x0800656c                DMA1_Stream4_IRQHandler
                0x0800656c                I2C1_ER_IRQHandler
                0x0800656c                FMC_IRQHandler
                0x0800656c                DMA2_Stream6_IRQHandler
                0x0800656c                SAI1_IRQHandler
                0x0800656c                DMA1_Stream3_IRQHandler
 *fill*         0x0800656e        0x2 
 .text.__libc_init_array
                0x08006570       0x4c e:/eclipse/plugins/fr.ac6.mcu.externaltools.arm-none.win32_1.3.0.201507241045/tools/compiler/bin/../lib/gcc/arm-none-eabi/4.9.3/../../../../arm-none-eabi/lib/armv7e-m/fpu\libc_nano.a(lib_a-init.o)
                0x08006570                __libc_init_array
 .text.malloc   0x080065bc       0x10 e:/eclipse/plugins/fr.ac6.mcu.externaltools.arm-none.win32_1.3.0.201507241045/tools/compiler/bin/../lib/gcc/arm-none-eabi/4.9.3/../../../../arm-none-eabi/lib/armv7e-m/fpu\libc_nano.a(lib_a-malloc.o)
                0x080065bc                malloc
 .text.free     0x080065cc       0x10 e:/eclipse/plugins/fr.ac6.mcu.externaltools.arm-none.win32_1.3.0.201507241045/tools/compiler/bin/../lib/gcc/arm-none-eabi/4.9.3/../../../../arm-none-eabi/lib/armv7e-m/fpu\libc_nano.a(lib_a-malloc.o)
                0x080065cc                free
 .text.memset   0x080065dc       0x10 e:/eclipse/plugins/fr.ac6.mcu.externaltools.arm-none.win32_1.3.0.201507241045/tools/compiler/bin/../lib/gcc/arm-none-eabi/4.9.3/../../../../arm-none-eabi/lib/armv7e-m/fpu\libc_nano.a(lib_a-memset.o)
                0x080065dc                memset
 .text._free_r  0x080065ec       0x88 e:/eclipse/plugins/fr.ac6.mcu.externaltools.arm-none.win32_1.3.0.201507241045/tools/compiler/bin/../lib/gcc/arm-none-eabi/4.9.3/../../../../arm-none-eabi/lib/armv7e-m/fpu\libc_nano.a(lib_a-nano-freer.o)
                0x080065ec                _free_r
 .text._malloc_r
                0x08006674       0xac e:/eclipse/plugins/fr.ac6.mcu.externaltools.arm-none.win32_1.3.0.201507241045/tools/compiler/bin/../lib/gcc/arm-none-eabi/4.9.3/../../../../arm-none-eabi/lib/armv7e-m/fpu\libc_nano.a(lib_a-nano-mallocr.o)
                0x08006674                _malloc_r
 .text._sbrk_r  0x08006720       0x20 e:/eclipse/plugins/fr.ac6.mcu.externaltools.arm-none.win32_1.3.0.201507241045/tools/compiler/bin/../lib/gcc/arm-none-eabi/4.9.3/../../../../arm-none-eabi/lib/armv7e-m/fpu\libc_nano.a(lib_a-sbrkr.o)
                0x08006720                _sbrk_r
 .text.strlen   0x08006740       0x10 e:/eclipse/plugins/fr.ac6.mcu.externaltools.arm-none.win32_1.3.0.201507241045/tools/compiler/bin/../lib/gcc/arm-none-eabi/4.9.3/../../../../arm-none-eabi/lib/armv7e-m/fpu\libc_nano.a(lib_a-strlen.o)
                0x08006740                strlen
 .text._sbrk    0x08006750       0x1c e:/eclipse/plugins/fr.ac6.mcu.externaltools.arm-none.win32_1.3.0.201507241045/tools/compiler/bin/../lib/gcc/arm-none-eabi/4.9.3/../../../../arm-none-eabi/lib/armv7e-m/fpu\libnosys.a(sbrk.o)
                0x08006750                _sbrk
 *(.glue_7)
 .glue_7        0x00000000        0x0 linker stubs
 *(.glue_7t)
 .glue_7t       0x00000000        0x0 linker stubs
 *(.eh_frame)
 .eh_frame      0x0800676c        0x0 e:/eclipse/plugins/fr.ac6.mcu.externaltools.arm-none.win32_1.3.0.201507241045/tools/compiler/bin/../lib/gcc/arm-none-eabi/4.9.3/armv7e-m/fpu/crtbegin.o
 *(.init)
 .init          0x0800676c        0x4 e:/eclipse/plugins/fr.ac6.mcu.externaltools.arm-none.win32_1.3.0.201507241045/tools/compiler/bin/../lib/gcc/arm-none-eabi/4.9.3/armv7e-m/fpu/crti.o
                0x0800676c                _init
 .init          0x08006770        0x8 e:/eclipse/plugins/fr.ac6.mcu.externaltools.arm-none.win32_1.3.0.201507241045/tools/compiler/bin/../lib/gcc/arm-none-eabi/4.9.3/armv7e-m/fpu/crtn.o
 *(.fini)
 .fini          0x08006778        0x4 e:/eclipse/plugins/fr.ac6.mcu.externaltools.arm-none.win32_1.3.0.201507241045/tools/compiler/bin/../lib/gcc/arm-none-eabi/4.9.3/armv7e-m/fpu/crti.o
                0x08006778                _fini
 .fini          0x0800677c        0x8 e:/eclipse/plugins/fr.ac6.mcu.externaltools.arm-none.win32_1.3.0.201507241045/tools/compiler/bin/../lib/gcc/arm-none-eabi/4.9.3/armv7e-m/fpu/crtn.o
                0x08006784                . = ALIGN (0x4)
                0x08006784                _etext = .

.vfp11_veneer   0x08006784        0x0
 .vfp11_veneer  0x00000000        0x0 linker stubs

.v4_bx          0x08006784        0x0
 .v4_bx         0x00000000        0x0 linker stubs

.iplt           0x08006784        0x0
 .iplt          0x00000000        0x0 e:/eclipse/plugins/fr.ac6.mcu.externaltools.arm-none.win32_1.3.0.201507241045/tools/compiler/bin/../lib/gcc/arm-none-eabi/4.9.3/armv7e-m/fpu/crtbegin.o

.rodata         0x08006784      0x5d4
                0x08006784                . = ALIGN (0x4)
 *(.rodata)
 .rodata        0x08006784       0x10 ./Drivers/STM32F4xx_HAL_Driver/stm32f4xx_hal_rcc.o
                0x08006784                APBAHBPrescTable
 .rodata        0x08006794       0x14 ./Application/User/freertos.o
 *(.rodata*)
 .rodata.str1.1
                0x080067a8        0x5 ./Middlewares/FreeRTOS/tasks.o
 .rodata.str1.1
                0x080067ad       0x70 ./Drivers/STM32F4xx_HAL_Driver/stm32f4xx_hal_adc.o
 .rodata.str1.1
                0x0800681d       0x73 ./Drivers/STM32F4xx_HAL_Driver/stm32f4xx_hal_cortex.o
 .rodata.str1.1
                0x08006890       0x70 ./Drivers/STM32F4xx_HAL_Driver/stm32f4xx_hal_dma.o
 .rodata.str1.1
                0x08006900       0x71 ./Drivers/STM32F4xx_HAL_Driver/stm32f4xx_hal_gpio.o
 .rodata.str1.1
                0x08006971       0x70 ./Drivers/STM32F4xx_HAL_Driver/stm32f4xx_hal_i2c.o
 .rodata.str1.1
                0x080069e1       0x70 ./Drivers/STM32F4xx_HAL_Driver/stm32f4xx_hal_pcd.o
 .rodata.str1.1
                0x08006a51       0x70 ./Drivers/STM32F4xx_HAL_Driver/stm32f4xx_hal_rcc.o
 .rodata.str1.1
                0x08006ac1       0x70 ./Drivers/STM32F4xx_HAL_Driver/stm32f4xx_hal_spi.o
 .rodata.str1.1
                0x08006b31       0x70 ./Drivers/STM32F4xx_HAL_Driver/stm32f4xx_hal_tim.o
 .rodata.str1.1
                0x08006ba1       0x73 ./Drivers/STM32F4xx_HAL_Driver/stm32f4xx_hal_tim_ex.o
 .rodata.str1.1
                0x08006c14       0x71 ./Drivers/STM32F4xx_HAL_Driver/stm32f4xx_hal_uart.o
 .rodata.str1.1
                0x08006c85        0xc ./Application/User/freertos.o
 .rodata.str1.1
                0x08006c91       0x74 ./Application/User/main.o
 .rodata.str1.1
                0x08006d05       0x4f ./Application/User/usbd_desc.o
 .rodata.str1.1
                0x08006d54        0x2 e:/eclipse/plugins/fr.ac6.mcu.externaltools.arm-none.win32_1.3.0.201507241045/tools/compiler/bin/../lib/gcc/arm-none-eabi/4.9.3/../../../../arm-none-eabi/lib/armv7e-m/fpu\libc_nano.a(lib_a-impure.o)
                0x08006d58                . = ALIGN (0x4)
 *fill*         0x08006d56        0x2 

.rel.dyn        0x08006d58        0x0
 .rel.iplt      0x00000000        0x0 e:/eclipse/plugins/fr.ac6.mcu.externaltools.arm-none.win32_1.3.0.201507241045/tools/compiler/bin/../lib/gcc/arm-none-eabi/4.9.3/armv7e-m/fpu/crtbegin.o

.ARM.extab
 *(.ARM.extab* .gnu.linkonce.armextab.*)

.ARM            0x08006d58        0x0
                0x08006d58                __exidx_start = .
 *(.ARM.exidx*)
                0x08006d58                __exidx_end = .

.preinit_array  0x08006d58        0x0
                0x08006d58                PROVIDE (__preinit_array_start, .)
 *(.preinit_array*)
                0x08006d58                PROVIDE (__preinit_array_end, .)

.init_array     0x08006d58        0x4
                0x08006d58                PROVIDE (__init_array_start, .)
 *(SORT(.init_array.*))
 *(.init_array*)
 .init_array    0x08006d58        0x4 e:/eclipse/plugins/fr.ac6.mcu.externaltools.arm-none.win32_1.3.0.201507241045/tools/compiler/bin/../lib/gcc/arm-none-eabi/4.9.3/armv7e-m/fpu/crtbegin.o
                0x08006d5c                PROVIDE (__init_array_end, .)

.fini_array     0x08006d5c        0x4
                0x08006d5c                PROVIDE (__fini_array_start, .)
 *(SORT(.fini_array.*))
 *(.fini_array*)
 .fini_array    0x08006d5c        0x4 e:/eclipse/plugins/fr.ac6.mcu.externaltools.arm-none.win32_1.3.0.201507241045/tools/compiler/bin/../lib/gcc/arm-none-eabi/4.9.3/armv7e-m/fpu/crtbegin.o
                0x08006d60                PROVIDE (__fini_array_end, .)
                0x08006d60                _sidata = LOADADDR (.data)

.data           0x20000000      0x1cc load address 0x08006d60
                0x20000000                . = ALIGN (0x4)
                0x20000000                _sdata = .
 *(.data)
 .data          0x20000000      0x110 ./Middlewares/USB_Device_Library/usbd_cdc.o
                0x20000000                USBD_CDC_CfgFSDesc
                0x20000044                USBD_CDC_CfgHSDesc
                0x20000088                USBD_CDC_OtherSpeedCfgDesc
                0x200000d8                USBD_CDC
 .data          0x20000110        0x4 ./Middlewares/FreeRTOS/port.o
 .data          0x20000114        0x4 ./Middlewares/FreeRTOS/tasks.o
 .data          0x20000118        0x4 ./Drivers/CMSIS/system_stm32f4xx.o
                0x20000118                SystemCoreClock
 .data          0x2000011c        0x8 ./Application/User/main.o
                0x2000011c                str_one
                0x20000120                str_two
 .data          0x20000124       0x10 ./Application/User/usbd_cdc_if.o
                0x20000124                USBD_Interface_fops_HS
 .data          0x20000134       0x34 ./Application/User/usbd_desc.o
                0x20000134                USBD_HS_DeviceDesc
                0x20000148                USBD_LangIDDesc
                0x2000014c                HS_Desc
 *(.data*)
 .data.impure_data
                0x20000168       0x60 e:/eclipse/plugins/fr.ac6.mcu.externaltools.arm-none.win32_1.3.0.201507241045/tools/compiler/bin/../lib/gcc/arm-none-eabi/4.9.3/../../../../arm-none-eabi/lib/armv7e-m/fpu\libc_nano.a(lib_a-impure.o)
 .data._impure_ptr
                0x200001c8        0x4 e:/eclipse/plugins/fr.ac6.mcu.externaltools.arm-none.win32_1.3.0.201507241045/tools/compiler/bin/../lib/gcc/arm-none-eabi/4.9.3/../../../../arm-none-eabi/lib/armv7e-m/fpu\libc_nano.a(lib_a-impure.o)
                0x200001c8                _impure_ptr
                0x200001cc                . = ALIGN (0x4)
                0x200001cc                _edata = .
                0x08006f2c                _siccmram = LOADADDR (.ccmram)

.jcr            0x200001cc        0x0 load address 0x08006f2c
 .jcr           0x200001cc        0x0 e:/eclipse/plugins/fr.ac6.mcu.externaltools.arm-none.win32_1.3.0.201507241045/tools/compiler/bin/../lib/gcc/arm-none-eabi/4.9.3/armv7e-m/fpu/crtbegin.o

.igot.plt       0x200001cc        0x0 load address 0x08006f2c
 .igot.plt      0x00000000        0x0 e:/eclipse/plugins/fr.ac6.mcu.externaltools.arm-none.win32_1.3.0.201507241045/tools/compiler/bin/../lib/gcc/arm-none-eabi/4.9.3/armv7e-m/fpu/crtbegin.o

.ccmram         0x10000000        0x0 load address 0x08006f2c
                0x10000000                . = ALIGN (0x4)
                0x10000000                _sccmram = .
 *(.ccmram)
 *(.ccmram*)
                0x10000000                . = ALIGN (0x4)
                0x10000000                _eccmram = .
                0x10000000                . = ALIGN (0x4)

.bss            0x200001cc     0x4b6c
                0x200001cc                _sbss = .
                0x200001cc                __bss_start__ = _sbss
 *(.bss)
 .bss           0x200001cc       0x1c e:/eclipse/plugins/fr.ac6.mcu.externaltools.arm-none.win32_1.3.0.201507241045/tools/compiler/bin/../lib/gcc/arm-none-eabi/4.9.3/armv7e-m/fpu/crtbegin.o
 .bss           0x200001e8        0x1 ./Middlewares/USB_Device_Library/usbd_cdc.o
 .bss           0x200001e9        0x1 ./Middlewares/USB_Device_Library/usbd_ctlreq.o
 *fill*         0x200001ea        0x2 
 .bss           0x200001ec     0x3c18 ./Middlewares/FreeRTOS/heap_4.o
 .bss           0x20003e04        0x8 ./Middlewares/FreeRTOS/port.o
 .bss           0x20003e0c      0x124 ./Middlewares/FreeRTOS/tasks.o
                0x20003e38                pxCurrentTCB
 .bss           0x20003f30        0x4 ./Drivers/STM32F4xx_HAL_Driver/stm32f4xx_hal.o
 *(.bss*)
 .bss.__malloc_sbrk_start
                0x20003f34        0x4 e:/eclipse/plugins/fr.ac6.mcu.externaltools.arm-none.win32_1.3.0.201507241045/tools/compiler/bin/../lib/gcc/arm-none-eabi/4.9.3/../../../../arm-none-eabi/lib/armv7e-m/fpu\libc_nano.a(lib_a-nano-mallocr.o)
                0x20003f34                __malloc_sbrk_start
 .bss.__malloc_free_list
                0x20003f38        0x4 e:/eclipse/plugins/fr.ac6.mcu.externaltools.arm-none.win32_1.3.0.201507241045/tools/compiler/bin/../lib/gcc/arm-none-eabi/4.9.3/../../../../arm-none-eabi/lib/armv7e-m/fpu\libc_nano.a(lib_a-nano-mallocr.o)
                0x20003f38                __malloc_free_list
 .bss.heap_end.4079
                0x20003f3c        0x4 e:/eclipse/plugins/fr.ac6.mcu.externaltools.arm-none.win32_1.3.0.201507241045/tools/compiler/bin/../lib/gcc/arm-none-eabi/4.9.3/../../../../arm-none-eabi/lib/armv7e-m/fpu\libnosys.a(sbrk.o)
 *(COMMON)
 COMMON         0x20003f40      0x1bc ./Application/User/adc.o
                0x20003f40                hadc2
                0x20003f84                hdma_adc3
                0x20003fd4                hadc1
                0x20004018                hadc3
                0x2000405c                hdma_adc1
                0x200040ac                hdma_adc2
 COMMON         0x200040fc        0x4 ./Application/User/freertos.o
                0x200040fc                defaultTaskHandle
 COMMON         0x20004100       0x3c ./Application/User/i2c.o
                0x20004100                hi2c3
 COMMON         0x2000413c      0x10a ./Application/User/main.o
                0x2000413c                usart1_RxBuf
                0x200041c1                uart5_RxBuf
 *fill*         0x20004246        0x2 
 COMMON         0x20004248       0x58 ./Application/User/spi.o
                0x20004248                hspi5
 COMMON         0x200042a0       0xf0 ./Application/User/tim.o
                0x200042a0                htim4
                0x200042dc                htim3
                0x20004318                htim9
                0x20004354                htim2
 COMMON         0x20004390      0x1c0 ./Application/User/usart.o
                0x20004390                hdma_usart1_tx
                0x200043e0                huart5
                0x20004420                hdma_usart1_rx
                0x20004470                huart1
                0x200044b0                hdma_uart5_rx
                0x20004500                hdma_uart5_tx
 COMMON         0x20004550      0x224 ./Application/User/usb_device.o
                0x20004550                hUsbDeviceHS
 COMMON         0x20004774        0xc ./Application/User/usbd_cdc_if.o
                0x20004774                hUsbDevice_1
                0x20004778                UserRxBufferHS
                0x2000477c                UserTxBufferHS
 COMMON         0x20004780      0x3b4 ./Application/User/usbd_conf.o
                0x20004780                hpcd_USB_OTG_HS
 COMMON         0x20004b34      0x200 ./Application/User/usbd_desc.o
                0x20004b34                USBD_StrDesc
 COMMON         0x20004d34        0x4 e:/eclipse/plugins/fr.ac6.mcu.externaltools.arm-none.win32_1.3.0.201507241045/tools/compiler/bin/../lib/gcc/arm-none-eabi/4.9.3/../../../../arm-none-eabi/lib/armv7e-m/fpu\libc_nano.a(lib_a-reent.o)
                0x20004d34                errno
                0x20004d38                . = ALIGN (0x4)
                0x20004d38                _ebss = .
                0x20004d38                __bss_end__ = _ebss

._user_heap_stack
                0x20004d38      0x600
                0x20004d38                . = ALIGN (0x8)
                0x20004d38                PROVIDE (end, .)
                0x20004d38                PROVIDE (_end, .)
                0x20004f38                . = (. + _Min_Heap_Size)
 *fill*         0x20004d38      0x200 
                0x20005338                . = (. + _Min_Stack_Size)
 *fill*         0x20004f38      0x400 
                0x20005338                . = ALIGN (0x8)

/DISCARD/
 libc.a(*)
 libm.a(*)
 libgcc.a(*)

.ARM.attributes
                0x00000000       0x30
 *(.ARM.attributes)
 .ARM.attributes
                0x00000000       0x22 e:/eclipse/plugins/fr.ac6.mcu.externaltools.arm-none.win32_1.3.0.201507241045/tools/compiler/bin/../lib/gcc/arm-none-eabi/4.9.3/armv7e-m/fpu/crti.o
 .ARM.attributes
                0x00000022       0x34 e:/eclipse/plugins/fr.ac6.mcu.externaltools.arm-none.win32_1.3.0.201507241045/tools/compiler/bin/../lib/gcc/arm-none-eabi/4.9.3/armv7e-m/fpu/crtbegin.o
 .ARM.attributes
                0x00000056       0x39 ./Middlewares/USB_Device_Library/usbd_cdc.o
 .ARM.attributes
                0x0000008f       0x39 ./Middlewares/USB_Device_Library/usbd_core.o
 .ARM.attributes
                0x000000c8       0x39 ./Middlewares/USB_Device_Library/usbd_ctlreq.o
 .ARM.attributes
                0x00000101       0x39 ./Middlewares/USB_Device_Library/usbd_ioreq.o
 .ARM.attributes
                0x0000013a       0x39 ./Middlewares/FreeRTOS/cmsis_os.o
 .ARM.attributes
                0x00000173       0x39 ./Middlewares/FreeRTOS/heap_4.o
 .ARM.attributes
                0x000001ac       0x39 ./Middlewares/FreeRTOS/list.o
 .ARM.attributes
                0x000001e5       0x39 ./Middlewares/FreeRTOS/port.o
 .ARM.attributes
                0x0000021e       0x39 ./Middlewares/FreeRTOS/tasks.o
 .ARM.attributes
                0x00000257       0x39 ./Drivers/STM32F4xx_HAL_Driver/stm32f4xx_hal.o
 .ARM.attributes
                0x00000290       0x39 ./Drivers/STM32F4xx_HAL_Driver/stm32f4xx_hal_adc.o
 .ARM.attributes
                0x000002c9       0x39 ./Drivers/STM32F4xx_HAL_Driver/stm32f4xx_hal_adc_ex.o
 .ARM.attributes
                0x00000302       0x39 ./Drivers/STM32F4xx_HAL_Driver/stm32f4xx_hal_cortex.o
 .ARM.attributes
                0x0000033b       0x39 ./Drivers/STM32F4xx_HAL_Driver/stm32f4xx_hal_dma.o
 .ARM.attributes
                0x00000374       0x39 ./Drivers/STM32F4xx_HAL_Driver/stm32f4xx_hal_gpio.o
 .ARM.attributes
                0x000003ad       0x39 ./Drivers/STM32F4xx_HAL_Driver/stm32f4xx_hal_i2c.o
 .ARM.attributes
                0x000003e6       0x39 ./Drivers/STM32F4xx_HAL_Driver/stm32f4xx_hal_pcd.o
 .ARM.attributes
                0x0000041f       0x39 ./Drivers/STM32F4xx_HAL_Driver/stm32f4xx_hal_pcd_ex.o
 .ARM.attributes
                0x00000458       0x39 ./Drivers/STM32F4xx_HAL_Driver/stm32f4xx_hal_rcc.o
 .ARM.attributes
                0x00000491       0x39 ./Drivers/STM32F4xx_HAL_Driver/stm32f4xx_hal_spi.o
 .ARM.attributes
                0x000004ca       0x39 ./Drivers/STM32F4xx_HAL_Driver/stm32f4xx_hal_tim.o
 .ARM.attributes
                0x00000503       0x39 ./Drivers/STM32F4xx_HAL_Driver/stm32f4xx_hal_tim_ex.o
 .ARM.attributes
                0x0000053c       0x39 ./Drivers/STM32F4xx_HAL_Driver/stm32f4xx_hal_uart.o
 .ARM.attributes
                0x00000575       0x39 ./Drivers/STM32F4xx_HAL_Driver/stm32f4xx_ll_usb.o
 .ARM.attributes
                0x000005ae       0x39 ./Drivers/CMSIS/system_stm32f4xx.o
 .ARM.attributes
                0x000005e7       0x39 ./Application/User/adc.o
 .ARM.attributes
                0x00000620       0x39 ./Application/User/dma.o
 .ARM.attributes
                0x00000659       0x39 ./Application/User/freertos.o
 .ARM.attributes
                0x00000692       0x39 ./Application/User/gpio.o
 .ARM.attributes
                0x000006cb       0x39 ./Application/User/i2c.o
 .ARM.attributes
                0x00000704       0x39 ./Application/User/main.o
 .ARM.attributes
                0x0000073d       0x39 ./Application/User/spi.o
 .ARM.attributes
                0x00000776       0x39 ./Application/User/stm32f4xx_hal_msp.o
 .ARM.attributes
                0x000007af       0x39 ./Application/User/stm32f4xx_it.o
 .ARM.attributes
                0x000007e8       0x39 ./Application/User/tim.o
 .ARM.attributes
                0x00000821       0x39 ./Application/User/usart.o
 .ARM.attributes
                0x0000085a       0x39 ./Application/User/usb_device.o
 .ARM.attributes
                0x00000893       0x39 ./Application/User/usbd_cdc_if.o
 .ARM.attributes
                0x000008cc       0x39 ./Application/User/usbd_conf.o
 .ARM.attributes
                0x00000905       0x39 ./Application/User/usbd_desc.o
 .ARM.attributes
                0x0000093e       0x21 ./Application/SW4STM32/startup_stm32f429xx.o
 .ARM.attributes
                0x0000095f       0x34 e:/eclipse/plugins/fr.ac6.mcu.externaltools.arm-none.win32_1.3.0.201507241045/tools/compiler/bin/../lib/gcc/arm-none-eabi/4.9.3/../../../../arm-none-eabi/lib/armv7e-m/fpu\libc_nano.a(lib_a-impure.o)
 .ARM.attributes
                0x00000993       0x34 e:/eclipse/plugins/fr.ac6.mcu.externaltools.arm-none.win32_1.3.0.201507241045/tools/compiler/bin/../lib/gcc/arm-none-eabi/4.9.3/../../../../arm-none-eabi/lib/armv7e-m/fpu\libc_nano.a(lib_a-init.o)
 .ARM.attributes
                0x000009c7       0x34 e:/eclipse/plugins/fr.ac6.mcu.externaltools.arm-none.win32_1.3.0.201507241045/tools/compiler/bin/../lib/gcc/arm-none-eabi/4.9.3/../../../../arm-none-eabi/lib/armv7e-m/fpu\libc_nano.a(lib_a-malloc.o)
 .ARM.attributes
                0x000009fb       0x34 e:/eclipse/plugins/fr.ac6.mcu.externaltools.arm-none.win32_1.3.0.201507241045/tools/compiler/bin/../lib/gcc/arm-none-eabi/4.9.3/../../../../arm-none-eabi/lib/armv7e-m/fpu\libc_nano.a(lib_a-memset.o)
 .ARM.attributes
                0x00000a2f       0x34 e:/eclipse/plugins/fr.ac6.mcu.externaltools.arm-none.win32_1.3.0.201507241045/tools/compiler/bin/../lib/gcc/arm-none-eabi/4.9.3/../../../../arm-none-eabi/lib/armv7e-m/fpu\libc_nano.a(lib_a-nano-freer.o)
 .ARM.attributes
                0x00000a63       0x34 e:/eclipse/plugins/fr.ac6.mcu.externaltools.arm-none.win32_1.3.0.201507241045/tools/compiler/bin/../lib/gcc/arm-none-eabi/4.9.3/../../../../arm-none-eabi/lib/armv7e-m/fpu\libc_nano.a(lib_a-nano-mallocr.o)
 .ARM.attributes
                0x00000a97       0x34 e:/eclipse/plugins/fr.ac6.mcu.externaltools.arm-none.win32_1.3.0.201507241045/tools/compiler/bin/../lib/gcc/arm-none-eabi/4.9.3/../../../../arm-none-eabi/lib/armv7e-m/fpu\libc_nano.a(lib_a-sbrkr.o)
 .ARM.attributes
                0x00000acb       0x34 e:/eclipse/plugins/fr.ac6.mcu.externaltools.arm-none.win32_1.3.0.201507241045/tools/compiler/bin/../lib/gcc/arm-none-eabi/4.9.3/../../../../arm-none-eabi/lib/armv7e-m/fpu\libc_nano.a(lib_a-strlen.o)
 .ARM.attributes
                0x00000aff       0x34 e:/eclipse/plugins/fr.ac6.mcu.externaltools.arm-none.win32_1.3.0.201507241045/tools/compiler/bin/../lib/gcc/arm-none-eabi/4.9.3/../../../../arm-none-eabi/lib/armv7e-m/fpu\libc_nano.a(lib_a-reent.o)
 .ARM.attributes
                0x00000b33       0x34 e:/eclipse/plugins/fr.ac6.mcu.externaltools.arm-none.win32_1.3.0.201507241045/tools/compiler/bin/../lib/gcc/arm-none-eabi/4.9.3/../../../../arm-none-eabi/lib/armv7e-m/fpu\libnosys.a(sbrk.o)
 .ARM.attributes
                0x00000b67       0x22 e:/eclipse/plugins/fr.ac6.mcu.externaltools.arm-none.win32_1.3.0.201507241045/tools/compiler/bin/../lib/gcc/arm-none-eabi/4.9.3/armv7e-m/fpu/crtn.o
OUTPUT(STM32F429i-DiscoComms Configuration.elf elf32-littlearm)

.debug_info     0x00000000    0x2558a
 .debug_info    0x00000000      0xcf5 ./Middlewares/USB_Device_Library/usbd_cdc.o
 .debug_info    0x00000cf5      0xcce ./Middlewares/USB_Device_Library/usbd_core.o
 .debug_info    0x000019c3      0xc29 ./Middlewares/USB_Device_Library/usbd_ctlreq.o
 .debug_info    0x000025ec      0x78f ./Middlewares/USB_Device_Library/usbd_ioreq.o
 .debug_info    0x00002d7b     0x18cb ./Middlewares/FreeRTOS/cmsis_os.o
 .debug_info    0x00004646      0x40e ./Middlewares/FreeRTOS/heap_4.o
 .debug_info    0x00004a54      0x29a ./Middlewares/FreeRTOS/list.o
 .debug_info    0x00004cee      0x3fc ./Middlewares/FreeRTOS/port.o
 .debug_info    0x000050ea     0x1ce6 ./Middlewares/FreeRTOS/tasks.o
 .debug_info    0x00006dd0      0xafe ./Drivers/STM32F4xx_HAL_Driver/stm32f4xx_hal.o
 .debug_info    0x000078ce     0x11ef ./Drivers/STM32F4xx_HAL_Driver/stm32f4xx_hal_adc.o
 .debug_info    0x00008abd      0xd5b ./Drivers/STM32F4xx_HAL_Driver/stm32f4xx_hal_adc_ex.o
 .debug_info    0x00009818      0xe6e ./Drivers/STM32F4xx_HAL_Driver/stm32f4xx_hal_cortex.o
 .debug_info    0x0000a686      0x90c ./Drivers/STM32F4xx_HAL_Driver/stm32f4xx_hal_dma.o
 .debug_info    0x0000af92      0x898 ./Drivers/STM32F4xx_HAL_Driver/stm32f4xx_hal_gpio.o
 .debug_info    0x0000b82a     0x2ad1 ./Drivers/STM32F4xx_HAL_Driver/stm32f4xx_hal_i2c.o
 .debug_info    0x0000e2fb     0x15e7 ./Drivers/STM32F4xx_HAL_Driver/stm32f4xx_hal_pcd.o
 .debug_info    0x0000f8e2      0x555 ./Drivers/STM32F4xx_HAL_Driver/stm32f4xx_hal_pcd_ex.o
 .debug_info    0x0000fe37     0x1333 ./Drivers/STM32F4xx_HAL_Driver/stm32f4xx_hal_rcc.o
 .debug_info    0x0001116a     0x1987 ./Drivers/STM32F4xx_HAL_Driver/stm32f4xx_hal_spi.o
 .debug_info    0x00012af1     0x43cb ./Drivers/STM32F4xx_HAL_Driver/stm32f4xx_hal_tim.o
 .debug_info    0x00016ebc     0x18d3 ./Drivers/STM32F4xx_HAL_Driver/stm32f4xx_hal_tim_ex.o
 .debug_info    0x0001878f     0x14d4 ./Drivers/STM32F4xx_HAL_Driver/stm32f4xx_hal_uart.o
 .debug_info    0x00019c63     0x160a ./Drivers/STM32F4xx_HAL_Driver/stm32f4xx_ll_usb.o
 .debug_info    0x0001b26d      0x4c3 ./Drivers/CMSIS/system_stm32f4xx.o
 .debug_info    0x0001b730      0xe92 ./Application/User/adc.o
 .debug_info    0x0001c5c2      0x6c5 ./Application/User/dma.o
 .debug_info    0x0001cc87      0x2b9 ./Application/User/freertos.o
 .debug_info    0x0001cf40      0x765 ./Application/User/gpio.o
 .debug_info    0x0001d6a5      0x965 ./Application/User/i2c.o
 .debug_info    0x0001e00a     0x1220 ./Application/User/main.o
 .debug_info    0x0001f22a      0x975 ./Application/User/spi.o
 .debug_info    0x0001fb9f      0x3a0 ./Application/User/stm32f4xx_hal_msp.o
 .debug_info    0x0001ff3f      0xd69 ./Application/User/stm32f4xx_it.o
 .debug_info    0x00020ca8      0xcd7 ./Application/User/tim.o
 .debug_info    0x0002197f      0xdb7 ./Application/User/usart.o
 .debug_info    0x00022736      0x678 ./Application/User/usb_device.o
 .debug_info    0x00022dae      0x750 ./Application/User/usbd_cdc_if.o
 .debug_info    0x000234fe     0x1a84 ./Application/User/usbd_conf.o
 .debug_info    0x00024f82      0x4e9 ./Application/User/usbd_desc.o
 .debug_info    0x0002546b      0x11f ./Application/SW4STM32/startup_stm32f429xx.o

.debug_abbrev   0x00000000     0x57a0
 .debug_abbrev  0x00000000      0x281 ./Middlewares/USB_Device_Library/usbd_cdc.o
 .debug_abbrev  0x00000281      0x27b ./Middlewares/USB_Device_Library/usbd_core.o
 .debug_abbrev  0x000004fc      0x2dc ./Middlewares/USB_Device_Library/usbd_ctlreq.o
 .debug_abbrev  0x000007d8      0x16d ./Middlewares/USB_Device_Library/usbd_ioreq.o
 .debug_abbrev  0x00000945      0x3b4 ./Middlewares/FreeRTOS/cmsis_os.o
 .debug_abbrev  0x00000cf9      0x221 ./Middlewares/FreeRTOS/heap_4.o
 .debug_abbrev  0x00000f1a       0xdd ./Middlewares/FreeRTOS/list.o
 .debug_abbrev  0x00000ff7      0x1f4 ./Middlewares/FreeRTOS/port.o
 .debug_abbrev  0x000011eb      0x377 ./Middlewares/FreeRTOS/tasks.o
 .debug_abbrev  0x00001562      0x27e ./Drivers/STM32F4xx_HAL_Driver/stm32f4xx_hal.o
 .debug_abbrev  0x000017e0      0x292 ./Drivers/STM32F4xx_HAL_Driver/stm32f4xx_hal_adc.o
 .debug_abbrev  0x00001a72      0x290 ./Drivers/STM32F4xx_HAL_Driver/stm32f4xx_hal_adc_ex.o
 .debug_abbrev  0x00001d02      0x319 ./Drivers/STM32F4xx_HAL_Driver/stm32f4xx_hal_cortex.o
 .debug_abbrev  0x0000201b      0x235 ./Drivers/STM32F4xx_HAL_Driver/stm32f4xx_hal_dma.o
 .debug_abbrev  0x00002250      0x207 ./Drivers/STM32F4xx_HAL_Driver/stm32f4xx_hal_gpio.o
 .debug_abbrev  0x00002457      0x2c3 ./Drivers/STM32F4xx_HAL_Driver/stm32f4xx_hal_i2c.o
 .debug_abbrev  0x0000271a      0x316 ./Drivers/STM32F4xx_HAL_Driver/stm32f4xx_hal_pcd.o
 .debug_abbrev  0x00002a30      0x170 ./Drivers/STM32F4xx_HAL_Driver/stm32f4xx_hal_pcd_ex.o
 .debug_abbrev  0x00002ba0      0x2fa ./Drivers/STM32F4xx_HAL_Driver/stm32f4xx_hal_rcc.o
 .debug_abbrev  0x00002e9a      0x366 ./Drivers/STM32F4xx_HAL_Driver/stm32f4xx_hal_spi.o
 .debug_abbrev  0x00003200      0x2dd ./Drivers/STM32F4xx_HAL_Driver/stm32f4xx_hal_tim.o
 .debug_abbrev  0x000034dd      0x22c ./Drivers/STM32F4xx_HAL_Driver/stm32f4xx_hal_tim_ex.o
 .debug_abbrev  0x00003709      0x2d4 ./Drivers/STM32F4xx_HAL_Driver/stm32f4xx_hal_uart.o
 .debug_abbrev  0x000039dd      0x26e ./Drivers/STM32F4xx_HAL_Driver/stm32f4xx_ll_usb.o
 .debug_abbrev  0x00003c4b      0x104 ./Drivers/CMSIS/system_stm32f4xx.o
 .debug_abbrev  0x00003d4f      0x1ff ./Application/User/adc.o
 .debug_abbrev  0x00003f4e      0x133 ./Application/User/dma.o
 .debug_abbrev  0x00004081      0x136 ./Application/User/freertos.o
 .debug_abbrev  0x000041b7      0x14b ./Application/User/gpio.o
 .debug_abbrev  0x00004302      0x1cb ./Application/User/i2c.o
 .debug_abbrev  0x000044cd      0x280 ./Application/User/main.o
 .debug_abbrev  0x0000474d      0x1bc ./Application/User/spi.o
 .debug_abbrev  0x00004909       0xd4 ./Application/User/stm32f4xx_hal_msp.o
 .debug_abbrev  0x000049dd      0x1bf ./Application/User/stm32f4xx_it.o
 .debug_abbrev  0x00004b9c      0x1f6 ./Application/User/tim.o
 .debug_abbrev  0x00004d92      0x1d7 ./Application/User/usart.o
 .debug_abbrev  0x00004f69      0x188 ./Application/User/usb_device.o
 .debug_abbrev  0x000050f1      0x22c ./Application/User/usbd_cdc_if.o
 .debug_abbrev  0x0000531d      0x2aa ./Application/User/usbd_conf.o
 .debug_abbrev  0x000055c7      0x1c7 ./Application/User/usbd_desc.o
 .debug_abbrev  0x0000578e       0x12 ./Application/SW4STM32/startup_stm32f429xx.o

.debug_loc      0x00000000    0x10d9f
 .debug_loc     0x00000000      0x479 ./Middlewares/USB_Device_Library/usbd_cdc.o
 .debug_loc     0x00000479      0x645 ./Middlewares/USB_Device_Library/usbd_core.o
 .debug_loc     0x00000abe      0x741 ./Middlewares/USB_Device_Library/usbd_ctlreq.o
 .debug_loc     0x000011ff      0x204 ./Middlewares/USB_Device_Library/usbd_ioreq.o
 .debug_loc     0x00001403      0xcd8 ./Middlewares/FreeRTOS/cmsis_os.o
 .debug_loc     0x000020db      0x46f ./Middlewares/FreeRTOS/heap_4.o
 .debug_loc     0x0000254a       0x94 ./Middlewares/FreeRTOS/list.o
 .debug_loc     0x000025de       0xa7 ./Middlewares/FreeRTOS/port.o
 .debug_loc     0x00002685     0x133e ./Middlewares/FreeRTOS/tasks.o
 .debug_loc     0x000039c3       0xf4 ./Drivers/STM32F4xx_HAL_Driver/stm32f4xx_hal.o
 .debug_loc     0x00003ab7      0x632 ./Drivers/STM32F4xx_HAL_Driver/stm32f4xx_hal_adc.o
 .debug_loc     0x000040e9      0x53f ./Drivers/STM32F4xx_HAL_Driver/stm32f4xx_hal_adc_ex.o
 .debug_loc     0x00004628      0x498 ./Drivers/STM32F4xx_HAL_Driver/stm32f4xx_hal_cortex.o
 .debug_loc     0x00004ac0      0x592 ./Drivers/STM32F4xx_HAL_Driver/stm32f4xx_hal_dma.o
 .debug_loc     0x00005052      0x545 ./Drivers/STM32F4xx_HAL_Driver/stm32f4xx_hal_gpio.o
 .debug_loc     0x00005597     0x280e ./Drivers/STM32F4xx_HAL_Driver/stm32f4xx_hal_i2c.o
 .debug_loc     0x00007da5      0xafe ./Drivers/STM32F4xx_HAL_Driver/stm32f4xx_hal_pcd.o
 .debug_loc     0x000088a3       0xda ./Drivers/STM32F4xx_HAL_Driver/stm32f4xx_hal_pcd_ex.o
 .debug_loc     0x0000897d      0x67c ./Drivers/STM32F4xx_HAL_Driver/stm32f4xx_hal_rcc.o
 .debug_loc     0x00008ff9     0x1218 ./Drivers/STM32F4xx_HAL_Driver/stm32f4xx_hal_spi.o
 .debug_loc     0x0000a211     0x2f36 ./Drivers/STM32F4xx_HAL_Driver/stm32f4xx_hal_tim.o
 .debug_loc     0x0000d147      0xc37 ./Drivers/STM32F4xx_HAL_Driver/stm32f4xx_hal_tim_ex.o
 .debug_loc     0x0000dd7e      0xf0d ./Drivers/STM32F4xx_HAL_Driver/stm32f4xx_hal_uart.o
 .debug_loc     0x0000ec8b     0x13b8 ./Drivers/STM32F4xx_HAL_Driver/stm32f4xx_ll_usb.o
 .debug_loc     0x00010043       0xda ./Drivers/CMSIS/system_stm32f4xx.o
 .debug_loc     0x0001011d       0xbb ./Application/User/adc.o
 .debug_loc     0x000101d8       0x21 ./Application/User/freertos.o
 .debug_loc     0x000101f9       0x4d ./Application/User/i2c.o
 .debug_loc     0x00010246       0x4d ./Application/User/spi.o
 .debug_loc     0x00010293       0xca ./Application/User/tim.o
 .debug_loc     0x0001035d       0x8f ./Application/User/usart.o
 .debug_loc     0x000103ec       0x8f ./Application/User/usbd_cdc_if.o
 .debug_loc     0x0001047b      0x6b1 ./Application/User/usbd_conf.o
 .debug_loc     0x00010b2c      0x273 ./Application/User/usbd_desc.o

.debug_aranges  0x00000000     0x1950
 .debug_aranges
                0x00000000       0x90 ./Middlewares/USB_Device_Library/usbd_cdc.o
 .debug_aranges
                0x00000090       0xb8 ./Middlewares/USB_Device_Library/usbd_core.o
 .debug_aranges
                0x00000148       0x48 ./Middlewares/USB_Device_Library/usbd_ctlreq.o
 .debug_aranges
                0x00000190       0x50 ./Middlewares/USB_Device_Library/usbd_ioreq.o
 .debug_aranges
                0x000001e0      0x158 ./Middlewares/FreeRTOS/cmsis_os.o
 .debug_aranges
                0x00000338       0x48 ./Middlewares/FreeRTOS/heap_4.o
 .debug_aranges
                0x00000380       0x40 ./Middlewares/FreeRTOS/list.o
 .debug_aranges
                0x000003c0       0x98 ./Middlewares/FreeRTOS/port.o
 .debug_aranges
                0x00000458      0x148 ./Middlewares/FreeRTOS/tasks.o
 .debug_aranges
                0x000005a0       0xd0 ./Drivers/STM32F4xx_HAL_Driver/stm32f4xx_hal.o
 .debug_aranges
                0x00000670       0xe0 ./Drivers/STM32F4xx_HAL_Driver/stm32f4xx_hal_adc.o
 .debug_aranges
                0x00000750       0x90 ./Drivers/STM32F4xx_HAL_Driver/stm32f4xx_hal_adc_ex.o
 .debug_aranges
                0x000007e0       0x90 ./Drivers/STM32F4xx_HAL_Driver/stm32f4xx_hal_cortex.o
 .debug_aranges
                0x00000870       0x60 ./Drivers/STM32F4xx_HAL_Driver/stm32f4xx_hal_dma.o
 .debug_aranges
                0x000008d0       0x58 ./Drivers/STM32F4xx_HAL_Driver/stm32f4xx_hal_gpio.o
 .debug_aranges
                0x00000928      0x190 ./Drivers/STM32F4xx_HAL_Driver/stm32f4xx_hal_i2c.o
 .debug_aranges
                0x00000ab8      0x118 ./Drivers/STM32F4xx_HAL_Driver/stm32f4xx_hal_pcd.o
 .debug_aranges
                0x00000bd0       0x28 ./Drivers/STM32F4xx_HAL_Driver/stm32f4xx_hal_pcd_ex.o
 .debug_aranges
                0x00000bf8       0x88 ./Drivers/STM32F4xx_HAL_Driver/stm32f4xx_hal_rcc.o
 .debug_aranges
                0x00000c80      0x150 ./Drivers/STM32F4xx_HAL_Driver/stm32f4xx_hal_spi.o
 .debug_aranges
                0x00000dd0      0x330 ./Drivers/STM32F4xx_HAL_Driver/stm32f4xx_hal_tim.o
 .debug_aranges
                0x00001100      0x140 ./Drivers/STM32F4xx_HAL_Driver/stm32f4xx_hal_tim_ex.o
 .debug_aranges
                0x00001240      0x138 ./Drivers/STM32F4xx_HAL_Driver/stm32f4xx_hal_uart.o
 .debug_aranges
                0x00001378      0x180 ./Drivers/STM32F4xx_HAL_Driver/stm32f4xx_ll_usb.o
 .debug_aranges
                0x000014f8       0x28 ./Drivers/CMSIS/system_stm32f4xx.o
 .debug_aranges
                0x00001520       0x40 ./Application/User/adc.o
 .debug_aranges
                0x00001560       0x20 ./Application/User/dma.o
 .debug_aranges
                0x00001580       0x28 ./Application/User/freertos.o
 .debug_aranges
                0x000015a8       0x20 ./Application/User/gpio.o
 .debug_aranges
                0x000015c8       0x30 ./Application/User/i2c.o
 .debug_aranges
                0x000015f8       0x40 ./Application/User/main.o
 .debug_aranges
                0x00001638       0x30 ./Application/User/spi.o
 .debug_aranges
                0x00001668       0x20 ./Application/User/stm32f4xx_hal_msp.o
 .debug_aranges
                0x00001688       0x78 ./Application/User/stm32f4xx_it.o
 .debug_aranges
                0x00001700       0x48 ./Application/User/tim.o
 .debug_aranges
                0x00001748       0x38 ./Application/User/usart.o
 .debug_aranges
                0x00001780       0x20 ./Application/User/usb_device.o
 .debug_aranges
                0x000017a0       0x40 ./Application/User/usbd_cdc_if.o
 .debug_aranges
                0x000017e0       0xf8 ./Application/User/usbd_conf.o
 .debug_aranges
                0x000018d8       0x50 ./Application/User/usbd_desc.o
 .debug_aranges
                0x00001928       0x28 ./Application/SW4STM32/startup_stm32f429xx.o

.debug_ranges   0x00000000     0x1b60
 .debug_ranges  0x00000000       0x80 ./Middlewares/USB_Device_Library/usbd_cdc.o
 .debug_ranges  0x00000080       0xa8 ./Middlewares/USB_Device_Library/usbd_core.o
 .debug_ranges  0x00000128       0x38 ./Middlewares/USB_Device_Library/usbd_ctlreq.o
 .debug_ranges  0x00000160       0x40 ./Middlewares/USB_Device_Library/usbd_ioreq.o
 .debug_ranges  0x000001a0      0x168 ./Middlewares/FreeRTOS/cmsis_os.o
 .debug_ranges  0x00000308       0x38 ./Middlewares/FreeRTOS/heap_4.o
 .debug_ranges  0x00000340       0x30 ./Middlewares/FreeRTOS/list.o
 .debug_ranges  0x00000370       0x88 ./Middlewares/FreeRTOS/port.o
 .debug_ranges  0x000003f8      0x180 ./Middlewares/FreeRTOS/tasks.o
 .debug_ranges  0x00000578       0xc0 ./Drivers/STM32F4xx_HAL_Driver/stm32f4xx_hal.o
 .debug_ranges  0x00000638       0xd0 ./Drivers/STM32F4xx_HAL_Driver/stm32f4xx_hal_adc.o
 .debug_ranges  0x00000708       0x80 ./Drivers/STM32F4xx_HAL_Driver/stm32f4xx_hal_adc_ex.o
 .debug_ranges  0x00000788      0x118 ./Drivers/STM32F4xx_HAL_Driver/stm32f4xx_hal_cortex.o
 .debug_ranges  0x000008a0       0x80 ./Drivers/STM32F4xx_HAL_Driver/stm32f4xx_hal_dma.o
 .debug_ranges  0x00000920       0x60 ./Drivers/STM32F4xx_HAL_Driver/stm32f4xx_hal_gpio.o
 .debug_ranges  0x00000980      0x198 ./Drivers/STM32F4xx_HAL_Driver/stm32f4xx_hal_i2c.o
 .debug_ranges  0x00000b18      0x108 ./Drivers/STM32F4xx_HAL_Driver/stm32f4xx_hal_pcd.o
 .debug_ranges  0x00000c20       0x18 ./Drivers/STM32F4xx_HAL_Driver/stm32f4xx_hal_pcd_ex.o
 .debug_ranges  0x00000c38       0xc0 ./Drivers/STM32F4xx_HAL_Driver/stm32f4xx_hal_rcc.o
 .debug_ranges  0x00000cf8      0x158 ./Drivers/STM32F4xx_HAL_Driver/stm32f4xx_hal_spi.o
 .debug_ranges  0x00000e50      0x3f8 ./Drivers/STM32F4xx_HAL_Driver/stm32f4xx_hal_tim.o
 .debug_ranges  0x00001248      0x130 ./Drivers/STM32F4xx_HAL_Driver/stm32f4xx_hal_tim_ex.o
 .debug_ranges  0x00001378      0x128 ./Drivers/STM32F4xx_HAL_Driver/stm32f4xx_hal_uart.o
 .debug_ranges  0x000014a0      0x170 ./Drivers/STM32F4xx_HAL_Driver/stm32f4xx_ll_usb.o
 .debug_ranges  0x00001610       0x18 ./Drivers/CMSIS/system_stm32f4xx.o
 .debug_ranges  0x00001628       0x98 ./Application/User/adc.o
 .debug_ranges  0x000016c0       0x40 ./Application/User/dma.o
 .debug_ranges  0x00001700       0x18 ./Application/User/freertos.o
 .debug_ranges  0x00001718       0x50 ./Application/User/gpio.o
 .debug_ranges  0x00001768       0x20 ./Application/User/i2c.o
 .debug_ranges  0x00001788       0x50 ./Application/User/main.o
 .debug_ranges  0x000017d8       0x38 ./Application/User/spi.o
 .debug_ranges  0x00001810       0x10 ./Application/User/stm32f4xx_hal_msp.o
 .debug_ranges  0x00001820       0x68 ./Application/User/stm32f4xx_it.o
 .debug_ranges  0x00001888       0x70 ./Application/User/tim.o
 .debug_ranges  0x000018f8       0x68 ./Application/User/usart.o
 .debug_ranges  0x00001960       0x10 ./Application/User/usb_device.o
 .debug_ranges  0x00001970       0x30 ./Application/User/usbd_cdc_if.o
 .debug_ranges  0x000019a0      0x100 ./Application/User/usbd_conf.o
 .debug_ranges  0x00001aa0       0xa0 ./Application/User/usbd_desc.o
 .debug_ranges  0x00001b40       0x20 ./Application/SW4STM32/startup_stm32f429xx.o

.debug_macro    0x00000000    0x1b5e6
 .debug_macro   0x00000000      0x389 ./Middlewares/USB_Device_Library/usbd_cdc.o
 .debug_macro   0x00000389      0x892 ./Middlewares/USB_Device_Library/usbd_cdc.o
 .debug_macro   0x00000c1b       0x58 ./Middlewares/USB_Device_Library/usbd_cdc.o
 .debug_macro   0x00000c73       0x22 ./Middlewares/USB_Device_Library/usbd_cdc.o
 .debug_macro   0x00000c95       0x35 ./Middlewares/USB_Device_Library/usbd_cdc.o
 .debug_macro   0x00000cca       0x9c ./Middlewares/USB_Device_Library/usbd_cdc.o
 .debug_macro   0x00000d66       0x16 ./Middlewares/USB_Device_Library/usbd_cdc.o
 .debug_macro   0x00000d7c       0x4a ./Middlewares/USB_Device_Library/usbd_cdc.o
 .debug_macro   0x00000dc6       0x97 ./Middlewares/USB_Device_Library/usbd_cdc.o
 .debug_macro   0x00000e5d      0x29d ./Middlewares/USB_Device_Library/usbd_cdc.o
 .debug_macro   0x000010fa       0xef ./Middlewares/USB_Device_Library/usbd_cdc.o
 .debug_macro   0x000011e9       0x10 ./Middlewares/USB_Device_Library/usbd_cdc.o
 .debug_macro   0x000011f9       0x52 ./Middlewares/USB_Device_Library/usbd_cdc.o
 .debug_macro   0x0000124b       0x16 ./Middlewares/USB_Device_Library/usbd_cdc.o
 .debug_macro   0x00001261       0x43 ./Middlewares/USB_Device_Library/usbd_cdc.o
 .debug_macro   0x000012a4      0x180 ./Middlewares/USB_Device_Library/usbd_cdc.o
 .debug_macro   0x00001424       0x10 ./Middlewares/USB_Device_Library/usbd_cdc.o
 .debug_macro   0x00001434       0x22 ./Middlewares/USB_Device_Library/usbd_cdc.o
 .debug_macro   0x00001456       0xbd ./Middlewares/USB_Device_Library/usbd_cdc.o
 .debug_macro   0x00001513       0x16 ./Middlewares/USB_Device_Library/usbd_cdc.o
 .debug_macro   0x00001529      0x196 ./Middlewares/USB_Device_Library/usbd_cdc.o
 .debug_macro   0x000016bf       0x16 ./Middlewares/USB_Device_Library/usbd_cdc.o
 .debug_macro   0x000016d5       0x35 ./Middlewares/USB_Device_Library/usbd_cdc.o
 .debug_macro   0x0000170a       0x16 ./Middlewares/USB_Device_Library/usbd_cdc.o
 .debug_macro   0x00001720       0x29 ./Middlewares/USB_Device_Library/usbd_cdc.o
 .debug_macro   0x00001749       0x16 ./Middlewares/USB_Device_Library/usbd_cdc.o
 .debug_macro   0x0000175f       0x2e ./Middlewares/USB_Device_Library/usbd_cdc.o
 .debug_macro   0x0000178d       0x28 ./Middlewares/USB_Device_Library/usbd_cdc.o
 .debug_macro   0x000017b5       0x3b ./Middlewares/USB_Device_Library/usbd_cdc.o
 .debug_macro   0x000017f0       0x1c ./Middlewares/USB_Device_Library/usbd_cdc.o
 .debug_macro   0x0000180c      0x1f7 ./Middlewares/USB_Device_Library/usbd_cdc.o
 .debug_macro   0x00001a03       0x2d ./Middlewares/USB_Device_Library/usbd_cdc.o
 .debug_macro   0x00001a30       0x26 ./Middlewares/USB_Device_Library/usbd_cdc.o
 .debug_macro   0x00001a56      0xd39 ./Middlewares/USB_Device_Library/usbd_cdc.o
 .debug_macro   0x0000278f     0xa1f9 ./Middlewares/USB_Device_Library/usbd_cdc.o
 .debug_macro   0x0000c988       0x43 ./Middlewares/USB_Device_Library/usbd_cdc.o
 .debug_macro   0x0000c9cb      0x453 ./Middlewares/USB_Device_Library/usbd_cdc.o
 .debug_macro   0x0000ce1e      0x1c1 ./Middlewares/USB_Device_Library/usbd_cdc.o
 .debug_macro   0x0000cfdf     0x2bf9 ./Middlewares/USB_Device_Library/usbd_cdc.o
 .debug_macro   0x0000fbd8       0x50 ./Middlewares/USB_Device_Library/usbd_cdc.o
 .debug_macro   0x0000fc28      0x6e7 ./Middlewares/USB_Device_Library/usbd_cdc.o
 .debug_macro   0x0001030f      0xbb0 ./Middlewares/USB_Device_Library/usbd_cdc.o
 .debug_macro   0x00010ebf      0x11e ./Middlewares/USB_Device_Library/usbd_cdc.o
 .debug_macro   0x00010fdd      0x161 ./Middlewares/USB_Device_Library/usbd_cdc.o
 .debug_macro   0x0001113e       0x27 ./Middlewares/USB_Device_Library/usbd_cdc.o
 .debug_macro   0x00011165      0x272 ./Middlewares/USB_Device_Library/usbd_cdc.o
 .debug_macro   0x000113d7       0x5f ./Middlewares/USB_Device_Library/usbd_cdc.o
 .debug_macro   0x00011436       0x5d ./Middlewares/USB_Device_Library/usbd_cdc.o
 .debug_macro   0x00011493      0x31a ./Middlewares/USB_Device_Library/usbd_cdc.o
 .debug_macro   0x000117ad      0x169 ./Middlewares/USB_Device_Library/usbd_cdc.o
 .debug_macro   0x00011916       0xd6 ./Middlewares/USB_Device_Library/usbd_cdc.o