Archive member included because of file (symbol)

e:/eclipse/plugins/fr.ac6.mcu.externaltools.arm-none.win32_1.3.0.201507241045/tools/compiler/bin/../lib/gcc/arm-none-eabi/4.9.3/armv7e-m/fpu\libgcc.a(_lshrdi3.o)
                              ./Drivers/STM32F3xx_HAL_Driver/stm32f3xx_hal_flash.o (__aeabi_llsr)
e:/eclipse/plugins/fr.ac6.mcu.externaltools.arm-none.win32_1.3.0.201507241045/tools/compiler/bin/../lib/gcc/arm-none-eabi/4.9.3/../../../../arm-none-eabi/lib/armv7e-m/fpu\libc_nano.a(lib_a-exit.o)
                              e:/eclipse/plugins/fr.ac6.mcu.externaltools.arm-none.win32_1.3.0.201507241045/tools/compiler/bin/../lib/gcc/arm-none-eabi/4.9.3/../../../../arm-none-eabi/lib/armv7e-m/fpu/crt0.o (exit)
e:/eclipse/plugins/fr.ac6.mcu.externaltools.arm-none.win32_1.3.0.201507241045/tools/compiler/bin/../lib/gcc/arm-none-eabi/4.9.3/../../../../arm-none-eabi/lib/armv7e-m/fpu\libc_nano.a(lib_a-impure.o)
                              e:/eclipse/plugins/fr.ac6.mcu.externaltools.arm-none.win32_1.3.0.201507241045/tools/compiler/bin/../lib/gcc/arm-none-eabi/4.9.3/../../../../arm-none-eabi/lib/armv7e-m/fpu\libc_nano.a(lib_a-exit.o) (_global_impure_ptr)
e:/eclipse/plugins/fr.ac6.mcu.externaltools.arm-none.win32_1.3.0.201507241045/tools/compiler/bin/../lib/gcc/arm-none-eabi/4.9.3/../../../../arm-none-eabi/lib/armv7e-m/fpu\libc_nano.a(lib_a-init.o)
                              e:/eclipse/plugins/fr.ac6.mcu.externaltools.arm-none.win32_1.3.0.201507241045/tools/compiler/bin/../lib/gcc/arm-none-eabi/4.9.3/../../../../arm-none-eabi/lib/armv7e-m/fpu/crt0.o (__libc_init_array)
e:/eclipse/plugins/fr.ac6.mcu.externaltools.arm-none.win32_1.3.0.201507241045/tools/compiler/bin/../lib/gcc/arm-none-eabi/4.9.3/../../../../arm-none-eabi/lib/armv7e-m/fpu\libc_nano.a(lib_a-memset.o)
                              e:/eclipse/plugins/fr.ac6.mcu.externaltools.arm-none.win32_1.3.0.201507241045/tools/compiler/bin/../lib/gcc/arm-none-eabi/4.9.3/../../../../arm-none-eabi/lib/armv7e-m/fpu/crt0.o (memset)
e:/eclipse/plugins/fr.ac6.mcu.externaltools.arm-none.win32_1.3.0.201507241045/tools/compiler/bin/../lib/gcc/arm-none-eabi/4.9.3/../../../../arm-none-eabi/lib/armv7e-m/fpu\libnosys.a(_exit.o)
                              e:/eclipse/plugins/fr.ac6.mcu.externaltools.arm-none.win32_1.3.0.201507241045/tools/compiler/bin/../lib/gcc/arm-none-eabi/4.9.3/../../../../arm-none-eabi/lib/armv7e-m/fpu\libc_nano.a(lib_a-exit.o) (_exit)

Allocating common symbols
Common symbol       size              file

hdac2               0x14              ./Application/User/main.o
hdac1               0x14              ./Application/User/main.o
pFlash              0x20              ./Drivers/STM32F3xx_HAL_Driver/stm32f3xx_hal_flash.o
hadc1               0x4c              ./Application/User/main.o
hdma_adc1           0x38              ./Application/User/main.o
hcomp2              0x2c              ./Application/User/main.o

Discarded input sections

 .text          0x00000000        0x0 e:/eclipse/plugins/fr.ac6.mcu.externaltools.arm-none.win32_1.3.0.201507241045/tools/compiler/bin/../lib/gcc/arm-none-eabi/4.9.3/armv7e-m/fpu/crti.o
 .data          0x00000000        0x0 e:/eclipse/plugins/fr.ac6.mcu.externaltools.arm-none.win32_1.3.0.201507241045/tools/compiler/bin/../lib/gcc/arm-none-eabi/4.9.3/armv7e-m/fpu/crti.o
 .bss           0x00000000        0x0 e:/eclipse/plugins/fr.ac6.mcu.externaltools.arm-none.win32_1.3.0.201507241045/tools/compiler/bin/../lib/gcc/arm-none-eabi/4.9.3/armv7e-m/fpu/crti.o
 .data          0x00000000        0x4 e:/eclipse/plugins/fr.ac6.mcu.externaltools.arm-none.win32_1.3.0.201507241045/tools/compiler/bin/../lib/gcc/arm-none-eabi/4.9.3/armv7e-m/fpu/crtbegin.o
 .text          0x00000000       0x74 e:/eclipse/plugins/fr.ac6.mcu.externaltools.arm-none.win32_1.3.0.201507241045/tools/compiler/bin/../lib/gcc/arm-none-eabi/4.9.3/../../../../arm-none-eabi/lib/armv7e-m/fpu/crt0.o
 .data          0x00000000        0x0 e:/eclipse/plugins/fr.ac6.mcu.externaltools.arm-none.win32_1.3.0.201507241045/tools/compiler/bin/../lib/gcc/arm-none-eabi/4.9.3/../../../../arm-none-eabi/lib/armv7e-m/fpu/crt0.o
 .bss           0x00000000        0x0 e:/eclipse/plugins/fr.ac6.mcu.externaltools.arm-none.win32_1.3.0.201507241045/tools/compiler/bin/../lib/gcc/arm-none-eabi/4.9.3/../../../../arm-none-eabi/lib/armv7e-m/fpu/crt0.o
 .ARM.extab     0x00000000        0x0 e:/eclipse/plugins/fr.ac6.mcu.externaltools.arm-none.win32_1.3.0.201507241045/tools/compiler/bin/../lib/gcc/arm-none-eabi/4.9.3/../../../../arm-none-eabi/lib/armv7e-m/fpu/crt0.o
 .ARM.exidx     0x00000000        0x8 e:/eclipse/plugins/fr.ac6.mcu.externaltools.arm-none.win32_1.3.0.201507241045/tools/compiler/bin/../lib/gcc/arm-none-eabi/4.9.3/../../../../arm-none-eabi/lib/armv7e-m/fpu/crt0.o
 .ARM.attributes
[...]
Memory Configuration

Name             Origin             Length             Attributes
FLASH            0x08000000         0x00010000         xr
RAM              0x20000000         0x00004000         xrw
*default*        0x00000000         0xffffffff

Linker script and memory map

LOAD e:/eclipse/plugins/fr.ac6.mcu.externaltools.arm-none.win32_1.3.0.201507241045/tools/compiler/bin/../lib/gcc/arm-none-eabi/4.9.3/armv7e-m/fpu/crti.o
LOAD e:/eclipse/plugins/fr.ac6.mcu.externaltools.arm-none.win32_1.3.0.201507241045/tools/compiler/bin/../lib/gcc/arm-none-eabi/4.9.3/armv7e-m/fpu/crtbegin.o
LOAD e:/eclipse/plugins/fr.ac6.mcu.externaltools.arm-none.win32_1.3.0.201507241045/tools/compiler/bin/../lib/gcc/arm-none-eabi/4.9.3/../../../../arm-none-eabi/lib/armv7e-m/fpu/crt0.o
LOAD e:/eclipse/plugins/fr.ac6.mcu.externaltools.arm-none.win32_1.3.0.201507241045/tools/compiler/bin/../lib/gcc/arm-none-eabi/4.9.3/../../../../arm-none-eabi/lib/armv7e-m/fpu\libm.a
LOAD ./Drivers/STM32F3xx_HAL_Driver/stm32f3xx_hal.o
LOAD ./Drivers/STM32F3xx_HAL_Driver/stm32f3xx_hal_adc.o
LOAD ./Drivers/STM32F3xx_HAL_Driver/stm32f3xx_hal_adc_ex.o
LOAD ./Drivers/STM32F3xx_HAL_Driver/stm32f3xx_hal_comp.o
LOAD ./Drivers/STM32F3xx_HAL_Driver/stm32f3xx_hal_cortex.o
LOAD ./Drivers/STM32F3xx_HAL_Driver/stm32f3xx_hal_dac.o
LOAD ./Drivers/STM32F3xx_HAL_Driver/stm32f3xx_hal_dac_ex.o
LOAD ./Drivers/STM32F3xx_HAL_Driver/stm32f3xx_hal_dma.o
LOAD ./Drivers/STM32F3xx_HAL_Driver/stm32f3xx_hal_flash.o
LOAD ./Drivers/STM32F3xx_HAL_Driver/stm32f3xx_hal_flash_ex.o
LOAD ./Drivers/STM32F3xx_HAL_Driver/stm32f3xx_hal_gpio.o
LOAD ./Drivers/STM32F3xx_HAL_Driver/stm32f3xx_hal_pwr.o
LOAD ./Drivers/STM32F3xx_HAL_Driver/stm32f3xx_hal_pwr_ex.o
LOAD ./Drivers/STM32F3xx_HAL_Driver/stm32f3xx_hal_rcc.o
LOAD ./Drivers/STM32F3xx_HAL_Driver/stm32f3xx_hal_rcc_ex.o
LOAD ./Drivers/CMSIS/system_stm32f3xx.o
LOAD ./Application/User/main.o
LOAD ./Application/User/stm32f3xx_hal_msp.o
LOAD ./Application/User/stm32f3xx_it.o
LOAD ./Application/SW4STM32/startup_stm32f334x8.o
START GROUP
LOAD e:/eclipse/plugins/fr.ac6.mcu.externaltools.arm-none.win32_1.3.0.201507241045/tools/compiler/bin/../lib/gcc/arm-none-eabi/4.9.3/armv7e-m/fpu\libgcc.a
LOAD e:/eclipse/plugins/fr.ac6.mcu.externaltools.arm-none.win32_1.3.0.201507241045/tools/compiler/bin/../lib/gcc/arm-none-eabi/4.9.3/../../../../arm-none-eabi/lib/armv7e-m/fpu\libc_nano.a
END GROUP
START GROUP
LOAD e:/eclipse/plugins/fr.ac6.mcu.externaltools.arm-none.win32_1.3.0.201507241045/tools/compiler/bin/../lib/gcc/arm-none-eabi/4.9.3/armv7e-m/fpu\libgcc.a
LOAD e:/eclipse/plugins/fr.ac6.mcu.externaltools.arm-none.win32_1.3.0.201507241045/tools/compiler/bin/../lib/gcc/arm-none-eabi/4.9.3/../../../../arm-none-eabi/lib/armv7e-m/fpu\libc_nano.a
LOAD e:/eclipse/plugins/fr.ac6.mcu.externaltools.arm-none.win32_1.3.0.201507241045/tools/compiler/bin/../lib/gcc/arm-none-eabi/4.9.3/../../../../arm-none-eabi/lib/armv7e-m/fpu\libnosys.a
END GROUP
START GROUP
LOAD e:/eclipse/plugins/fr.ac6.mcu.externaltools.arm-none.win32_1.3.0.201507241045/tools/compiler/bin/../lib/gcc/arm-none-eabi/4.9.3/armv7e-m/fpu\libgcc.a
LOAD e:/eclipse/plugins/fr.ac6.mcu.externaltools.arm-none.win32_1.3.0.201507241045/tools/compiler/bin/../lib/gcc/arm-none-eabi/4.9.3/../../../../arm-none-eabi/lib/armv7e-m/fpu\libc_nano.a
LOAD e:/eclipse/plugins/fr.ac6.mcu.externaltools.arm-none.win32_1.3.0.201507241045/tools/compiler/bin/../lib/gcc/arm-none-eabi/4.9.3/../../../../arm-none-eabi/lib/armv7e-m/fpu\libnosys.a
END GROUP
LOAD e:/eclipse/plugins/fr.ac6.mcu.externaltools.arm-none.win32_1.3.0.201507241045/tools/compiler/bin/../lib/gcc/arm-none-eabi/4.9.3/armv7e-m/fpu/crtend.o
LOAD e:/eclipse/plugins/fr.ac6.mcu.externaltools.arm-none.win32_1.3.0.201507241045/tools/compiler/bin/../lib/gcc/arm-none-eabi/4.9.3/armv7e-m/fpu/crtn.o
                0x20004000                _estack = 0x20004000
                0x00000000                _Min_Heap_Size = 0x0
                0x00000000                _Min_Stack_Size = 0x0

.isr_vector     0x08000000      0x188
                0x08000000                . = ALIGN (0x4)
 *(.isr_vector)
 .isr_vector    0x08000000      0x188 ./Application/SW4STM32/startup_stm32f334x8.o
                0x08000000                g_pfnVectors
                0x08000188                . = ALIGN (0x4)

.text           0x08000188     0x1a2c
                0x08000188                . = ALIGN (0x4)
 *(.text)
 .text          0x08000188       0x5c e:/eclipse/plugins/fr.ac6.mcu.externaltools.arm-none.win32_1.3.0.201507241045/tools/compiler/bin/../lib/gcc/arm-none-eabi/4.9.3/armv7e-m/fpu/crtbegin.o
 *(.text*)
 .text.HAL_InitTick
                0x080001e4       0x24 ./Drivers/STM32F3xx_HAL_Driver/stm32f3xx_hal.o
                0x080001e4                HAL_InitTick
 .text.HAL_Init
                0x08000208       0x24 ./Drivers/STM32F3xx_HAL_Driver/stm32f3xx_hal.o
                0x08000208                HAL_Init
 .text.HAL_IncTick
                0x0800022c       0x10 ./Drivers/STM32F3xx_HAL_Driver/stm32f3xx_hal.o
                0x0800022c                HAL_IncTick
 .text.HAL_GetTick
                0x0800023c        0xc ./Drivers/STM32F3xx_HAL_Driver/stm32f3xx_hal.o
                0x0800023c                HAL_GetTick
 .text.ADC_Disable
                0x08000248       0x6c ./Drivers/STM32F3xx_HAL_Driver/stm32f3xx_hal_adc_ex.o
 .text.HAL_ADC_Init
                0x080002b4      0x16c ./Drivers/STM32F3xx_HAL_Driver/stm32f3xx_hal_adc_ex.o
                0x080002b4                HAL_ADC_Init
 .text.HAL_ADC_ConfigChannel
                0x08000420      0x2d8 ./Drivers/STM32F3xx_HAL_Driver/stm32f3xx_hal_adc_ex.o
                0x08000420                HAL_ADC_ConfigChannel
 .text.HAL_COMP_Init
                0x080006f8       0xa8 ./Drivers/STM32F3xx_HAL_Driver/stm32f3xx_hal_comp.o
                0x080006f8                HAL_COMP_Init
 .text.HAL_NVIC_SetPriorityGrouping
                0x080007a0       0x24 ./Drivers/STM32F3xx_HAL_Driver/stm32f3xx_hal_cortex.o
                0x080007a0                HAL_NVIC_SetPriorityGrouping
 .text.HAL_NVIC_SetPriority
                0x080007c4       0x60 ./Drivers/STM32F3xx_HAL_Driver/stm32f3xx_hal_cortex.o
                0x080007c4                HAL_NVIC_SetPriority
 .text.HAL_NVIC_EnableIRQ
                0x08000824       0x18 ./Drivers/STM32F3xx_HAL_Driver/stm32f3xx_hal_cortex.o
                0x08000824                HAL_NVIC_EnableIRQ
 .text.HAL_SYSTICK_Config
                0x0800083c       0x2c ./Drivers/STM32F3xx_HAL_Driver/stm32f3xx_hal_cortex.o
                0x0800083c                HAL_SYSTICK_Config
 .text.HAL_SYSTICK_CLKSourceConfig
                0x08000868       0x18 ./Drivers/STM32F3xx_HAL_Driver/stm32f3xx_hal_cortex.o
                0x08000868                HAL_SYSTICK_CLKSourceConfig
 .text.HAL_SYSTICK_Callback
                0x08000880        0x2 ./Drivers/STM32F3xx_HAL_Driver/stm32f3xx_hal_cortex.o
                0x08000880                HAL_SYSTICK_Callback
 .text.HAL_SYSTICK_IRQHandler
                0x08000882        0x8 ./Drivers/STM32F3xx_HAL_Driver/stm32f3xx_hal_cortex.o
                0x08000882                HAL_SYSTICK_IRQHandler
 .text.HAL_DAC_Init
                0x0800088a       0x20 ./Drivers/STM32F3xx_HAL_Driver/stm32f3xx_hal_dac.o
                0x0800088a                HAL_DAC_Init
 .text.HAL_DAC_ConfigChannel
                0x080008aa       0x3e ./Drivers/STM32F3xx_HAL_Driver/stm32f3xx_hal_dac.o
                0x080008aa                HAL_DAC_ConfigChannel
 .text.HAL_DMA_Init
                0x080008e8       0x40 ./Drivers/STM32F3xx_HAL_Driver/stm32f3xx_hal_dma.o
                0x080008e8                HAL_DMA_Init
 .text.HAL_DMA_IRQHandler
                0x08000928      0x264 ./Drivers/STM32F3xx_HAL_Driver/stm32f3xx_hal_dma.o
                0x08000928                HAL_DMA_IRQHandler
 .text.HAL_GPIO_Init
                0x08000b8c      0x188 ./Drivers/STM32F3xx_HAL_Driver/stm32f3xx_hal_gpio.o
                0x08000b8c                HAL_GPIO_Init
 .text.HAL_RCC_ClockConfig
                0x08000d14      0x2cc ./Drivers/STM32F3xx_HAL_Driver/stm32f3xx_hal_rcc.o
                0x08000d14                HAL_RCC_ClockConfig
 .text.HAL_RCC_GetHCLKFreq
                0x08000fe0       0x38 ./Drivers/STM32F3xx_HAL_Driver/stm32f3xx_hal_rcc.o
                0x08000fe0                HAL_RCC_GetHCLKFreq
 .text.HAL_RCCEx_PeriphCLKConfig
                0x08001018      0x15c ./Drivers/STM32F3xx_HAL_Driver/stm32f3xx_hal_rcc_ex.o
                0x08001018                HAL_RCCEx_PeriphCLKConfig
 .text.HAL_RCC_OscConfig
                0x08001174      0x5d4 ./Drivers/STM32F3xx_HAL_Driver/stm32f3xx_hal_rcc_ex.o
                0x08001174                HAL_RCC_OscConfig
 .text.HAL_RCC_GetSysClockFreq
                0x08001748       0x64 ./Drivers/STM32F3xx_HAL_Driver/stm32f3xx_hal_rcc_ex.o
                0x08001748                HAL_RCC_GetSysClockFreq
 .text.SystemInit
                0x080017ac       0x68 ./Drivers/CMSIS/system_stm32f3xx.o
                0x080017ac                SystemInit
 .text.SystemClock_Config
                0x08001814       0x62 ./Application/User/main.o
                0x08001814                SystemClock_Config
 *fill*         0x08001876        0x2 
 .text.startup.main
                0x08001878      0x13c ./Application/User/main.o
                0x08001878                main
 .text.HAL_MspInit
                0x080019b4       0x28 ./Application/User/stm32f3xx_hal_msp.o
                0x080019b4                HAL_MspInit
 .text.HAL_ADC_MspInit
                0x080019dc       0x6c ./Application/User/stm32f3xx_hal_msp.o
                0x080019dc                HAL_ADC_MspInit
 .text.HAL_COMP_MspInit
                0x08001a48       0x48 ./Application/User/stm32f3xx_hal_msp.o
                0x08001a48                HAL_COMP_MspInit
 .text.HAL_DAC_MspInit
                0x08001a90       0x50 ./Application/User/stm32f3xx_hal_msp.o
                0x08001a90                HAL_DAC_MspInit
 .text.SysTick_Handler
                0x08001ae0        0xe ./Application/User/stm32f3xx_it.o
                0x08001ae0                SysTick_Handler
 *fill*         0x08001aee        0x2 
 .text.DMA1_Channel1_IRQHandler
                0x08001af0        0xc ./Application/User/stm32f3xx_it.o
                0x08001af0                DMA1_Channel1_IRQHandler
 .text.Reset_Handler
                0x08001afc       0x50 ./Application/SW4STM32/startup_stm32f334x8.o
                0x08001afc                Reset_Handler
 .text.Default_Handler
                0x08001b4c        0x2 ./Application/SW4STM32/startup_stm32f334x8.o
                0x08001b4c                RTC_Alarm_IRQHandler
                0x08001b4c                HRTIM1_Master_IRQHandler
                0x08001b4c                DebugMon_Handler
                0x08001b4c                TIM1_CC_IRQHandler
                0x08001b4c                HardFault_Handler
                0x08001b4c                HRTIM1_FLT_IRQHandler
                0x08001b4c                PVD_IRQHandler
                0x08001b4c                HRTIM1_TIMD_IRQHandler
                0x08001b4c                TAMP_STAMP_IRQHandler
                0x08001b4c                PendSV_Handler
                0x08001b4c                NMI_Handler
                0x08001b4c                EXTI3_IRQHandler
                0x08001b4c                EXTI0_IRQHandler
                0x08001b4c                FPU_IRQHandler
                0x08001b4c                CAN_TX_IRQHandler
                0x08001b4c                TIM1_UP_TIM16_IRQHandler
                0x08001b4c                UsageFault_Handler
                0x08001b4c                ADC1_2_IRQHandler
                0x08001b4c                HRTIM1_TIME_IRQHandler
                0x08001b4c                SPI1_IRQHandler
                0x08001b4c                CAN_SCE_IRQHandler
                0x08001b4c                HRTIM1_TIMC_IRQHandler
                0x08001b4c                DMA1_Channel4_IRQHandler
                0x08001b4c                USART3_IRQHandler
                0x08001b4c                DMA1_Channel7_IRQHandler
                0x08001b4c                TIM7_DAC2_IRQHandler
                0x08001b4c                CAN_RX1_IRQHandler
                0x08001b4c                I2C1_EV_IRQHandler
                0x08001b4c                DMA1_Channel6_IRQHandler
                0x08001b4c                TIM3_IRQHandler
                0x08001b4c                RCC_IRQHandler
                0x08001b4c                Default_Handler
                0x08001b4c                EXTI15_10_IRQHandler
                0x08001b4c                COMP2_IRQHandler
                0x08001b4c                HRTIM1_TIMA_IRQHandler
                0x08001b4c                TIM6_DAC1_IRQHandler
                0x08001b4c                EXTI9_5_IRQHandler
                0x08001b4c                RTC_WKUP_IRQHandler
                0x08001b4c                MemManage_Handler
                0x08001b4c                SVC_Handler
                0x08001b4c                DMA1_Channel5_IRQHandler
                0x08001b4c                EXTI4_IRQHandler
                0x08001b4c                HRTIM1_TIMB_IRQHandler
                0x08001b4c                TIM1_TRG_COM_TIM17_IRQHandler
                0x08001b4c                DMA1_Channel3_IRQHandler
                0x08001b4c                WWDG_IRQHandler
                0x08001b4c                TIM2_IRQHandler
                0x08001b4c                EXTI1_IRQHandler
                0x08001b4c                COMP4_6_IRQHandler
                0x08001b4c                USART2_IRQHandler
                0x08001b4c                DMA1_Channel2_IRQHandler
                0x08001b4c                FLASH_IRQHandler
                0x08001b4c                BusFault_Handler
                0x08001b4c                USART1_IRQHandler
                0x08001b4c                CAN_RX0_IRQHandler
                0x08001b4c                I2C1_ER_IRQHandler
                0x08001b4c                EXTI2_TSC_IRQHandler
                0x08001b4c                TIM1_BRK_TIM15_IRQHandler
 *fill*         0x08001b4e        0x2 
 .text.__libc_init_array
                0x08001b50       0x4c e:/eclipse/plugins/fr.ac6.mcu.externaltools.arm-none.win32_1.3.0.201507241045/tools/compiler/bin/../lib/gcc/arm-none-eabi/4.9.3/../../../../arm-none-eabi/lib/armv7e-m/fpu\libc_nano.a(lib_a-init.o)
                0x08001b50                __libc_init_array
 *(.glue_7)
 .glue_7        0x00000000        0x0 linker stubs
 *(.glue_7t)
 .glue_7t       0x00000000        0x0 linker stubs
 *(.eh_frame)
 .eh_frame      0x08001b9c        0x0 e:/eclipse/plugins/fr.ac6.mcu.externaltools.arm-none.win32_1.3.0.201507241045/tools/compiler/bin/../lib/gcc/arm-none-eabi/4.9.3/armv7e-m/fpu/crtbegin.o
 *(.init)
 .init          0x08001b9c        0x4 e:/eclipse/plugins/fr.ac6.mcu.externaltools.arm-none.win32_1.3.0.201507241045/tools/compiler/bin/../lib/gcc/arm-none-eabi/4.9.3/armv7e-m/fpu/crti.o
                0x08001b9c                _init
 .init          0x08001ba0        0x8 e:/eclipse/plugins/fr.ac6.mcu.externaltools.arm-none.win32_1.3.0.201507241045/tools/compiler/bin/../lib/gcc/arm-none-eabi/4.9.3/armv7e-m/fpu/crtn.o
 *(.fini)
 .fini          0x08001ba8        0x4 e:/eclipse/plugins/fr.ac6.mcu.externaltools.arm-none.win32_1.3.0.201507241045/tools/compiler/bin/../lib/gcc/arm-none-eabi/4.9.3/armv7e-m/fpu/crti.o
                0x08001ba8                _fini
 .fini          0x08001bac        0x8 e:/eclipse/plugins/fr.ac6.mcu.externaltools.arm-none.win32_1.3.0.201507241045/tools/compiler/bin/../lib/gcc/arm-none-eabi/4.9.3/armv7e-m/fpu/crtn.o
                0x08001bb4                . = ALIGN (0x4)
                0x08001bb4                _etext = .

.vfp11_veneer   0x08001bb4        0x0
 .vfp11_veneer  0x00000000        0x0 linker stubs

.v4_bx          0x08001bb4        0x0
 .v4_bx         0x00000000        0x0 linker stubs

.iplt           0x08001bb4        0x0
 .iplt          0x00000000        0x0 e:/eclipse/plugins/fr.ac6.mcu.externaltools.arm-none.win32_1.3.0.201507241045/tools/compiler/bin/../lib/gcc/arm-none-eabi/4.9.3/armv7e-m/fpu/crtbegin.o

.rodata         0x08001bb4       0x30
                0x08001bb4                . = ALIGN (0x4)
 *(.rodata)
 .rodata        0x08001bb4       0x10 ./Drivers/STM32F3xx_HAL_Driver/stm32f3xx_hal_rcc.o
                0x08001bb4                APBAHBPrescTable
 .rodata        0x08001bc4       0x20 ./Drivers/STM32F3xx_HAL_Driver/stm32f3xx_hal_rcc_ex.o
                0x08001bc4                PLLMULFactorTable
                0x08001bd4                PredivFactorTable
 *(.rodata*)
                0x08001be4                . = ALIGN (0x4)

.rel.dyn        0x08001be4        0x0
 .rel.iplt      0x00000000        0x0 e:/eclipse/plugins/fr.ac6.mcu.externaltools.arm-none.win32_1.3.0.201507241045/tools/compiler/bin/../lib/gcc/arm-none-eabi/4.9.3/armv7e-m/fpu/crtbegin.o

.ARM.extab
 *(.ARM.extab* .gnu.linkonce.armextab.*)

.ARM            0x08001be4        0x0
                0x08001be4                __exidx_start = .
 *(.ARM.exidx*)
                0x08001be4                __exidx_end = .

.preinit_array  0x08001be4        0x0
                0x08001be4                PROVIDE (__preinit_array_start, .)
 *(.preinit_array*)
                0x08001be4                PROVIDE (__preinit_array_end, .)

.init_array     0x08001be4        0x4
                0x08001be4                PROVIDE (__init_array_start, .)
 *(SORT(.init_array.*))
 *(.init_array*)
 .init_array    0x08001be4        0x4 e:/eclipse/plugins/fr.ac6.mcu.externaltools.arm-none.win32_1.3.0.201507241045/tools/compiler/bin/../lib/gcc/arm-none-eabi/4.9.3/armv7e-m/fpu/crtbegin.o
                0x08001be8                PROVIDE (__init_array_end, .)

.fini_array     0x08001be8        0x4
                0x08001be8                PROVIDE (__fini_array_start, .)
 *(SORT(.fini_array.*))
 *(.fini_array*)
 .fini_array    0x08001be8        0x4 e:/eclipse/plugins/fr.ac6.mcu.externaltools.arm-none.win32_1.3.0.201507241045/tools/compiler/bin/../lib/gcc/arm-none-eabi/4.9.3/armv7e-m/fpu/crtbegin.o
                0x08001bec                PROVIDE (__fini_array_end, .)
                0x08001bec                _sidata = LOADADDR (.data)

.data           0x20000000       0x14 load address 0x08001bec
                0x20000000                . = ALIGN (0x4)
                0x20000000                _sdata = .
 *(.data)
 .data          0x20000000       0x14 ./Drivers/CMSIS/system_stm32f3xx.o
                0x20000000                SystemCoreClock
                0x20000004                AHBPrescTable
 *(.data*)
                0x20000014                . = ALIGN (0x4)
                0x20000014                _edata = .

.jcr            0x20000014        0x0 load address 0x08001c00
 .jcr           0x20000014        0x0 e:/eclipse/plugins/fr.ac6.mcu.externaltools.arm-none.win32_1.3.0.201507241045/tools/compiler/bin/../lib/gcc/arm-none-eabi/4.9.3/armv7e-m/fpu/crtbegin.o

.igot.plt       0x20000014        0x0 load address 0x08001c00
 .igot.plt      0x00000000        0x0 e:/eclipse/plugins/fr.ac6.mcu.externaltools.arm-none.win32_1.3.0.201507241045/tools/compiler/bin/../lib/gcc/arm-none-eabi/4.9.3/armv7e-m/fpu/crtbegin.o
                0x20000014                . = ALIGN (0x4)

.bss            0x20000014       0xf8 load address 0x08001c00
                0x20000014                _sbss = .
                0x20000014                __bss_start__ = _sbss
 *(.bss)
 .bss           0x20000014       0x1c e:/eclipse/plugins/fr.ac6.mcu.externaltools.arm-none.win32_1.3.0.201507241045/tools/compiler/bin/../lib/gcc/arm-none-eabi/4.9.3/armv7e-m/fpu/crtbegin.o
 .bss           0x20000030        0x4 ./Drivers/STM32F3xx_HAL_Driver/stm32f3xx_hal.o
 *(.bss*)
 *(COMMON)
 COMMON         0x20000034       0xd8 ./Application/User/main.o
                0x20000034                hdac2
                0x20000048                hdac1
                0x2000005c                hadc1
                0x200000a8                hdma_adc1
                0x200000e0                hcomp2
                0x2000010c                . = ALIGN (0x4)
                0x2000010c                _ebss = .
                0x2000010c                __bss_end__ = _ebss

._user_heap_stack
                0x2000010c        0x0 load address 0x08001c00
                0x2000010c                . = ALIGN (0x4)
                0x2000010c                PROVIDE (end, .)
                0x2000010c                PROVIDE (_end, .)
                0x2000010c                . = (. + _Min_Heap_Size)
                0x2000010c                . = (. + _Min_Stack_Size)
                0x2000010c                . = ALIGN (0x4)

/DISCARD/
 libc.a(*)
 libm.a(*)
 libgcc.a(*)

.ARM.attributes
                0x00000000       0x30
 *(.ARM.attributes)
 .ARM.attributes
                0x00000000       0x22 e:/eclipse/plugins/fr.ac6.mcu.externaltools.arm-none.win32_1.3.0.201507241045/tools/compiler/bin/../lib/gcc/arm-none-eabi/4.9.3/armv7e-m/fpu/crti.o
 .ARM.attributes
                0x00000022       0x34 e:/eclipse/plugins/fr.ac6.mcu.externaltools.arm-none.win32_1.3.0.201507241045/tools/compiler/bin/../lib/gcc/arm-none-eabi/4.9.3/armv7e-m/fpu/crtbegin.o
 .ARM.attributes
                0x00000056       0x39 ./Drivers/STM32F3xx_HAL_Driver/stm32f3xx_hal.o
 .ARM.attributes
                0x0000008f       0x39 ./Drivers/STM32F3xx_HAL_Driver/stm32f3xx_hal_adc_ex.o
 .ARM.attributes
                0x000000c8       0x39 ./Drivers/STM32F3xx_HAL_Driver/stm32f3xx_hal_comp.o
 .ARM.attributes
                0x00000101       0x39 ./Drivers/STM32F3xx_HAL_Driver/stm32f3xx_hal_cortex.o
 .ARM.attributes
                0x0000013a       0x39 ./Drivers/STM32F3xx_HAL_Driver/stm32f3xx_hal_dac.o
 .ARM.attributes
                0x00000173       0x39 ./Drivers/STM32F3xx_HAL_Driver/stm32f3xx_hal_dma.o
 .ARM.attributes
                0x000001ac       0x39 ./Drivers/STM32F3xx_HAL_Driver/stm32f3xx_hal_gpio.o
 .ARM.attributes
                0x000001e5       0x39 ./Drivers/STM32F3xx_HAL_Driver/stm32f3xx_hal_rcc.o
 .ARM.attributes
                0x0000021e       0x39 ./Drivers/STM32F3xx_HAL_Driver/stm32f3xx_hal_rcc_ex.o
 .ARM.attributes
                0x00000257       0x39 ./Drivers/CMSIS/system_stm32f3xx.o
 .ARM.attributes
                0x00000290       0x39 ./Application/User/main.o
 .ARM.attributes
                0x000002c9       0x39 ./Application/User/stm32f3xx_hal_msp.o
 .ARM.attributes
                0x00000302       0x39 ./Application/User/stm32f3xx_it.o
 .ARM.attributes
                0x0000033b       0x21 ./Application/SW4STM32/startup_stm32f334x8.o
 .ARM.attributes
                0x0000035c       0x34 e:/eclipse/plugins/fr.ac6.mcu.externaltools.arm-none.win32_1.3.0.201507241045/tools/compiler/bin/../lib/gcc/arm-none-eabi/4.9.3/../../../../arm-none-eabi/lib/armv7e-m/fpu\libc_nano.a(lib_a-init.o)
 .ARM.attributes
                0x00000390       0x22 e:/eclipse/plugins/fr.ac6.mcu.externaltools.arm-none.win32_1.3.0.201507241045/tools/compiler/bin/../lib/gcc/arm-none-eabi/4.9.3/armv7e-m/fpu/crtn.o
OUTPUT(STM334_CompAdc Configuration.elf elf32-littlearm)

.debug_info     0x00000000     0x99dd
 .debug_info    0x00000000      0x6bc ./Drivers/STM32F3xx_HAL_Driver/stm32f3xx_hal.o
 .debug_info    0x000006bc     0x17e4 ./Drivers/STM32F3xx_HAL_Driver/stm32f3xx_hal_adc_ex.o
 .debug_info    0x00001ea0      0x758 ./Drivers/STM32F3xx_HAL_Driver/stm32f3xx_hal_comp.o
 .debug_info    0x000025f8      0xc0a ./Drivers/STM32F3xx_HAL_Driver/stm32f3xx_hal_cortex.o
 .debug_info    0x00003202      0x830 ./Drivers/STM32F3xx_HAL_Driver/stm32f3xx_hal_dac.o
 .debug_info    0x00003a32      0x629 ./Drivers/STM32F3xx_HAL_Driver/stm32f3xx_hal_dma.o
 .debug_info    0x0000405b      0x72d ./Drivers/STM32F3xx_HAL_Driver/stm32f3xx_hal_gpio.o
 .debug_info    0x00004788      0xef8 ./Drivers/STM32F3xx_HAL_Driver/stm32f3xx_hal_rcc.o
 .debug_info    0x00005680     0x19d7 ./Drivers/STM32F3xx_HAL_Driver/stm32f3xx_hal_rcc_ex.o
 .debug_info    0x00007057      0x3bb ./Drivers/CMSIS/system_stm32f3xx.o
 .debug_info    0x00007412     0x1320 ./Application/User/main.o
 .debug_info    0x00008732      0xec7 ./Application/User/stm32f3xx_hal_msp.o
 .debug_info    0x000095f9      0x2db ./Application/User/stm32f3xx_it.o
 .debug_info    0x000098d4      0x109 ./Application/SW4STM32/startup_stm32f334x8.o

.debug_abbrev   0x00000000     0x1ad9
 .debug_abbrev  0x00000000      0x1e5 ./Drivers/STM32F3xx_HAL_Driver/stm32f3xx_hal.o
 .debug_abbrev  0x000001e5      0x2d5 ./Drivers/STM32F3xx_HAL_Driver/stm32f3xx_hal_adc_ex.o
 .debug_abbrev  0x000004ba      0x1e6 ./Drivers/STM32F3xx_HAL_Driver/stm32f3xx_hal_comp.o
 .debug_abbrev  0x000006a0      0x2cc ./Drivers/STM32F3xx_HAL_Driver/stm32f3xx_hal_cortex.o
 .debug_abbrev  0x0000096c      0x1ae ./Drivers/STM32F3xx_HAL_Driver/stm32f3xx_hal_dac.o
 .debug_abbrev  0x00000b1a      0x208 ./Drivers/STM32F3xx_HAL_Driver/stm32f3xx_hal_dma.o
 .debug_abbrev  0x00000d22      0x1c2 ./Drivers/STM32F3xx_HAL_Driver/stm32f3xx_hal_gpio.o
 .debug_abbrev  0x00000ee4      0x2d5 ./Drivers/STM32F3xx_HAL_Driver/stm32f3xx_hal_rcc.o
 .debug_abbrev  0x000011b9      0x254 ./Drivers/STM32F3xx_HAL_Driver/stm32f3xx_hal_rcc_ex.o
 .debug_abbrev  0x0000140d      0x104 ./Drivers/CMSIS/system_stm32f3xx.o
 .debug_abbrev  0x00001511      0x271 ./Application/User/main.o
 .debug_abbrev  0x00001782      0x1e3 ./Application/User/stm32f3xx_hal_msp.o
 .debug_abbrev  0x00001965      0x162 ./Application/User/stm32f3xx_it.o
 .debug_abbrev  0x00001ac7       0x12 ./Application/SW4STM32/startup_stm32f334x8.o

.debug_loc      0x00000000     0x3bc7
 .debug_loc     0x00000000       0x3d ./Drivers/STM32F3xx_HAL_Driver/stm32f3xx_hal.o
 .debug_loc     0x0000003d     0x152b ./Drivers/STM32F3xx_HAL_Driver/stm32f3xx_hal_adc_ex.o
 .debug_loc     0x00001568      0x3a5 ./Drivers/STM32F3xx_HAL_Driver/stm32f3xx_hal_comp.o
 .debug_loc     0x0000190d      0x31e ./Drivers/STM32F3xx_HAL_Driver/stm32f3xx_hal_cortex.o
 .debug_loc     0x00001c2b      0x2c7 ./Drivers/STM32F3xx_HAL_Driver/stm32f3xx_hal_dac.o
 .debug_loc     0x00001ef2      0x449 ./Drivers/STM32F3xx_HAL_Driver/stm32f3xx_hal_dma.o
 .debug_loc     0x0000233b      0x38a ./Drivers/STM32F3xx_HAL_Driver/stm32f3xx_hal_gpio.o
 .debug_loc     0x000026c5      0x58b ./Drivers/STM32F3xx_HAL_Driver/stm32f3xx_hal_rcc.o
 .debug_loc     0x00002c50      0xdb4 ./Drivers/STM32F3xx_HAL_Driver/stm32f3xx_hal_rcc_ex.o
 .debug_loc     0x00003a04       0xad ./Drivers/CMSIS/system_stm32f3xx.o
 .debug_loc     0x00003ab1      0x116 ./Application/User/stm32f3xx_hal_msp.o

.debug_aranges  0x00000000      0x610
 .debug_aranges
                0x00000000       0xb0 ./Drivers/STM32F3xx_HAL_Driver/stm32f3xx_hal.o
 .debug_aranges
                0x000000b0      0x138 ./Drivers/STM32F3xx_HAL_Driver/stm32f3xx_hal_adc_ex.o
 .debug_aranges
                0x000001e8       0x80 ./Drivers/STM32F3xx_HAL_Driver/stm32f3xx_hal_comp.o
 .debug_aranges
                0x00000268       0x90 ./Drivers/STM32F3xx_HAL_Driver/stm32f3xx_hal_cortex.o
 .debug_aranges
                0x000002f8       0xa8 ./Drivers/STM32F3xx_HAL_Driver/stm32f3xx_hal_dac.o
 .debug_aranges
                0x000003a0       0x60 ./Drivers/STM32F3xx_HAL_Driver/stm32f3xx_hal_dma.o
 .debug_aranges
                0x00000400       0x58 ./Drivers/STM32F3xx_HAL_Driver/stm32f3xx_hal_gpio.o
 .debug_aranges
                0x00000458       0x88 ./Drivers/STM32F3xx_HAL_Driver/stm32f3xx_hal_rcc.o
 .debug_aranges
                0x000004e0       0x40 ./Drivers/STM32F3xx_HAL_Driver/stm32f3xx_hal_rcc_ex.o
 .debug_aranges
                0x00000520       0x28 ./Drivers/CMSIS/system_stm32f3xx.o
 .debug_aranges
                0x00000548       0x28 ./Application/User/main.o
 .debug_aranges
                0x00000570       0x50 ./Application/User/stm32f3xx_hal_msp.o
 .debug_aranges
                0x000005c0       0x28 ./Application/User/stm32f3xx_it.o
 .debug_aranges
                0x000005e8       0x28 ./Application/SW4STM32/startup_stm32f334x8.o

.debug_ranges   0x00000000      0x658
 .debug_ranges  0x00000000       0xa0 ./Drivers/STM32F3xx_HAL_Driver/stm32f3xx_hal.o
 .debug_ranges  0x000000a0      0x128 ./Drivers/STM32F3xx_HAL_Driver/stm32f3xx_hal_adc_ex.o
 .debug_ranges  0x000001c8       0x70 ./Drivers/STM32F3xx_HAL_Driver/stm32f3xx_hal_comp.o
 .debug_ranges  0x00000238      0x118 ./Drivers/STM32F3xx_HAL_Driver/stm32f3xx_hal_cortex.o
 .debug_ranges  0x00000350       0x98 ./Drivers/STM32F3xx_HAL_Driver/stm32f3xx_hal_dac.o
 .debug_ranges  0x000003e8       0x50 ./Drivers/STM32F3xx_HAL_Driver/stm32f3xx_hal_dma.o
 .debug_ranges  0x00000438       0x48 ./Drivers/STM32F3xx_HAL_Driver/stm32f3xx_hal_gpio.o
 .debug_ranges  0x00000480       0x78 ./Drivers/STM32F3xx_HAL_Driver/stm32f3xx_hal_rcc.o
 .debug_ranges  0x000004f8       0x30 ./Drivers/STM32F3xx_HAL_Driver/stm32f3xx_hal_rcc_ex.o
 .debug_ranges  0x00000528       0x18 ./Drivers/CMSIS/system_stm32f3xx.o
 .debug_ranges  0x00000540       0xa0 ./Application/User/main.o
 .debug_ranges  0x000005e0       0x40 ./Application/User/stm32f3xx_hal_msp.o
 .debug_ranges  0x00000620       0x18 ./Application/User/stm32f3xx_it.o
 .debug_ranges  0x00000638       0x20 ./Application/SW4STM32/startup_stm32f334x8.o

.debug_macro    0x00000000     0xe266
 .debug_macro   0x00000000      0x1af ./Drivers/STM32F3xx_HAL_Driver/stm32f3xx_hal.o
 .debug_macro   0x000001af      0x886 ./Drivers/STM32F3xx_HAL_Driver/stm32f3xx_hal.o
 .debug_macro   0x00000a35       0x9d ./Drivers/STM32F3xx_HAL_Driver/stm32f3xx_hal.o
 .debug_macro   0x00000ad2       0x28 ./Drivers/STM32F3xx_HAL_Driver/stm32f3xx_hal.o
 .debug_macro   0x00000afa       0x28 ./Drivers/STM32F3xx_HAL_Driver/stm32f3xx_hal.o
 .debug_macro   0x00000b22       0x3b ./Drivers/STM32F3xx_HAL_Driver/stm32f3xx_hal.o
 .debug_macro   0x00000b5d       0x22 ./Drivers/STM32F3xx_HAL_Driver/stm32f3xx_hal.o
 .debug_macro   0x00000b7f       0x44 ./Drivers/STM32F3xx_HAL_Driver/stm32f3xx_hal.o
 .debug_macro   0x00000bc3       0x1c ./Drivers/STM32F3xx_HAL_Driver/stm32f3xx_hal.o
 .debug_macro   0x00000bdf      0x1f7 ./Drivers/STM32F3xx_HAL_Driver/stm32f3xx_hal.o
 .debug_macro   0x00000dd6       0x2d ./Drivers/STM32F3xx_HAL_Driver/stm32f3xx_hal.o
 .debug_macro   0x00000e03       0x42 ./Drivers/STM32F3xx_HAL_Driver/stm32f3xx_hal.o
 .debug_macro   0x00000e45      0xc13 ./Drivers/STM32F3xx_HAL_Driver/stm32f3xx_hal.o
 .debug_macro   0x00001a58     0x90b1 ./Drivers/STM32F3xx_HAL_Driver/stm32f3xx_hal.o
 .debug_macro   0x0000ab09       0x43 ./Drivers/STM32F3xx_HAL_Driver/stm32f3xx_hal.o
 .debug_macro   0x0000ab4c       0x48 ./Drivers/STM32F3xx_HAL_Driver/stm32f3xx_hal.o
 .debug_macro   0x0000ab94      0x747 ./Drivers/STM32F3xx_HAL_Driver/stm32f3xx_hal.o
 .debug_macro   0x0000b2db      0x352 ./Drivers/STM32F3xx_HAL_Driver/stm32f3xx_hal.o
 .debug_macro   0x0000b62d      0x138 ./Drivers/STM32F3xx_HAL_Driver/stm32f3xx_hal.o
 .debug_macro   0x0000b765      0x129 ./Drivers/STM32F3xx_HAL_Driver/stm32f3xx_hal.o
 .debug_macro   0x0000b88e      0x1df ./Drivers/STM32F3xx_HAL_Driver/stm32f3xx_hal.o
 .debug_macro   0x0000ba6d       0x2d ./Drivers/STM32F3xx_HAL_Driver/stm32f3xx_hal.o
 .debug_macro   0x0000ba9a       0x52 ./Drivers/STM32F3xx_HAL_Driver/stm32f3xx_hal.o
 .debug_macro   0x0000baec      0x8d8 ./Drivers/STM32F3xx_HAL_Driver/stm32f3xx_hal.o
 .debug_macro   0x0000c3c4       0x6c ./Drivers/STM32F3xx_HAL_Driver/stm32f3xx_hal.o
 .debug_macro   0x0000c430      0x210 ./Drivers/STM32F3xx_HAL_Driver/stm32f3xx_hal.o
 .debug_macro   0x0000c640      0x1aa ./Drivers/STM32F3xx_HAL_Driver/stm32f3xx_hal.o
 .debug_macro   0x0000c7ea       0x88 ./Drivers/STM32F3xx_HAL_Driver/stm32f3xx_hal.o
 .debug_macro   0x0000c872      0x1ca ./Drivers/STM32F3xx_HAL_Driver/stm32f3xx_hal.o
 .debug_macro   0x0000ca3c       0xa9 ./Drivers/STM32F3xx_HAL_Driver/stm32f3xx_hal.o
 .debug_macro   0x0000cae5       0xda ./Drivers/STM32F3xx_HAL_Driver/stm32f3xx_hal.o
 .debug_macro   0x0000cbbf       0xbe ./Drivers/STM32F3xx_HAL_Driver/stm32f3xx_hal.o
 .debug_macro   0x0000cc7d      0x28d ./Drivers/STM32F3xx_HAL_Driver/stm32f3xx_hal.o
 .debug_macro   0x0000cf0a      0x1bd ./Drivers/STM32F3xx_HAL_Driver/stm32f3xx_hal_adc_ex.o
 .debug_macro   0x0000d0c7      0x18c ./Drivers/STM32F3xx_HAL_Driver/stm32f3xx_hal_comp.o
 .debug_macro   0x0000d253      0x18b ./Drivers/STM32F3xx_HAL_Driver/stm32f3xx_hal_cortex.o
 .debug_macro   0x0000d3de      0x18c ./Drivers/STM32F3xx_HAL_Driver/stm32f3xx_hal_dac.o
 .debug_macro   0x0000d56a      0x191 ./Drivers/STM32F3xx_HAL_Driver/stm32f3xx_hal_dma.o
 .debug_macro   0x0000d6fb      0x1cb ./Drivers/STM32F3xx_HAL_Driver/stm32f3xx_hal_gpio.o
 .debug_macro   0x0000d8c6      0x1bb ./Drivers/STM32F3xx_HAL_Driver/stm32f3xx_hal_rcc.o
 .debug_macro   0x0000da81      0x1a9 ./Drivers/STM32F3xx_HAL_Driver/stm32f3xx_hal_rcc_ex.o
 .debug_macro   0x0000dc2a      0x191 ./Drivers/CMSIS/system_stm32f3xx.o
 .debug_macro   0x0000ddbb      0x18b ./Application/User/main.o
 .debug_macro   0x0000df46      0x18b ./Application/User/stm32f3xx_hal_msp.o
 .debug_macro   0x0000e0d1      0x195 ./Application/User/stm32f3xx_it.o

.debug_line     0x00000000     0x6ae6
 .debug_line    0x00000000      0x701 ./Drivers/STM32F3xx_HAL_Driver/stm32f3xx_hal.o
 .debug_line    0x00000701     0x1004 ./Drivers/STM32F3xx_HAL_Driver/stm32f3xx_hal_adc_ex.o
 .debug_line    0x00001705      0x78d ./Drivers/STM32F3xx_HAL_Driver/stm32f3xx_hal_comp.o
 .debug_line    0x00001e92      0x769 ./Drivers/STM32F3xx_HAL_Driver/stm32f3xx_hal_cortex.o
 .debug_line    0x000025fb      0x745 ./Drivers/STM32F3xx_HAL_Driver/stm32f3xx_hal_dac.o
 .debug_line    0x00002d40      0x9e2 ./Drivers/STM32F3xx_HAL_Driver/stm32f3xx_hal_dma.o
 .debug_line    0x00003722      0x71f ./Drivers/STM32F3xx_HAL_Driver/stm32f3xx_hal_gpio.o
 .debug_line    0x00003e41      0x88f ./Drivers/STM32F3xx_HAL_Driver/stm32f3xx_hal_rcc.o
 .debug_line    0x000046d0      0xad9 ./Drivers/STM32F3xx_HAL_Driver/stm32f3xx_hal_rcc_ex.o
 .debug_line    0x000051a9      0x602 ./Drivers/CMSIS/system_stm32f3xx.o
 .debug_line    0x000057ab      0x638 ./Application/User/main.o
 .debug_line    0x00005de3      0x668 ./Application/User/stm32f3xx_hal_msp.o
 .debug_line    0x0000644b      0x5ba ./Application/User/stm32f3xx_it.o
 .debug_line    0x00006a05       0xe1 ./Application/SW4STM32/startup_stm32f334x8.o

.debug_str      0x00000000    0x5809c
 .debug_str     0x00000000    0x55b33 ./Drivers/STM32F3xx_HAL_Driver/stm32f3xx_hal.o
                              0x55d24 (size before relaxing)
 .debug_str     0x00055b33      0xe09 ./Drivers/STM32F3xx_HAL_Driver/stm32f3xx_hal_adc_ex.o
                              0x56491 (size before relaxing)
 .debug_str     0x0005693c      0x2b7 ./Drivers/STM32F3xx_HAL_Driver/stm32f3xx_hal_comp.o
                              0x55915 (size before relaxing)
 .debug_str     0x00056bf3      0x2d2 ./Drivers/STM32F3xx_HAL_Driver/stm32f3xx_hal_cortex.o
                              0x55d2e (size before relaxing)
 .debug_str     0x00056ec5      0x346 ./Drivers/STM32F3xx_HAL_Driver/stm32f3xx_hal_dac.o
                              0x55acf (size before relaxing)
 .debug_str     0x0005720b      0x188 ./Drivers/STM32F3xx_HAL_Driver/stm32f3xx_hal_dma.o
                              0x5592a (size before relaxing)
 .debug_str     0x00057393      0x4c7 ./Drivers/STM32F3xx_HAL_Driver/stm32f3xx_hal_gpio.o
                              0x55b78 (size before relaxing)
 .debug_str     0x0005785a      0x3ec ./Drivers/STM32F3xx_HAL_Driver/stm32f3xx_hal_rcc.o
                              0x55af0 (size before relaxing)
 .debug_str     0x00057c46      0x1da ./Drivers/STM32F3xx_HAL_Driver/stm32f3xx_hal_rcc_ex.o
                              0x559b7 (size before relaxing)
 .debug_str     0x00057e20       0xd0 ./Drivers/CMSIS/system_stm32f3xx.o
                              0x5570e (size before relaxing)
 .debug_str     0x00057ef0       0xda ./Application/User/main.o
                              0x5659a (size before relaxing)
 .debug_str     0x00057fca       0x4e ./Application/User/stm32f3xx_hal_msp.o
                              0x5627b (size before relaxing)
 .debug_str     0x00058018       0x84 ./Application/User/stm32f3xx_it.o
                              0x557e6 (size before relaxing)

.comment        0x00000000       0x70
 .comment       0x00000000       0x70 ./Drivers/STM32F3xx_HAL_Driver/stm32f3xx_hal.o
                                 0x71 (size before relaxing)
 .comment       0x00000000       0x71 ./Drivers/STM32F3xx_HAL_Driver/stm32f3xx_hal_adc_ex.o
 .comment       0x00000000       0x71 ./Drivers/STM32F3xx_HAL_Driver/stm32f3xx_hal_comp.o
 .comment       0x00000000       0x71 ./Drivers/STM32F3xx_HAL_Driver/stm32f3xx_hal_cortex.o
 .comment       0x00000000       0x71 ./Drivers/STM32F3xx_HAL_Driver/stm32f3xx_hal_dac.o
 .comment       0x00000000       0x71 ./Drivers/STM32F3xx_HAL_Driver/stm32f3xx_hal_dma.o
 .comment       0x00000000       0x71 ./Drivers/STM32F3xx_HAL_Driver/stm32f3xx_hal_gpio.o
 .comment       0x00000000       0x71 ./Drivers/STM32F3xx_HAL_Driver/stm32f3xx_hal_rcc.o
 .comment       0x00000000       0x71 ./Drivers/STM32F3xx_HAL_Driver/stm32f3xx_hal_rcc_ex.o
 .comment       0x00000000       0x71 ./Drivers/CMSIS/system_stm32f3xx.o
 .comment       0x00000000       0x71 ./Application/User/main.o
 .comment       0x00000000       0x71 ./Application/User/stm32f3xx_hal_msp.o
 .comment       0x00000000       0x71 ./Application/User/stm32f3xx_it.o

.debug_frame    0x00000000      0xdf0
 .debug_frame   0x00000000      0x164 ./Drivers/STM32F3xx_HAL_Driver/stm32f3xx_hal.o
 .debug_frame   0x00000164      0x3c8 ./Drivers/STM32F3xx_HAL_Driver/stm32f3xx_hal_adc_ex.o
 .debug_frame   0x0000052c      0x11c ./Drivers/STM32F3xx_HAL_Driver/stm32f3xx_hal_comp.o
 .debug_frame   0x00000648      0x124 ./Drivers/STM32F3xx_HAL_Driver/stm32f3xx_hal_cortex.o
 .debug_frame   0x0000076c      0x15c ./Drivers/STM32F3xx_HAL_Driver/stm32f3xx_hal_dac.o
 .debug_frame   0x000008c8      0x100 ./Drivers/STM32F3xx_HAL_Driver/stm32f3xx_hal_dma.o
 .debug_frame   0x000009c8       0xc0 ./Drivers/STM32F3xx_HAL_Driver/stm32f3xx_hal_gpio.o
 .debug_frame   0x00000a88      0x134 ./Drivers/STM32F3xx_HAL_Driver/stm32f3xx_hal_rcc.o
 .debug_frame   0x00000bbc       0x84 ./Drivers/STM32F3xx_HAL_Driver/stm32f3xx_hal_rcc_ex.o
 .debug_frame   0x00000c40       0x38 ./Drivers/CMSIS/system_stm32f3xx.o
 .debug_frame   0x00000c78       0x48 ./Application/User/main.o
 .debug_frame   0x00000cc0       0xc8 ./Application/User/stm32f3xx_hal_msp.o
 .debug_frame   0x00000d88       0x3c ./Application/User/stm32f3xx_it.o
 .debug_frame   0x00000dc4       0x2c e:/eclipse/plugins/fr.ac6.mcu.externaltools.arm-none.win32_1.3.0.201507241045/tools/compiler/bin/../lib/gcc/arm-none-eabi/4.9.3/../../../../arm-none-eabi/lib/armv7e-m/fpu\libc_nano.a(lib_a-init.o)
